Archive member included because of file (symbol)

C:\Users\Brandon\Desktop\robot\SoftConsole\robot_mss_MSS_CM3_0\robot_mss_MSS_CM3_0_hw_platform\Debug\librobot_mss_MSS_CM3_0_hw_platform.a(mss_uart.o)
                              ./xbee/xbee.o (g_mss_uart1)
C:\Users\Brandon\Desktop\robot\SoftConsole\robot_mss_MSS_CM3_0\robot_mss_MSS_CM3_0_hw_platform\Debug\librobot_mss_MSS_CM3_0_hw_platform.a(mss_i2c.o)
                              ./rgb_sensor/rgb_sensor.o (g_mss_i2c1)
C:\Users\Brandon\Desktop\robot\SoftConsole\robot_mss_MSS_CM3_0\robot_mss_MSS_CM3_0_hw_platform\Debug\librobot_mss_MSS_CM3_0_hw_platform.a(mss_gpio.o)
                              ./sfled/sfled.o (MSS_GPIO_init)
C:\Users\Brandon\Desktop\robot\SoftConsole\robot_mss_MSS_CM3_0\robot_mss_MSS_CM3_0_hw_platform\Debug\librobot_mss_MSS_CM3_0_hw_platform.a(mss_ace.o)
                              ./ps/ps.o (ACE_init)
C:\Users\Brandon\Desktop\robot\SoftConsole\robot_mss_MSS_CM3_0\robot_mss_MSS_CM3_0_hw_platform\Debug\librobot_mss_MSS_CM3_0_hw_platform.a(core_cm3.o)
                              C:\Users\Brandon\Desktop\robot\SoftConsole\robot_mss_MSS_CM3_0\robot_mss_MSS_CM3_0_hw_platform\Debug\librobot_mss_MSS_CM3_0_hw_platform.a(mss_i2c.o) (__get_PRIMASK)
C:\Users\Brandon\Desktop\robot\SoftConsole\robot_mss_MSS_CM3_0\robot_mss_MSS_CM3_0_hw_platform\Debug\librobot_mss_MSS_CM3_0_hw_platform.a(system_a2fxxxm3.o)
                              C:\Users\Brandon\Desktop\robot\SoftConsole\robot_mss_MSS_CM3_0\robot_mss_MSS_CM3_0_hw_platform\Debug\librobot_mss_MSS_CM3_0_hw_platform.a(mss_uart.o) (g_FrequencyPCLK0)
C:\Users\Brandon\Desktop\robot\SoftConsole\robot_mss_MSS_CM3_0\robot_mss_MSS_CM3_0_hw_platform\Debug\librobot_mss_MSS_CM3_0_hw_platform.a(ace_config.o)
                              C:\Users\Brandon\Desktop\robot\SoftConsole\robot_mss_MSS_CM3_0\robot_mss_MSS_CM3_0_hw_platform\Debug\librobot_mss_MSS_CM3_0_hw_platform.a(mss_ace.o) (g_ace_channel_desc_table)
C:\Users\Brandon\Desktop\robot\SoftConsole\robot_mss_MSS_CM3_0\robot_mss_MSS_CM3_0_hw_platform\Debug\librobot_mss_MSS_CM3_0_hw_platform.a(ace_convert.o)
                              C:\Users\Brandon\Desktop\robot\SoftConsole\robot_mss_MSS_CM3_0\robot_mss_MSS_CM3_0_hw_platform\Debug\librobot_mss_MSS_CM3_0_hw_platform.a(mss_ace.o) (ace_init_convert)
C:\Users\Brandon\Desktop\robot\SoftConsole\robot_mss_MSS_CM3_0\robot_mss_MSS_CM3_0_hw_platform\Debug\librobot_mss_MSS_CM3_0_hw_platform.a(ace_flags.o)
                              C:\Users\Brandon\Desktop\robot\SoftConsole\robot_mss_MSS_CM3_0\robot_mss_MSS_CM3_0_hw_platform\Debug\librobot_mss_MSS_CM3_0_hw_platform.a(mss_ace.o) (ace_init_flags)
c:/program files (x86)/microsemi/softconsole v3.3/sourcery-g++/bin/../lib/gcc/arm-none-eabi/4.4.1/thumb2\libgcc.a(_arm_addsubdf3.o)
                              ./rgb_sensor/rgb_util.o (__aeabi_dsub)
c:/program files (x86)/microsemi/softconsole v3.3/sourcery-g++/bin/../lib/gcc/arm-none-eabi/4.4.1/thumb2\libgcc.a(_arm_muldivdf3.o)
                              ./sleep/sleep.o (__aeabi_dmul)
c:/program files (x86)/microsemi/softconsole v3.3/sourcery-g++/bin/../lib/gcc/arm-none-eabi/4.4.1/thumb2\libgcc.a(_arm_cmpdf2.o)
                              ./rgb_sensor/rgb_util.o (__aeabi_dcmpeq)
c:/program files (x86)/microsemi/softconsole v3.3/sourcery-g++/bin/../lib/gcc/arm-none-eabi/4.4.1/thumb2\libgcc.a(_arm_fixunsdfsi.o)
                              ./sleep/sleep.o (__aeabi_d2uiz)
c:/program files (x86)/microsemi/softconsole v3.3/sourcery-g++/bin/../lib/gcc/arm-none-eabi/4.4.1/../../../../arm-none-eabi/lib/thumb2\libc.a(lib_a-errno.o)
                              C:/Users/Brandon/Desktop/robot/SoftConsole/robot_mss_MSS_CM3_0/robot_mss_MSS_CM3_0_hw_platform/Debug/CMSIS/startup_gcc/newlib_stubs.o (__errno)
c:/program files (x86)/microsemi/softconsole v3.3/sourcery-g++/bin/../lib/gcc/arm-none-eabi/4.4.1/../../../../arm-none-eabi/lib/thumb2\libc.a(lib_a-impure.o)
                              c:/program files (x86)/microsemi/softconsole v3.3/sourcery-g++/bin/../lib/gcc/arm-none-eabi/4.4.1/../../../../arm-none-eabi/lib/thumb2\libc.a(lib_a-errno.o) (_impure_ptr)
c:/program files (x86)/microsemi/softconsole v3.3/sourcery-g++/bin/../lib/gcc/arm-none-eabi/4.4.1/../../../../arm-none-eabi/lib/thumb2\libc.a(lib_a-init.o)
                              C:/Users/Brandon/Desktop/robot/SoftConsole/robot_mss_MSS_CM3_0/robot_mss_MSS_CM3_0_hw_platform/Debug/CMSIS/startup_gcc/startup_a2fxxxm3.o (__libc_init_array)
c:/program files (x86)/microsemi/softconsole v3.3/sourcery-g++/bin/../lib/gcc/arm-none-eabi/4.4.1/../../../../arm-none-eabi/lib/thumb2\libc.a(lib_a-malloc.o)
                              ./ps/ps.o (free)
c:/program files (x86)/microsemi/softconsole v3.3/sourcery-g++/bin/../lib/gcc/arm-none-eabi/4.4.1/../../../../arm-none-eabi/lib/thumb2\libc.a(lib_a-mallocr.o)
[...]
Memory Configuration

Name             Origin             Length             Attributes
rom              0x60000000         0x00040000         xr
romMirror        0x00000000         0x00040000         xr
ram              0x20000000         0x00010000         xrw
*default*        0x00000000         0xffffffff

Linker script and memory map

LOAD c:/program files (x86)/microsemi/softconsole v3.3/sourcery-g++/bin/../lib/gcc/arm-none-eabi/4.4.1/thumb2/crti.o
LOAD c:/program files (x86)/microsemi/softconsole v3.3/sourcery-g++/bin/../lib/gcc/arm-none-eabi/4.4.1/thumb2/crtbegin.o
LOAD ./main.o
LOAD ./xbee/xbee.o
LOAD ./sleep/sleep.o
LOAD ./sfled/sfled.o
LOAD ./robot/robot.o
LOAD ./rgb_sensor/rgb_sensor.o
LOAD ./rgb_sensor/rgb_util.o
LOAD ./pwm/pwm.o
LOAD ./ps/ps.o
LOAD ./motor/motor.o
LOAD ./hbridge/hbridge.o
LOAD ./encoder/encoder.o
LOAD ./clk/clk.o
LOAD C:/Users/Brandon/Desktop/robot/SoftConsole/robot_mss_MSS_CM3_0/robot_mss_MSS_CM3_0_hw_platform/Debug/CMSIS/startup_gcc/startup_a2fxxxm3.o
LOAD C:/Users/Brandon/Desktop/robot/SoftConsole/robot_mss_MSS_CM3_0/robot_mss_MSS_CM3_0_hw_platform/Debug/CMSIS/startup_gcc/newlib_stubs.o
LOAD C:\Users\Brandon\Desktop\robot\SoftConsole\robot_mss_MSS_CM3_0\robot_mss_MSS_CM3_0_hw_platform\Debug\librobot_mss_MSS_CM3_0_hw_platform.a
START GROUP
LOAD c:/program files (x86)/microsemi/softconsole v3.3/sourcery-g++/bin/../lib/gcc/arm-none-eabi/4.4.1/thumb2\libgcc.a
LOAD c:/program files (x86)/microsemi/softconsole v3.3/sourcery-g++/bin/../lib/gcc/arm-none-eabi/4.4.1/../../../../arm-none-eabi/lib/thumb2\libc.a
END GROUP
LOAD c:/program files (x86)/microsemi/softconsole v3.3/sourcery-g++/bin/../lib/gcc/arm-none-eabi/4.4.1/thumb2/crtend.o
LOAD c:/program files (x86)/microsemi/softconsole v3.3/sourcery-g++/bin/../lib/gcc/arm-none-eabi/4.4.1/thumb2/crtn.o
START GROUP
LOAD c:/program files (x86)/microsemi/softconsole v3.3/sourcery-g++/bin/../lib/gcc/arm-none-eabi/4.4.1/../../../../arm-none-eabi/lib/thumb2\libc.a
LOAD c:/program files (x86)/microsemi/softconsole v3.3/sourcery-g++/bin/../lib/gcc/arm-none-eabi/4.4.1/thumb2\libgcc.a
LOAD c:/program files (x86)/microsemi/softconsole v3.3/sourcery-g++/bin/../lib/gcc/arm-none-eabi/4.4.1/../../../../arm-none-eabi/lib/thumb2\libm.a
END GROUP
                0x00000000                __DYNAMIC = 0x0
                0x20000000                RAM_START_ADDRESS = 0x20000000
                0x00010000                RAM_SIZE = 0x10000
                0x00002000                MAIN_STACK_SIZE = 0x2000
                0x00001000                PROCESS_STACK_SIZE = 0x1000
                0x20010000                PROVIDE (__main_stack_start, (RAM_START_ADDRESS + RAM_SIZE))
                0x2000e000                PROVIDE (__process_stack_start, (__main_stack_start - MAIN_STACK_SIZE))
                0x20010000                PROVIDE (_estack, __main_stack_start)
                0x00000001                PROVIDE (__mirrored_nvm, 0x1)

.init           0x00000000      0x470 load address 0x60000000
                0x00000000                __vector_table_vma_base_address = .
 *(.isr_vector)
 .isr_vector    0x00000000      0x470 C:/Users/Brandon/Desktop/robot/SoftConsole/robot_mss_MSS_CM3_0/robot_mss_MSS_CM3_0_hw_platform/Debug/CMSIS/startup_gcc/startup_a2fxxxm3.o
                0x00000000                g_pfnVectors
                0x00000298                Reset_Handler
                0x00000308                NMI_Handler
                0x0000030a                HardFault_Handler
                0x0000030c                MemManage_Handler
                0x0000030e                BusFault_Handler
                0x00000310                UsageFault_Handler
                0x00000312                SVC_Handler
                0x00000314                DebugMon_Handler
                0x00000316                PendSV_Handler
                0x00000318                SysTick_Handler
                0x0000031a                WdogWakeup_IRQHandler
                0x0000031c                BrownOut_1_5V_IRQHandler
                0x0000031e                BrownOut_3_3V_IRQHandler
                0x00000320                RTC_Match_IRQHandler
                0x00000322                RTCIF_Pub_IRQHandler
                0x00000324                EthernetMAC_IRQHandler
                0x00000326                IAP_IRQHandler
                0x00000328                ENVM0_IRQHandler
                0x0000032a                ENVM1_IRQHandler
                0x0000032c                DMA_IRQHandler
                0x00000332                SPI0_IRQHandler
                0x00000334                SPI1_IRQHandler
                0x00000338                I2C0_SMBAlert_IRQHandler
                0x0000033a                I2C0_SMBus_IRQHandler
                0x0000033e                I2C1_SMBAlert_IRQHandler
                0x00000340                I2C1_SMBus_IRQHandler
                0x00000346                PLL_Lock_IRQHandler
                0x00000348                PLL_LockLost_IRQHandler
                0x0000034a                CommError_IRQHandler
                0x0000034c                Fabric_IRQHandler
                0x0000034e                GPIO0_IRQHandler
                0x00000350                GPIO1_IRQHandler
                0x00000352                GPIO2_IRQHandler
                0x00000354                GPIO3_IRQHandler
                0x00000356                GPIO4_IRQHandler
                0x00000358                GPIO5_IRQHandler
                0x0000035a                GPIO6_IRQHandler
                0x0000035c                GPIO7_IRQHandler
                0x0000035e                GPIO8_IRQHandler
                0x00000360                GPIO9_IRQHandler
                0x00000362                GPIO10_IRQHandler
                0x00000364                GPIO11_IRQHandler
                0x00000366                GPIO12_IRQHandler
                0x00000368                GPIO13_IRQHandler
                0x0000036a                GPIO14_IRQHandler
                0x0000036c                GPIO15_IRQHandler
                0x0000036e                GPIO16_IRQHandler
                0x00000370                GPIO17_IRQHandler
                0x00000372                GPIO18_IRQHandler
                0x00000374                GPIO19_IRQHandler
                0x00000376                GPIO20_IRQHandler
                0x00000378                GPIO21_IRQHandler
                0x0000037a                GPIO22_IRQHandler
                0x0000037c                GPIO23_IRQHandler
                0x0000037e                GPIO24_IRQHandler
                0x00000380                GPIO25_IRQHandler
                0x00000382                GPIO26_IRQHandler
                0x00000384                GPIO27_IRQHandler
                0x00000386                GPIO28_IRQHandler
                0x00000388                GPIO29_IRQHandler
                0x0000038a                GPIO30_IRQHandler
                0x0000038c                GPIO31_IRQHandler
                0x0000038e                ACE_PC0_Flag0_IRQHandler
                0x00000390                ACE_PC0_Flag1_IRQHandler
                0x00000392                ACE_PC0_Flag2_IRQHandler
                0x00000394                ACE_PC0_Flag3_IRQHandler
                0x00000396                ACE_PC1_Flag0_IRQHandler
                0x00000398                ACE_PC1_Flag1_IRQHandler
                0x0000039a                ACE_PC1_Flag2_IRQHandler
                0x0000039c                ACE_PC1_Flag3_IRQHandler
                0x0000039e                ACE_PC2_Flag0_IRQHandler
                0x000003a0                ACE_PC2_Flag1_IRQHandler
                0x000003a2                ACE_PC2_Flag2_IRQHandler
                0x000003a4                ACE_PC2_Flag3_IRQHandler
                0x000003a6                ACE_ADC0_DataValid_IRQHandler
                0x000003a8                ACE_ADC1_DataValid_IRQHandler
                0x000003aa                ACE_ADC2_DataValid_IRQHandler
                0x000003ac                ACE_ADC0_CalDone_IRQHandler
                0x000003ae                ACE_ADC1_CalDone_IRQHandler
                0x000003b0                ACE_ADC2_CalDone_IRQHandler
                0x000003b2                ACE_ADC0_CalStart_IRQHandler
                0x000003b4                ACE_ADC1_CalStart_IRQHandler
                0x000003b6                ACE_ADC2_CalStart_IRQHandler
                0x000003b8                ACE_Comp0_Fall_IRQHandler
                0x000003ba                ACE_Comp1_Fall_IRQHandler
                0x000003bc                ACE_Comp2_Fall_IRQHandler
                0x000003be                ACE_Comp3_Fall_IRQHandler
                0x000003c0                ACE_Comp4_Fall_IRQHandler
                0x000003c2                ACE_Comp5_Fall_IRQHandler
                0x000003c4                ACE_Comp6_Fall_IRQHandler
                0x000003c6                ACE_Comp7_Fall_IRQHandler
                0x000003c8                ACE_Comp8_Fall_IRQHandler
                0x000003ca                ACE_Comp9_Fall_IRQHandler
                0x000003cc                ACE_Comp10_Fall_IRQHandler
                0x000003ce                ACE_Comp11_Fall_IRQHandler
                0x000003d0                ACE_Comp0_Rise_IRQHandler
                0x000003d2                ACE_Comp1_Rise_IRQHandler
                0x000003d4                ACE_Comp2_Rise_IRQHandler
                0x000003d6                ACE_Comp3_Rise_IRQHandler
                0x000003d8                ACE_Comp4_Rise_IRQHandler
                0x000003da                ACE_Comp5_Rise_IRQHandler
                0x000003dc                ACE_Comp6_Rise_IRQHandler
                0x000003de                ACE_Comp7_Rise_IRQHandler
                0x000003e0                ACE_Comp8_Rise_IRQHandler
                0x000003e2                ACE_Comp9_Rise_IRQHandler
                0x000003e4                ACE_Comp10_Rise_IRQHandler
                0x000003e6                ACE_Comp11_Rise_IRQHandler
                0x000003e8                ACE_ADC0_FifoFull_IRQHandler
                0x000003ea                ACE_ADC0_FifoAFull_IRQHandler
                0x000003ec                ACE_ADC0_FifoEmpty_IRQHandler
                0x000003ee                ACE_ADC1_FifoFull_IRQHandler
                0x000003f0                ACE_ADC1_FifoAFull_IRQHandler
                0x000003f2                ACE_ADC1_FifoEmpty_IRQHandler
                0x000003f4                ACE_ADC2_FifoFull_IRQHandler
                0x000003f6                ACE_ADC2_FifoAFull_IRQHandler
                0x000003f8                ACE_ADC2_FifoEmpty_IRQHandler
                0x00000470                . = ALIGN (0x4)

.text           0x00000470     0x5a00 load address 0x60000470
 CREATE_OBJECT_SYMBOLS
                0x60000470                __text_load = LOADADDR (.text)
                0x00000470                __text_start = .
 *(.text .text.* .gnu.linkonce.t.*)
 .text          0x00000470       0x30 c:/program files (x86)/microsemi/softconsole v3.3/sourcery-g++/bin/../lib/gcc/arm-none-eabi/4.4.1/thumb2/crtbegin.o
 .text.main     0x000004a0       0x44 ./main.o
                0x000004a0                main
 .text.reset_curr_packet
                0x000004e4       0x1c ./xbee/xbee.o
                0x000004e4                reset_curr_packet
 .text.handle_recv_data
                0x00000500       0x60 ./xbee/xbee.o
                0x00000500                handle_recv_data
 .text.extract_data
                0x00000560       0x48 ./xbee/xbee.o
                0x00000560                extract_data
 .text.data_rcv_irq
                0x000005a8       0x74 ./xbee/xbee.o
                0x000005a8                data_rcv_irq
 .text.send_data
                0x0000061c       0x24 ./xbee/xbee.o
                0x0000061c                send_data
 .text.XInit    0x00000640       0x7c ./xbee/xbee.o
                0x00000640                XInit
 .text.XSend    0x000006bc       0x44 ./xbee/xbee.o
                0x000006bc                XSend
 .text.NVIC_EnableIRQ
                0x00000700       0x38 ./sleep/sleep.o
 .text.NVIC_DisableIRQ
                0x00000738       0x3c ./sleep/sleep.o
 .text.NVIC_ClearPendingIRQ
                0x00000774       0x3c ./sleep/sleep.o
 .text.MSS_TIM1_init
                0x000007b0       0x84 ./sleep/sleep.o
 .text.MSS_TIM1_start
                0x00000834       0x1c ./sleep/sleep.o
 .text.MSS_TIM1_load_immediate
                0x00000850       0x20 ./sleep/sleep.o
 .text.MSS_TIM1_enable_irq
                0x00000870       0x20 ./sleep/sleep.o
 .text.MSS_TIM1_disable_irq
                0x00000890       0x20 ./sleep/sleep.o
 .text.MSS_TIM2_init
                0x000008b0       0x84 ./sleep/sleep.o
 .text.MSS_TIM2_start
                0x00000934       0x1c ./sleep/sleep.o
 .text.MSS_TIM2_get_current_value
                0x00000950       0x18 ./sleep/sleep.o
 .text.MSS_TIM2_load_immediate
                0x00000968       0x20 ./sleep/sleep.o
 .text.MSS_TIM2_enable_irq
                0x00000988       0x20 ./sleep/sleep.o
 .text.MSS_TIM2_disable_irq
                0x000009a8       0x20 ./sleep/sleep.o
 .text.usecs_to_cycles
                0x000009c8       0x60 ./sleep/sleep.o
                0x000009c8                usecs_to_cycles
 .text.nsecs_to_cycles
                0x00000a28       0x60 ./sleep/sleep.o
                0x00000a28                nsecs_to_cycles
 .text.timer_done
                0x00000a88       0x18 ./sleep/sleep.o
                0x00000a88                timer_done
 .text.timer_set
                0x00000aa0       0x48 ./sleep/sleep.o
                0x00000aa0                timer_set
 .text.usleep   0x00000ae8       0x54 ./sleep/sleep.o
                0x00000ae8                usleep
 .text.nsleep   0x00000b3c       0x54 ./sleep/sleep.o
                0x00000b3c                nsleep
 .text.Timer1_IRQHandler
                0x00000b90       0x18 ./sleep/sleep.o
                0x00000b90                Timer1_IRQHandler
 .text.Timer2_IRQHandler
                0x00000ba8       0x38 ./sleep/sleep.o
                0x00000ba8                Timer2_IRQHandler
 .text.MSS_GPIO_set_outputs
                0x00000be0       0x20 ./sfled/sfled.o
 .text.MSS_GPIO_get_outputs
                0x00000c00       0x18 ./sfled/sfled.o
 .text.sfled_init
                0x00000c18       0x30 ./sfled/sfled.o
                0x00000c18                sfled_init
 .text.sfled_on
                0x00000c48       0x20 ./sfled/sfled.o
                0x00000c48                sfled_on
 .text.sfled_toggle
                0x00000c68       0x24 ./sfled/sfled.o
                0x00000c68                sfled_toggle
 .text.sfled_off
                0x00000c8c       0x24 ./sfled/sfled.o
                0x00000c8c                sfled_off
 .text.sfled_flash
                0x00000cb0       0x50 ./sfled/sfled.o
                0x00000cb0                sfled_flash
 .text.RobotSetId
                0x00000d00       0x1c ./robot/robot.o
                0x00000d00                RobotSetId
 .text.RobotSetColor
                0x00000d1c       0x44 ./robot/robot.o
                0x00000d1c                RobotSetColor
 .text.RobotInit
                0x00000d60       0xe8 ./robot/robot.o
                0x00000d60                RobotInit
 .text.ClientInit
                0x00000e48       0x1c ./robot/robot.o
                0x00000e48                ClientInit
 .text.RobotSend
                0x00000e64       0x50 ./robot/robot.o
                0x00000e64                RobotSend
 .text.RobotReceive
                0x00000eb4       0x30 ./robot/robot.o
                0x00000eb4                RobotReceive
 .text.RobotSetDirection
                0x00000ee4      0x138 ./robot/robot.o
                0x00000ee4                RobotSetDirection
 *fill*         0x0000101c        0x4 00
 .text.RobotCalibrate
                0x00001020       0x78 ./robot/robot.o
                0x00001020                RobotCalibrate
 .text.RobotMotorUpdate
                0x00001098      0x290 ./robot/robot.o
                0x00001098                RobotMotorUpdate
 .text.RobotStop
                0x00001328       0x38 ./robot/robot.o
                0x00001328                RobotStop
 .text.RobotRun
                0x00001360       0x9c ./robot/robot.o
                0x00001360                RobotRun
 .text.config_rgb_sensor_default
                0x000013fc       0x34 ./rgb_sensor/rgb_sensor.o
                0x000013fc                config_rgb_sensor_default
 .text.config_rgb_sensor
                0x00001430       0xe0 ./rgb_sensor/rgb_sensor.o
                0x00001430                config_rgb_sensor
 .text.read_8bit_i2c
                0x00001510       0x80 ./rgb_sensor/rgb_sensor.o
                0x00001510                read_8bit_i2c
 .text.read_16bit_i2c
                0x00001590       0xc0 ./rgb_sensor/rgb_sensor.o
                0x00001590                read_16bit_i2c
 .text.write_8bit_i2c
                0x00001650       0x50 ./rgb_sensor/rgb_sensor.o
                0x00001650                write_8bit_i2c
 .text.reset_rgb_sensor
                0x000016a0       0x98 ./rgb_sensor/rgb_sensor.o
                0x000016a0                reset_rgb_sensor
 .text.read_red
                0x00001738       0x14 ./rgb_sensor/rgb_sensor.o
                0x00001738                read_red
 .text.read_green
                0x0000174c       0x14 ./rgb_sensor/rgb_sensor.o
                0x0000174c                read_green
 .text.read_blue
                0x00001760       0x14 ./rgb_sensor/rgb_sensor.o
                0x00001760                read_blue
 .text.PWM_init
                0x00001774       0x30 ./pwm/pwm.o
                0x00001774                PWM_init
 .text.PWM_set_period_cc
                0x000017a4       0x1c ./pwm/pwm.o
                0x000017a4                PWM_set_period_cc
 .text.PWM_set_pulse_width_cc
                0x000017c0       0x24 ./pwm/pwm.o
                0x000017c0                PWM_set_pulse_width_cc
 .text.PWM_get_period_cc
                0x000017e4       0x1c ./pwm/pwm.o
                0x000017e4                PWM_get_period_cc
 .text.PWM_set_period_freq
                0x00001800       0x5c ./pwm/pwm.o
                0x00001800                PWM_set_period_freq
 .text.PWM_set_duty_cycle
                0x0000185c       0x88 ./pwm/pwm.o
                0x0000185c                PWM_set_duty_cycle
 .text.PWM_set  0x000018e4       0x28 ./pwm/pwm.o
                0x000018e4                PWM_set
 .text.ps_init  0x0000190c      0x114 ./ps/ps.o
                0x0000190c                ps_init
 .text.ps_id_inbounds
                0x00001a20       0x24 ./ps/ps.o
                0x00001a20                ps_id_inbounds
 .text.ps_id_get_min
                0x00001a44       0x20 ./ps/ps.o
                0x00001a44                ps_id_get_min
 .text.ps_sample_init
                0x00001a64       0x50 ./ps/ps.o
                0x00001a64                ps_sample_init
 .text.ps_sample_destroy
                0x00001ab4       0x6c ./ps/ps.o
                0x00001ab4                ps_sample_destroy
 .text.ps_aggregate_mean
                0x00001b20      0x170 ./ps/ps.o
                0x00001b20                ps_aggregate_mean
 .text.ps_sample
                0x00001c90      0x138 ./ps/ps.o
                0x00001c90                ps_sample
 .text.ps_val_get
                0x00001dc8       0x34 ./ps/ps.o
                0x00001dc8                ps_val_get
 .text.ps_val_get_ambient
                0x00001dfc       0x18 ./ps/ps.o
                0x00001dfc                ps_val_get_ambient
 .text.ps_val_get_min
                0x00001e14       0x28 ./ps/ps.o
                0x00001e14                ps_val_get_min
 .text.ps_rank  0x00001e3c      0x1a8 ./ps/ps.o
                0x00001e3c                ps_rank
 .text.ps_rank_get
                0x00001fe4       0x24 ./ps/ps.o
                0x00001fe4                ps_rank_get
 .text.ps_calibrate
                0x00002008       0xc0 ./ps/ps.o
                0x00002008                ps_calibrate
 .text.ps_wait_min
                0x000020c8       0x58 ./ps/ps.o
                0x000020c8                ps_wait_min
 .text.motor_init
                0x00002120       0x58 ./motor/motor.o
                0x00002120                motor_init
 .text.motor_set_cmd
                0x00002178       0x34 ./motor/motor.o
                0x00002178                motor_set_cmd
 .text.motor_clamp_speed
                0x000021ac       0x88 ./motor/motor.o
                0x000021ac                motor_clamp_speed
 .text.motor_set_speed
                0x00002234       0x70 ./motor/motor.o
                0x00002234                motor_set_speed
 .text.motor_set
                0x000022a4       0x2c ./motor/motor.o
                0x000022a4                motor_set
 .text.hbridge_init
                0x000022d0       0x30 ./hbridge/hbridge.o
                0x000022d0                hbridge_init
 .text.hbridge_set_cmd
                0x00002300       0x28 ./hbridge/hbridge.o
                0x00002300                hbridge_set_cmd
 .text.hbridge_set_en
                0x00002328       0x28 ./hbridge/hbridge.o
                0x00002328                hbridge_set_en
 .text.hbridge_set
                0x00002350       0x2c ./hbridge/hbridge.o
                0x00002350                hbridge_set
 .text.clk_init
                0x0000237c       0x4c ./clk/clk.o
                0x0000237c                clk_init
 .text.clk_set_freq_hz
                0x000023c8       0x38 ./clk/clk.o
                0x000023c8                clk_set_freq_hz
 .text.clk_get_freq_hz
                0x00002400       0x38 ./clk/clk.o
                0x00002400                clk_get_freq_hz
 .text._exit    0x00002438        0xc C:/Users/Brandon/Desktop/robot/SoftConsole/robot_mss_MSS_CM3_0/robot_mss_MSS_CM3_0_hw_platform/Debug/CMSIS/startup_gcc/newlib_stubs.o
                0x00002438                _exit
 .text._write_r
                0x00002444       0x20 C:/Users/Brandon/Desktop/robot/SoftConsole/robot_mss_MSS_CM3_0/robot_mss_MSS_CM3_0_hw_platform/Debug/CMSIS/startup_gcc/newlib_stubs.o
                0x00002444                _write_r
 .text._sbrk    0x00002464       0x94 C:/Users/Brandon/Desktop/robot/SoftConsole/robot_mss_MSS_CM3_0/robot_mss_MSS_CM3_0_hw_platform/Debug/CMSIS/startup_gcc/newlib_stubs.o
                0x00002464                _sbrk
 .text.NVIC_EnableIRQ
                0x000024f8       0x38 C:\Users\Brandon\Desktop\robot\SoftConsole\robot_mss_MSS_CM3_0\robot_mss_MSS_CM3_0_hw_platform\Debug\librobot_mss_MSS_CM3_0_hw_platform.a(mss_uart.o)
 .text.NVIC_ClearPendingIRQ
                0x00002530       0x3c C:\Users\Brandon\Desktop\robot\SoftConsole\robot_mss_MSS_CM3_0\robot_mss_MSS_CM3_0_hw_platform\Debug\librobot_mss_MSS_CM3_0_hw_platform.a(mss_uart.o)
 .text.MSS_UART_init
                0x0000256c      0x204 C:\Users\Brandon\Desktop\robot\SoftConsole\robot_mss_MSS_CM3_0\robot_mss_MSS_CM3_0_hw_platform\Debug\librobot_mss_MSS_CM3_0_hw_platform.a(mss_uart.o)
                0x0000256c                MSS_UART_init
 .text.MSS_UART_polled_tx
                0x00002770       0xe4 C:\Users\Brandon\Desktop\robot\SoftConsole\robot_mss_MSS_CM3_0\robot_mss_MSS_CM3_0_hw_platform\Debug\librobot_mss_MSS_CM3_0_hw_platform.a(mss_uart.o)
                0x00002770                MSS_UART_polled_tx
 .text.MSS_UART_get_rx
                0x00002854       0xdc C:\Users\Brandon\Desktop\robot\SoftConsole\robot_mss_MSS_CM3_0\robot_mss_MSS_CM3_0_hw_platform\Debug\librobot_mss_MSS_CM3_0_hw_platform.a(mss_uart.o)
                0x00002854                MSS_UART_get_rx
 .text.MSS_UART_enable_irq
                0x00002930       0x7c C:\Users\Brandon\Desktop\robot\SoftConsole\robot_mss_MSS_CM3_0\robot_mss_MSS_CM3_0_hw_platform\Debug\librobot_mss_MSS_CM3_0_hw_platform.a(mss_uart.o)
                0x00002930                MSS_UART_enable_irq
 .text.MSS_UART_isr
                0x000029ac      0x11c C:\Users\Brandon\Desktop\robot\SoftConsole\robot_mss_MSS_CM3_0\robot_mss_MSS_CM3_0_hw_platform\Debug\librobot_mss_MSS_CM3_0_hw_platform.a(mss_uart.o)
 .text.default_tx_handler
                0x00002ac8      0x108 C:\Users\Brandon\Desktop\robot\SoftConsole\robot_mss_MSS_CM3_0\robot_mss_MSS_CM3_0_hw_platform\Debug\librobot_mss_MSS_CM3_0_hw_platform.a(mss_uart.o)
 .text.MSS_UART_set_rx_handler
                0x00002bd0       0xa8 C:\Users\Brandon\Desktop\robot\SoftConsole\robot_mss_MSS_CM3_0\robot_mss_MSS_CM3_0_hw_platform\Debug\librobot_mss_MSS_CM3_0_hw_platform.a(mss_uart.o)
                0x00002bd0                MSS_UART_set_rx_handler
 .text.UART0_IRQHandler
                0x00002c78       0x2c C:\Users\Brandon\Desktop\robot\SoftConsole\robot_mss_MSS_CM3_0\robot_mss_MSS_CM3_0_hw_platform\Debug\librobot_mss_MSS_CM3_0_hw_platform.a(mss_uart.o)
                0x00002c78                UART0_IRQHandler
 .text.UART1_IRQHandler
                0x00002ca4       0x2c C:\Users\Brandon\Desktop\robot\SoftConsole\robot_mss_MSS_CM3_0\robot_mss_MSS_CM3_0_hw_platform\Debug\librobot_mss_MSS_CM3_0_hw_platform.a(mss_uart.o)
                0x00002ca4                UART1_IRQHandler
 .text.NVIC_EnableIRQ
                0x00002cd0       0x38 C:\Users\Brandon\Desktop\robot\SoftConsole\robot_mss_MSS_CM3_0\robot_mss_MSS_CM3_0_hw_platform\Debug\librobot_mss_MSS_CM3_0_hw_platform.a(mss_i2c.o)
 .text.NVIC_DisableIRQ
                0x00002d08       0x3c C:\Users\Brandon\Desktop\robot\SoftConsole\robot_mss_MSS_CM3_0\robot_mss_MSS_CM3_0_hw_platform\Debug\librobot_mss_MSS_CM3_0_hw_platform.a(mss_i2c.o)
 .text.NVIC_ClearPendingIRQ
                0x00002d44       0x3c C:\Users\Brandon\Desktop\robot\SoftConsole\robot_mss_MSS_CM3_0\robot_mss_MSS_CM3_0_hw_platform\Debug\librobot_mss_MSS_CM3_0_hw_platform.a(mss_i2c.o)
 .text.MSS_I2C_init
                0x00002d80      0x16c C:\Users\Brandon\Desktop\robot\SoftConsole\robot_mss_MSS_CM3_0\robot_mss_MSS_CM3_0_hw_platform\Debug\librobot_mss_MSS_CM3_0_hw_platform.a(mss_i2c.o)
                0x00002d80                MSS_I2C_init
 .text.MSS_I2C_write
                0x00002eec       0xf4 C:\Users\Brandon\Desktop\robot\SoftConsole\robot_mss_MSS_CM3_0\robot_mss_MSS_CM3_0_hw_platform\Debug\librobot_mss_MSS_CM3_0_hw_platform.a(mss_i2c.o)
                0x00002eec                MSS_I2C_write
 .text.MSS_I2C_read
                0x00002fe0       0xf4 C:\Users\Brandon\Desktop\robot\SoftConsole\robot_mss_MSS_CM3_0\robot_mss_MSS_CM3_0_hw_platform\Debug\librobot_mss_MSS_CM3_0_hw_platform.a(mss_i2c.o)
                0x00002fe0                MSS_I2C_read
 .text.MSS_I2C_write_read
                0x000030d4      0x134 C:\Users\Brandon\Desktop\robot\SoftConsole\robot_mss_MSS_CM3_0\robot_mss_MSS_CM3_0_hw_platform\Debug\librobot_mss_MSS_CM3_0_hw_platform.a(mss_i2c.o)
                0x000030d4                MSS_I2C_write_read
 .text.MSS_I2C_wait_complete
                0x00003208       0x4c C:\Users\Brandon\Desktop\robot\SoftConsole\robot_mss_MSS_CM3_0\robot_mss_MSS_CM3_0_hw_platform\Debug\librobot_mss_MSS_CM3_0_hw_platform.a(mss_i2c.o)
                0x00003208                MSS_I2C_wait_complete
 .text.enable_slave_if_required
                0x00003254       0x28 C:\Users\Brandon\Desktop\robot\SoftConsole\robot_mss_MSS_CM3_0\robot_mss_MSS_CM3_0_hw_platform\Debug\librobot_mss_MSS_CM3_0_hw_platform.a(mss_i2c.o)
 .text.mss_i2c_isr
                0x0000327c      0x8f4 C:\Users\Brandon\Desktop\robot\SoftConsole\robot_mss_MSS_CM3_0\robot_mss_MSS_CM3_0_hw_platform\Debug\librobot_mss_MSS_CM3_0_hw_platform.a(mss_i2c.o)
 .text.disable_interrupts
                0x00003b70       0x24 C:\Users\Brandon\Desktop\robot\SoftConsole\robot_mss_MSS_CM3_0\robot_mss_MSS_CM3_0_hw_platform\Debug\librobot_mss_MSS_CM3_0_hw_platform.a(mss_i2c.o)
 .text.restore_interrupts
                0x00003b94       0x18 C:\Users\Brandon\Desktop\robot\SoftConsole\robot_mss_MSS_CM3_0\robot_mss_MSS_CM3_0_hw_platform\Debug\librobot_mss_MSS_CM3_0_hw_platform.a(mss_i2c.o)
 .text.I2C0_IRQHandler
                0x00003bac       0x2c C:\Users\Brandon\Desktop\robot\SoftConsole\robot_mss_MSS_CM3_0\robot_mss_MSS_CM3_0_hw_platform\Debug\librobot_mss_MSS_CM3_0_hw_platform.a(mss_i2c.o)
                0x00003bac                I2C0_IRQHandler
 .text.I2C1_IRQHandler
                0x00003bd8       0x2c C:\Users\Brandon\Desktop\robot\SoftConsole\robot_mss_MSS_CM3_0\robot_mss_MSS_CM3_0_hw_platform\Debug\librobot_mss_MSS_CM3_0_hw_platform.a(mss_i2c.o)
                0x00003bd8                I2C1_IRQHandler
 .text.NVIC_ClearPendingIRQ
                0x00003c04       0x3c C:\Users\Brandon\Desktop\robot\SoftConsole\robot_mss_MSS_CM3_0\robot_mss_MSS_CM3_0_hw_platform\Debug\librobot_mss_MSS_CM3_0_hw_platform.a(mss_gpio.o)
 .text.MSS_GPIO_init
                0x00003c40       0x6c C:\Users\Brandon\Desktop\robot\SoftConsole\robot_mss_MSS_CM3_0\robot_mss_MSS_CM3_0_hw_platform\Debug\librobot_mss_MSS_CM3_0_hw_platform.a(mss_gpio.o)
                0x00003c40                MSS_GPIO_init
 .text.MSS_GPIO_config
                0x00003cac       0x3c C:\Users\Brandon\Desktop\robot\SoftConsole\robot_mss_MSS_CM3_0\robot_mss_MSS_CM3_0_hw_platform\Debug\librobot_mss_MSS_CM3_0_hw_platform.a(mss_gpio.o)
                0x00003cac                MSS_GPIO_config
 .text.MSS_GPIO_set_output
                0x00003ce8       0x40 C:\Users\Brandon\Desktop\robot\SoftConsole\robot_mss_MSS_CM3_0\robot_mss_MSS_CM3_0_hw_platform\Debug\librobot_mss_MSS_CM3_0_hw_platform.a(mss_gpio.o)
                0x00003ce8                MSS_GPIO_set_output
 .text.ACE_init
                0x00003d28       0x10 C:\Users\Brandon\Desktop\robot\SoftConsole\robot_mss_MSS_CM3_0\robot_mss_MSS_CM3_0_hw_platform\Debug\librobot_mss_MSS_CM3_0_hw_platform.a(mss_ace.o)
                0x00003d28                ACE_init
 .text.ACE_get_channel_handle
                0x00003d38       0x74 C:\Users\Brandon\Desktop\robot\SoftConsole\robot_mss_MSS_CM3_0\robot_mss_MSS_CM3_0_hw_platform\Debug\librobot_mss_MSS_CM3_0_hw_platform.a(mss_ace.o)
                0x00003d38                ACE_get_channel_handle
 .text.ACE_get_ppe_sample
                0x00003dac       0x54 C:\Users\Brandon\Desktop\robot\SoftConsole\robot_mss_MSS_CM3_0\robot_mss_MSS_CM3_0_hw_platform\Debug\librobot_mss_MSS_CM3_0_hw_platform.a(mss_ace.o)
                0x00003dac                ACE_get_ppe_sample
 .text.__get_PRIMASK
                0x00003e00       0x20 C:\Users\Brandon\Desktop\robot\SoftConsole\robot_mss_MSS_CM3_0\robot_mss_MSS_CM3_0_hw_platform\Debug\librobot_mss_MSS_CM3_0_hw_platform.a(core_cm3.o)
                0x00003e00                __get_PRIMASK
 .text.__set_PRIMASK
                0x00003e20       0x18 C:\Users\Brandon\Desktop\robot\SoftConsole\robot_mss_MSS_CM3_0\robot_mss_MSS_CM3_0_hw_platform\Debug\librobot_mss_MSS_CM3_0_hw_platform.a(core_cm3.o)
                0x00003e20                __set_PRIMASK
 .text.SystemInit
                0x00003e38        0xc C:\Users\Brandon\Desktop\robot\SoftConsole\robot_mss_MSS_CM3_0\robot_mss_MSS_CM3_0_hw_platform\Debug\librobot_mss_MSS_CM3_0_hw_platform.a(system_a2fxxxm3.o)
                0x00003e38                SystemInit
 .text.SystemCoreClockUpdate
                0x00003e44      0x150 C:\Users\Brandon\Desktop\robot\SoftConsole\robot_mss_MSS_CM3_0\robot_mss_MSS_CM3_0_hw_platform\Debug\librobot_mss_MSS_CM3_0_hw_platform.a(system_a2fxxxm3.o)
                0x00003e44                SystemCoreClockUpdate
 .text.GetSystemClock
                0x00003f94       0xe8 C:\Users\Brandon\Desktop\robot\SoftConsole\robot_mss_MSS_CM3_0\robot_mss_MSS_CM3_0_hw_platform\Debug\librobot_mss_MSS_CM3_0_hw_platform.a(system_a2fxxxm3.o)
 .text.ace_init_convert
                0x0000407c      0x1b4 C:\Users\Brandon\Desktop\robot\SoftConsole\robot_mss_MSS_CM3_0\robot_mss_MSS_CM3_0_hw_platform\Debug\librobot_mss_MSS_CM3_0_hw_platform.a(ace_convert.o)
                0x0000407c                ace_init_convert
 .text.NVIC_ClearPendingIRQ
                0x00004230       0x3c C:\Users\Brandon\Desktop\robot\SoftConsole\robot_mss_MSS_CM3_0\robot_mss_MSS_CM3_0_hw_platform\Debug\librobot_mss_MSS_CM3_0_hw_platform.a(ace_flags.o)
 .text.ace_init_flags
                0x0000426c        0xc C:\Users\Brandon\Desktop\robot\SoftConsole\robot_mss_MSS_CM3_0\robot_mss_MSS_CM3_0_hw_platform\Debug\librobot_mss_MSS_CM3_0_hw_platform.a(ace_flags.o)
                0x0000426c                ace_init_flags
 .text.process_flag_irq
                0x00004278       0x14 C:\Users\Brandon\Desktop\robot\SoftConsole\robot_mss_MSS_CM3_0\robot_mss_MSS_CM3_0_hw_platform\Debug\librobot_mss_MSS_CM3_0_hw_platform.a(ace_flags.o)
 .text.ACE_PPE_Flag0_IRQHandler
                0x0000428c       0x28 C:\Users\Brandon\Desktop\robot\SoftConsole\robot_mss_MSS_CM3_0\robot_mss_MSS_CM3_0_hw_platform\Debug\librobot_mss_MSS_CM3_0_hw_platform.a(ace_flags.o)
                0x0000428c                ACE_PPE_Flag0_IRQHandler
 .text.ACE_PPE_Flag1_IRQHandler
                0x000042b4       0x28 C:\Users\Brandon\Desktop\robot\SoftConsole\robot_mss_MSS_CM3_0\robot_mss_MSS_CM3_0_hw_platform\Debug\librobot_mss_MSS_CM3_0_hw_platform.a(ace_flags.o)
                0x000042b4                ACE_PPE_Flag1_IRQHandler
 .text.ACE_PPE_Flag2_IRQHandler
                0x000042dc       0x28 C:\Users\Brandon\Desktop\robot\SoftConsole\robot_mss_MSS_CM3_0\robot_mss_MSS_CM3_0_hw_platform\Debug\librobot_mss_MSS_CM3_0_hw_platform.a(ace_flags.o)
                0x000042dc                ACE_PPE_Flag2_IRQHandler
 .text.ACE_PPE_Flag3_IRQHandler
                0x00004304       0x28 C:\Users\Brandon\Desktop\robot\SoftConsole\robot_mss_MSS_CM3_0\robot_mss_MSS_CM3_0_hw_platform\Debug\librobot_mss_MSS_CM3_0_hw_platform.a(ace_flags.o)
                0x00004304                ACE_PPE_Flag3_IRQHandler
 .text.ACE_PPE_Flag4_IRQHandler
                0x0000432c       0x28 C:\Users\Brandon\Desktop\robot\SoftConsole\robot_mss_MSS_CM3_0\robot_mss_MSS_CM3_0_hw_platform\Debug\librobot_mss_MSS_CM3_0_hw_platform.a(ace_flags.o)
                0x0000432c                ACE_PPE_Flag4_IRQHandler
 .text.ACE_PPE_Flag5_IRQHandler
                0x00004354       0x28 C:\Users\Brandon\Desktop\robot\SoftConsole\robot_mss_MSS_CM3_0\robot_mss_MSS_CM3_0_hw_platform\Debug\librobot_mss_MSS_CM3_0_hw_platform.a(ace_flags.o)
                0x00004354                ACE_PPE_Flag5_IRQHandler
 .text.ACE_PPE_Flag6_IRQHandler
                0x0000437c       0x28 C:\Users\Brandon\Desktop\robot\SoftConsole\robot_mss_MSS_CM3_0\robot_mss_MSS_CM3_0_hw_platform\Debug\librobot_mss_MSS_CM3_0_hw_platform.a(ace_flags.o)
                0x0000437c                ACE_PPE_Flag6_IRQHandler
 .text.ACE_PPE_Flag7_IRQHandler
                0x000043a4       0x28 C:\Users\Brandon\Desktop\robot\SoftConsole\robot_mss_MSS_CM3_0\robot_mss_MSS_CM3_0_hw_platform\Debug\librobot_mss_MSS_CM3_0_hw_platform.a(ace_flags.o)
                0x000043a4                ACE_PPE_Flag7_IRQHandler
 .text.ACE_PPE_Flag8_IRQHandler
                0x000043cc       0x28 C:\Users\Brandon\Desktop\robot\SoftConsole\robot_mss_MSS_CM3_0\robot_mss_MSS_CM3_0_hw_platform\Debug\librobot_mss_MSS_CM3_0_hw_platform.a(ace_flags.o)
                0x000043cc                ACE_PPE_Flag8_IRQHandler
 .text.ACE_PPE_Flag9_IRQHandler
                0x000043f4       0x28 C:\Users\Brandon\Desktop\robot\SoftConsole\robot_mss_MSS_CM3_0\robot_mss_MSS_CM3_0_hw_platform\Debug\librobot_mss_MSS_CM3_0_hw_platform.a(ace_flags.o)
                0x000043f4                ACE_PPE_Flag9_IRQHandler
 .text.ACE_PPE_Flag10_IRQHandler
                0x0000441c       0x28 C:\Users\Brandon\Desktop\robot\SoftConsole\robot_mss_MSS_CM3_0\robot_mss_MSS_CM3_0_hw_platform\Debug\librobot_mss_MSS_CM3_0_hw_platform.a(ace_flags.o)
                0x0000441c                ACE_PPE_Flag10_IRQHandler
 .text.ACE_PPE_Flag11_IRQHandler
                0x00004444       0x28 C:\Users\Brandon\Desktop\robot\SoftConsole\robot_mss_MSS_CM3_0\robot_mss_MSS_CM3_0_hw_platform\Debug\librobot_mss_MSS_CM3_0_hw_platform.a(ace_flags.o)
                0x00004444                ACE_PPE_Flag11_IRQHandler
 .text.ACE_PPE_Flag12_IRQHandler
                0x0000446c       0x28 C:\Users\Brandon\Desktop\robot\SoftConsole\robot_mss_MSS_CM3_0\robot_mss_MSS_CM3_0_hw_platform\Debug\librobot_mss_MSS_CM3_0_hw_platform.a(ace_flags.o)
                0x0000446c                ACE_PPE_Flag12_IRQHandler
 .text.ACE_PPE_Flag13_IRQHandler
                0x00004494       0x28 C:\Users\Brandon\Desktop\robot\SoftConsole\robot_mss_MSS_CM3_0\robot_mss_MSS_CM3_0_hw_platform\Debug\librobot_mss_MSS_CM3_0_hw_platform.a(ace_flags.o)
                0x00004494                ACE_PPE_Flag13_IRQHandler
 .text.ACE_PPE_Flag14_IRQHandler
                0x000044bc       0x28 C:\Users\Brandon\Desktop\robot\SoftConsole\robot_mss_MSS_CM3_0\robot_mss_MSS_CM3_0_hw_platform\Debug\librobot_mss_MSS_CM3_0_hw_platform.a(ace_flags.o)
                0x000044bc                ACE_PPE_Flag14_IRQHandler
 .text.ACE_PPE_Flag15_IRQHandler
                0x000044e4       0x28 C:\Users\Brandon\Desktop\robot\SoftConsole\robot_mss_MSS_CM3_0\robot_mss_MSS_CM3_0_hw_platform\Debug\librobot_mss_MSS_CM3_0_hw_platform.a(ace_flags.o)
                0x000044e4                ACE_PPE_Flag15_IRQHandler
 .text.ACE_PPE_Flag16_IRQHandler
                0x0000450c       0x28 C:\Users\Brandon\Desktop\robot\SoftConsole\robot_mss_MSS_CM3_0\robot_mss_MSS_CM3_0_hw_platform\Debug\librobot_mss_MSS_CM3_0_hw_platform.a(ace_flags.o)
                0x0000450c                ACE_PPE_Flag16_IRQHandler
 .text.ACE_PPE_Flag17_IRQHandler
                0x00004534       0x28 C:\Users\Brandon\Desktop\robot\SoftConsole\robot_mss_MSS_CM3_0\robot_mss_MSS_CM3_0_hw_platform\Debug\librobot_mss_MSS_CM3_0_hw_platform.a(ace_flags.o)
                0x00004534                ACE_PPE_Flag17_IRQHandler
 .text.ACE_PPE_Flag18_IRQHandler
                0x0000455c       0x28 C:\Users\Brandon\Desktop\robot\SoftConsole\robot_mss_MSS_CM3_0\robot_mss_MSS_CM3_0_hw_platform\Debug\librobot_mss_MSS_CM3_0_hw_platform.a(ace_flags.o)
                0x0000455c                ACE_PPE_Flag18_IRQHandler
 .text.ACE_PPE_Flag19_IRQHandler
                0x00004584       0x28 C:\Users\Brandon\Desktop\robot\SoftConsole\robot_mss_MSS_CM3_0\robot_mss_MSS_CM3_0_hw_platform\Debug\librobot_mss_MSS_CM3_0_hw_platform.a(ace_flags.o)
                0x00004584                ACE_PPE_Flag19_IRQHandler
 .text.ACE_PPE_Flag20_IRQHandler
                0x000045ac       0x28 C:\Users\Brandon\Desktop\robot\SoftConsole\robot_mss_MSS_CM3_0\robot_mss_MSS_CM3_0_hw_platform\Debug\librobot_mss_MSS_CM3_0_hw_platform.a(ace_flags.o)
                0x000045ac                ACE_PPE_Flag20_IRQHandler
 .text.ACE_PPE_Flag21_IRQHandler
                0x000045d4       0x28 C:\Users\Brandon\Desktop\robot\SoftConsole\robot_mss_MSS_CM3_0\robot_mss_MSS_CM3_0_hw_platform\Debug\librobot_mss_MSS_CM3_0_hw_platform.a(ace_flags.o)
                0x000045d4                ACE_PPE_Flag21_IRQHandler
 .text.ACE_PPE_Flag22_IRQHandler
                0x000045fc       0x28 C:\Users\Brandon\Desktop\robot\SoftConsole\robot_mss_MSS_CM3_0\robot_mss_MSS_CM3_0_hw_platform\Debug\librobot_mss_MSS_CM3_0_hw_platform.a(ace_flags.o)
                0x000045fc                ACE_PPE_Flag22_IRQHandler
 .text.ACE_PPE_Flag23_IRQHandler
                0x00004624       0x28 C:\Users\Brandon\Desktop\robot\SoftConsole\robot_mss_MSS_CM3_0\robot_mss_MSS_CM3_0_hw_platform\Debug\librobot_mss_MSS_CM3_0_hw_platform.a(ace_flags.o)
                0x00004624                ACE_PPE_Flag23_IRQHandler
 .text.ACE_PPE_Flag24_IRQHandler
                0x0000464c       0x28 C:\Users\Brandon\Desktop\robot\SoftConsole\robot_mss_MSS_CM3_0\robot_mss_MSS_CM3_0_hw_platform\Debug\librobot_mss_MSS_CM3_0_hw_platform.a(ace_flags.o)
                0x0000464c                ACE_PPE_Flag24_IRQHandler
 .text.ACE_PPE_Flag25_IRQHandler
                0x00004674       0x28 C:\Users\Brandon\Desktop\robot\SoftConsole\robot_mss_MSS_CM3_0\robot_mss_MSS_CM3_0_hw_platform\Debug\librobot_mss_MSS_CM3_0_hw_platform.a(ace_flags.o)
                0x00004674                ACE_PPE_Flag25_IRQHandler
 .text.ACE_PPE_Flag26_IRQHandler
                0x0000469c       0x28 C:\Users\Brandon\Desktop\robot\SoftConsole\robot_mss_MSS_CM3_0\robot_mss_MSS_CM3_0_hw_platform\Debug\librobot_mss_MSS_CM3_0_hw_platform.a(ace_flags.o)
                0x0000469c                ACE_PPE_Flag26_IRQHandler
 .text.ACE_PPE_Flag27_IRQHandler
                0x000046c4       0x28 C:\Users\Brandon\Desktop\robot\SoftConsole\robot_mss_MSS_CM3_0\robot_mss_MSS_CM3_0_hw_platform\Debug\librobot_mss_MSS_CM3_0_hw_platform.a(ace_flags.o)
                0x000046c4                ACE_PPE_Flag27_IRQHandler
 .text.ACE_PPE_Flag28_IRQHandler
                0x000046ec       0x28 C:\Users\Brandon\Desktop\robot\SoftConsole\robot_mss_MSS_CM3_0\robot_mss_MSS_CM3_0_hw_platform\Debug\librobot_mss_MSS_CM3_0_hw_platform.a(ace_flags.o)
                0x000046ec                ACE_PPE_Flag28_IRQHandler
 .text.ACE_PPE_Flag29_IRQHandler
                0x00004714       0x28 C:\Users\Brandon\Desktop\robot\SoftConsole\robot_mss_MSS_CM3_0\robot_mss_MSS_CM3_0_hw_platform\Debug\librobot_mss_MSS_CM3_0_hw_platform.a(ace_flags.o)
                0x00004714                ACE_PPE_Flag29_IRQHandler
 .text.ACE_PPE_Flag30_IRQHandler
                0x0000473c       0x28 C:\Users\Brandon\Desktop\robot\SoftConsole\robot_mss_MSS_CM3_0\robot_mss_MSS_CM3_0_hw_platform\Debug\librobot_mss_MSS_CM3_0_hw_platform.a(ace_flags.o)
                0x0000473c                ACE_PPE_Flag30_IRQHandler
 .text.ACE_PPE_Flag31_IRQHandler
                0x00004764       0x28 C:\Users\Brandon\Desktop\robot\SoftConsole\robot_mss_MSS_CM3_0\robot_mss_MSS_CM3_0_hw_platform\Debug\librobot_mss_MSS_CM3_0_hw_platform.a(ace_flags.o)
                0x00004764                ACE_PPE_Flag31_IRQHandler
 .text          0x0000478c      0x370 c:/program files (x86)/microsemi/softconsole v3.3/sourcery-g++/bin/../lib/gcc/arm-none-eabi/4.4.1/thumb2\libgcc.a(_arm_addsubdf3.o)
                0x0000478c                __aeabi_drsub
                0x00004794                __aeabi_dsub
                0x00004794                __subdf3
                0x00004798                __aeabi_dadd
                0x00004798                __adddf3
                0x00004a10                __floatunsidf
                0x00004a10                __aeabi_ui2d
                0x00004a30                __floatsidf
                0x00004a30                __aeabi_i2d
                0x00004a54                __aeabi_f2d
                0x00004a54                __extendsfdf2
                0x00004a90                __floatundidf
                0x00004a90                __aeabi_ul2d
                0x00004aa0                __floatdidf
                0x00004aa0                __aeabi_l2d
 .text          0x00004afc      0x424 c:/program files (x86)/microsemi/softconsole v3.3/sourcery-g++/bin/../lib/gcc/arm-none-eabi/4.4.1/thumb2\libgcc.a(_arm_muldivdf3.o)
                0x00004afc                __aeabi_dmul
                0x00004afc                __muldf3
                0x00004d50                __divdf3
                0x00004d50                __aeabi_ddiv
 .text          0x00004f20      0x110 c:/program files (x86)/microsemi/softconsole v3.3/sourcery-g++/bin/../lib/gcc/arm-none-eabi/4.4.1/thumb2\libgcc.a(_arm_cmpdf2.o)
                0x00004f20                __gtdf2
                0x00004f20                __gedf2
                0x00004f28                __ltdf2
                0x00004f28                __ledf2
                0x00004f30                __nedf2
                0x00004f30                __eqdf2
                0x00004f30                __cmpdf2
                0x00004fac                __aeabi_cdrcmple
                0x00004fbc                __aeabi_cdcmpeq
                0x00004fbc                __aeabi_cdcmple
                0x00004fcc                __aeabi_dcmpeq
                0x00004fe0                __aeabi_dcmplt
                0x00004ff4                __aeabi_dcmple
                0x00005008                __aeabi_dcmpge
                0x0000501c                __aeabi_dcmpgt
 .text          0x00005030       0x40 c:/program files (x86)/microsemi/softconsole v3.3/sourcery-g++/bin/../lib/gcc/arm-none-eabi/4.4.1/thumb2\libgcc.a(_arm_fixunsdfsi.o)
                0x00005030                __aeabi_d2uiz
                0x00005030                __fixunsdfsi
 .text          0x00005070       0x50 c:/program files (x86)/microsemi/softconsole v3.3/sourcery-g++/bin/../lib/gcc/arm-none-eabi/4.4.1/../../../../arm-none-eabi/lib/thumb2\libc.a(lib_a-init.o)
                0x00005070                __libc_init_array
 .text          0x000050c0       0x20 c:/program files (x86)/microsemi/softconsole v3.3/sourcery-g++/bin/../lib/gcc/arm-none-eabi/4.4.1/../../../../arm-none-eabi/lib/thumb2\libc.a(lib_a-malloc.o)
                0x000050c0                free
                0x000050d0                malloc
 .text          0x000050e0      0x5a4 c:/program files (x86)/microsemi/softconsole v3.3/sourcery-g++/bin/../lib/gcc/arm-none-eabi/4.4.1/../../../../arm-none-eabi/lib/thumb2\libc.a(lib_a-mallocr.o)
                0x000050e0                _malloc_r
 .text          0x00005684      0x190 c:/program files (x86)/microsemi/softconsole v3.3/sourcery-g++/bin/../lib/gcc/arm-none-eabi/4.4.1/../../../../arm-none-eabi/lib/thumb2\libc.a(lib_a-memcpy.o)
                0x00005684                memcpy
 .text          0x00005814       0xd4 c:/program files (x86)/microsemi/softconsole v3.3/sourcery-g++/bin/../lib/gcc/arm-none-eabi/4.4.1/../../../../arm-none-eabi/lib/thumb2\libc.a(lib_a-memset.o)
                0x00005814                memset
 .text          0x000058e8        0x8 c:/program files (x86)/microsemi/softconsole v3.3/sourcery-g++/bin/../lib/gcc/arm-none-eabi/4.4.1/../../../../arm-none-eabi/lib/thumb2\libc.a(lib_a-mlock.o)
                0x000058e8                __malloc_lock
                0x000058ec                __malloc_unlock
 .text          0x000058f0       0x28 c:/program files (x86)/microsemi/softconsole v3.3/sourcery-g++/bin/../lib/gcc/arm-none-eabi/4.4.1/../../../../arm-none-eabi/lib/thumb2\libc.a(lib_a-sbrkr.o)
                0x000058f0                _sbrk_r
 .text          0x00005918       0xa8 c:/program files (x86)/microsemi/softconsole v3.3/sourcery-g++/bin/../lib/gcc/arm-none-eabi/4.4.1/../../../../arm-none-eabi/lib/thumb2\libc.a(lib_a-strncmp.o)
                0x00005918                strncmp
 .text          0x000059c0      0x268 c:/program files (x86)/microsemi/softconsole v3.3/sourcery-g++/bin/../lib/gcc/arm-none-eabi/4.4.1/../../../../arm-none-eabi/lib/thumb2\libc.a(lib_a-freer.o)
                0x000059c0                _malloc_trim_r
                0x00005a68                _free_r
 *(.plt)
 *(.gnu.warning)
 *(.glue_7t)
 .glue_7t       0x00000000        0x0 linker stubs
 *(.glue_7)
 .glue_7        0x00000000        0x0 linker stubs
 *(.vfp11_veneer)
 .vfp11_veneer  0x00000000        0x0 linker stubs
                0x00005c28                . = ALIGN (0x4)
 *crtbegin.o(.ctors)
 *(EXCLUDE_FILE(*crtend.o) .ctors)
 *(SORT(.ctors.*))
 *crtend.o(.ctors)
 *crtbegin.o(.dtors)
 *(EXCLUDE_FILE(*crtend.o) .dtors)
 *(SORT(.dtors.*))
 *crtend.o(.dtors)
 *(.rodata .rodata.* .gnu.linkonce.r.*)
 .rodata        0x00005c28       0x48 ./robot/robot.o
 .rodata.C.18.4953
                0x00005c70       0x18 ./robot/robot.o
 .rodata        0x00005c88       0x1c C:/Users/Brandon/Desktop/robot/SoftConsole/robot_mss_MSS_CM3_0/robot_mss_MSS_CM3_0_hw_platform/Debug/CMSIS/startup_gcc/newlib_stubs.o
 .rodata.g_config_reg_lut
                0x00005ca4       0x80 C:\Users\Brandon\Desktop\robot\SoftConsole\robot_mss_MSS_CM3_0\robot_mss_MSS_CM3_0_hw_platform\Debug\librobot_mss_MSS_CM3_0_hw_platform.a(mss_gpio.o)
 .rodata.g_gpio_irqn_lut
                0x00005d24       0x40 C:\Users\Brandon\Desktop\robot\SoftConsole\robot_mss_MSS_CM3_0\robot_mss_MSS_CM3_0_hw_platform\Debug\librobot_mss_MSS_CM3_0_hw_platform.a(mss_gpio.o)
 .rodata.C.18.2576
                0x00005d64       0x10 C:\Users\Brandon\Desktop\robot\SoftConsole\robot_mss_MSS_CM3_0\robot_mss_MSS_CM3_0_hw_platform\Debug\librobot_mss_MSS_CM3_0_hw_platform.a(system_a2fxxxm3.o)
 .rodata.g_ace_channel_0_name
                0x00005d74        0x4 C:\Users\Brandon\Desktop\robot\SoftConsole\robot_mss_MSS_CM3_0\robot_mss_MSS_CM3_0_hw_platform\Debug\librobot_mss_MSS_CM3_0_hw_platform.a(ace_config.o)
                0x00005d74                g_ace_channel_0_name
 .rodata.g_ace_channel_1_name
                0x00005d78        0x4 C:\Users\Brandon\Desktop\robot\SoftConsole\robot_mss_MSS_CM3_0\robot_mss_MSS_CM3_0_hw_platform\Debug\librobot_mss_MSS_CM3_0_hw_platform.a(ace_config.o)
                0x00005d78                g_ace_channel_1_name
 .rodata.g_ace_channel_2_name
                0x00005d7c        0x4 C:\Users\Brandon\Desktop\robot\SoftConsole\robot_mss_MSS_CM3_0\robot_mss_MSS_CM3_0_hw_platform\Debug\librobot_mss_MSS_CM3_0_hw_platform.a(ace_config.o)
                0x00005d7c                g_ace_channel_2_name
 .rodata.g_ace_channel_3_name
                0x00005d80        0x4 C:\Users\Brandon\Desktop\robot\SoftConsole\robot_mss_MSS_CM3_0\robot_mss_MSS_CM3_0_hw_platform\Debug\librobot_mss_MSS_CM3_0_hw_platform.a(ace_config.o)
                0x00005d80                g_ace_channel_3_name
 .rodata.g_ace_channel_4_name
                0x00005d84        0x4 C:\Users\Brandon\Desktop\robot\SoftConsole\robot_mss_MSS_CM3_0\robot_mss_MSS_CM3_0_hw_platform\Debug\librobot_mss_MSS_CM3_0_hw_platform.a(ace_config.o)
                0x00005d84                g_ace_channel_4_name
 .rodata.g_ace_channel_5_name
                0x00005d88        0x4 C:\Users\Brandon\Desktop\robot\SoftConsole\robot_mss_MSS_CM3_0\robot_mss_MSS_CM3_0_hw_platform\Debug\librobot_mss_MSS_CM3_0_hw_platform.a(ace_config.o)
                0x00005d88                g_ace_channel_5_name
 .rodata.channel_type_lut
                0x00005d8c       0x30 C:\Users\Brandon\Desktop\robot\SoftConsole\robot_mss_MSS_CM3_0\robot_mss_MSS_CM3_0_hw_platform\Debug\librobot_mss_MSS_CM3_0_hw_platform.a(ace_convert.o)
 .rodata.channel_quad_lut
                0x00005dbc       0x30 C:\Users\Brandon\Desktop\robot\SoftConsole\robot_mss_MSS_CM3_0\robot_mss_MSS_CM3_0_hw_platform\Debug\librobot_mss_MSS_CM3_0_hw_platform.a(ace_convert.o)
 .rodata.str1.4
                0x00005dec        0x4 c:/program files (x86)/microsemi/softconsole v3.3/sourcery-g++/bin/../lib/gcc/arm-none-eabi/4.4.1/../../../../arm-none-eabi/lib/thumb2\libc.a(lib_a-impure.o)
 .rodata        0x00005df0       0x60 c:/program files (x86)/microsemi/softconsole v3.3/sourcery-g++/bin/../lib/gcc/arm-none-eabi/4.4.1/../../../../arm-none-eabi/lib/thumb2\libc.a(lib_a-findfp.o)
                0x00005df0                __sf_fake_stdin
                0x00005e10                __sf_fake_stdout
                0x00005e30                __sf_fake_stderr
 *(.ARM.extab* .gnu.linkonce.armextab.*)
 *(.gcc_except_table)
 *(.eh_frame_hdr)
 *(.eh_frame)
 *(.init)
 .init          0x00005e50        0x4 c:/program files (x86)/microsemi/softconsole v3.3/sourcery-g++/bin/../lib/gcc/arm-none-eabi/4.4.1/thumb2/crti.o
                0x00005e50                _init
 .init          0x00005e54        0x8 c:/program files (x86)/microsemi/softconsole v3.3/sourcery-g++/bin/../lib/gcc/arm-none-eabi/4.4.1/thumb2/crtn.o
 *(.fini)
 .fini          0x00005e5c        0x4 c:/program files (x86)/microsemi/softconsole v3.3/sourcery-g++/bin/../lib/gcc/arm-none-eabi/4.4.1/thumb2/crti.o
                0x00005e5c                _fini
 .fini          0x00005e60        0x8 c:/program files (x86)/microsemi/softconsole v3.3/sourcery-g++/bin/../lib/gcc/arm-none-eabi/4.4.1/thumb2/crtn.o
                0x00005e68                PROVIDE (__preinit_array_start, .)
 *(.preinit_array)
                0x00005e68                PROVIDE (__preinit_array_end, .)
                0x00005e68                PROVIDE (__init_array_start, .)
 *(SORT(.init_array.*))
 *(.init_array)
 .init_array    0x00005e68        0x4 c:/program files (x86)/microsemi/softconsole v3.3/sourcery-g++/bin/../lib/gcc/arm-none-eabi/4.4.1/thumb2/crtbegin.o
                0x00005e6c                PROVIDE (__init_array_end, .)
                0x00005e6c                PROVIDE (__fini_array_start, .)
 *(.fini_array)
 .fini_array    0x00005e6c        0x4 c:/program files (x86)/microsemi/softconsole v3.3/sourcery-g++/bin/../lib/gcc/arm-none-eabi/4.4.1/thumb2/crtbegin.o
 *(SORT(.fini_array.*))
                0x00005e70                PROVIDE (__fini_array_end, .)
                0x00005e70                __exidx_start = .

.v4_bx          0x00005e70        0x0 load address 0x60005e70
 .v4_bx         0x00000000        0x0 linker stubs

.ARM.exidx
 *(.ARM.exidx* .gnu.linkonce.armexidx.*)
                0x00005e70                __exidx_end = .
                0x00005e70                _etext = .

.data           0x20000000      0x580 load address 0x60005e70
                0x60005e70                __data_load = LOADADDR (.data)
                0x60005e70                _sidata = LOADADDR (.data)
                0x20000000                __data_start = .
                0x20000000                _sdata = .
 *(.jcr)
 .jcr           0x20000000        0x0 c:/program files (x86)/microsemi/softconsole v3.3/sourcery-g++/bin/../lib/gcc/arm-none-eabi/4.4.1/thumb2/crtbegin.o
 .jcr           0x20000000        0x4 c:/program files (x86)/microsemi/softconsole v3.3/sourcery-g++/bin/../lib/gcc/arm-none-eabi/4.4.1/thumb2/crtend.o
 *(.got.plt)
 *(.got)
 *(.shdata)
 *(.data .data.* .gnu.linkonce.d.*)
 .data.SystemFrequency
                0x20000004        0x4 C:\Users\Brandon\Desktop\robot\SoftConsole\robot_mss_MSS_CM3_0\robot_mss_MSS_CM3_0_hw_platform\Debug\librobot_mss_MSS_CM3_0_hw_platform.a(system_a2fxxxm3.o)
                0x20000004                SystemFrequency
 .data.SystemCoreClock
                0x20000008        0x4 C:\Users\Brandon\Desktop\robot\SoftConsole\robot_mss_MSS_CM3_0\robot_mss_MSS_CM3_0_hw_platform\Debug\librobot_mss_MSS_CM3_0_hw_platform.a(system_a2fxxxm3.o)
                0x20000008                SystemCoreClock
 .data.g_FrequencyPCLK0
                0x2000000c        0x4 C:\Users\Brandon\Desktop\robot\SoftConsole\robot_mss_MSS_CM3_0\robot_mss_MSS_CM3_0_hw_platform\Debug\librobot_mss_MSS_CM3_0_hw_platform.a(system_a2fxxxm3.o)
                0x2000000c                g_FrequencyPCLK0
 .data.g_FrequencyPCLK1
                0x20000010        0x4 C:\Users\Brandon\Desktop\robot\SoftConsole\robot_mss_MSS_CM3_0\robot_mss_MSS_CM3_0_hw_platform\Debug\librobot_mss_MSS_CM3_0_hw_platform.a(system_a2fxxxm3.o)
                0x20000010                g_FrequencyPCLK1
 .data.g_FrequencyACE
                0x20000014        0x4 C:\Users\Brandon\Desktop\robot\SoftConsole\robot_mss_MSS_CM3_0\robot_mss_MSS_CM3_0_hw_platform\Debug\librobot_mss_MSS_CM3_0_hw_platform.a(system_a2fxxxm3.o)
                0x20000014                g_FrequencyACE
 .data.g_FrequencyFPGA
                0x20000018        0x4 C:\Users\Brandon\Desktop\robot\SoftConsole\robot_mss_MSS_CM3_0\robot_mss_MSS_CM3_0_hw_platform\Debug\librobot_mss_MSS_CM3_0_hw_platform.a(system_a2fxxxm3.o)
                0x20000018                g_FrequencyFPGA
 .data.g_ace_channel_desc_table
                0x2000001c       0x60 C:\Users\Brandon\Desktop\robot\SoftConsole\robot_mss_MSS_CM3_0\robot_mss_MSS_CM3_0_hw_platform\Debug\librobot_mss_MSS_CM3_0_hw_platform.a(ace_config.o)
                0x2000001c                g_ace_channel_desc_table
 .data          0x2000007c       0xf4 c:/program files (x86)/microsemi/softconsole v3.3/sourcery-g++/bin/../lib/gcc/arm-none-eabi/4.4.1/../../../../arm-none-eabi/lib/thumb2\libc.a(lib_a-impure.o)
                0x2000007c                _impure_ptr
 .data          0x20000170      0x410 c:/program files (x86)/microsemi/softconsole v3.3/sourcery-g++/bin/../lib/gcc/arm-none-eabi/4.4.1/../../../../arm-none-eabi/lib/thumb2\libc.a(lib_a-mallocr.o)
                0x20000170                __malloc_av_
                0x20000578                __malloc_sbrk_base
                0x2000057c                __malloc_trim_threshold
                0x20000580                . = ALIGN (0x4)
                0x20000580                _edata = .

.bss            0x20000580      0x248 load address 0x600063f0
                0x20000580                __bss_start__ = .
                0x20000580                _sbss = .
 *(.shbss)
 *(.bss .bss.* .gnu.linkonce.b.*)
 .bss           0x20000580        0x1 c:/program files (x86)/microsemi/softconsole v3.3/sourcery-g++/bin/../lib/gcc/arm-none-eabi/4.4.1/thumb2/crtbegin.o
 *fill*         0x20000581        0x3 00
 .bss.heap_end.2220
                0x20000584        0x4 C:/Users/Brandon/Desktop/robot/SoftConsole/robot_mss_MSS_CM3_0/robot_mss_MSS_CM3_0_hw_platform/Debug/CMSIS/startup_gcc/newlib_stubs.o
 .bss.g_gdec_lut
                0x20000588        0xc C:\Users\Brandon\Desktop\robot\SoftConsole\robot_mss_MSS_CM3_0\robot_mss_MSS_CM3_0_hw_platform\Debug\librobot_mss_MSS_CM3_0_hw_platform.a(ace_convert.o)
 .bss.channel_type_lut_h
                0x20000594        0x8 C:\Users\Brandon\Desktop\robot\SoftConsole\robot_mss_MSS_CM3_0\robot_mss_MSS_CM3_0_hw_platform\Debug\librobot_mss_MSS_CM3_0_hw_platform.a(ace_convert.o)
 .bss           0x2000059c       0x34 c:/program files (x86)/microsemi/softconsole v3.3/sourcery-g++/bin/../lib/gcc/arm-none-eabi/4.4.1/../../../../arm-none-eabi/lib/thumb2\libc.a(lib_a-mallocr.o)
                0x2000059c                __malloc_top_pad
                0x200005a0                __malloc_current_mallinfo
                0x200005c8                __malloc_max_sbrked_mem
                0x200005cc                __malloc_max_total_mem
 *(COMMON)
 COMMON         0x200005d0       0x20 ./xbee/xbee.o
                0x200005d0                curr_packet
                0x200005e8                device
 COMMON         0x200005f0        0x8 ./sleep/sleep.o
                0x200005f0                user_timer_int
                0x200005f4                timer_complete
 COMMON         0x200005f8       0x69 ./robot/robot.o
                0x200005f8                ps_inst
                0x20000618                motor_inst_r
                0x20000638                motor_inst_l
                0x20000658                robot
                0x20000660                robot_direction
 *fill*         0x20000661        0x3 00
 COMMON         0x20000664       0x28 ./clk/clk.o
                0x20000664                clks_freq_hz
                0x20000678                clks_set
 COMMON         0x2000068c       0x50 C:\Users\Brandon\Desktop\robot\SoftConsole\robot_mss_MSS_CM3_0\robot_mss_MSS_CM3_0_hw_platform\Debug\librobot_mss_MSS_CM3_0_hw_platform.a(mss_uart.o)
                0x2000068c                g_mss_uart1
                0x200006b4                g_mss_uart0
 COMMON         0x200006dc       0xe8 C:\Users\Brandon\Desktop\robot\SoftConsole\robot_mss_MSS_CM3_0\robot_mss_MSS_CM3_0_hw_platform\Debug\librobot_mss_MSS_CM3_0_hw_platform.a(mss_i2c.o)
                0x200006dc                g_mss_i2c0
                0x20000750                g_mss_i2c1
 COMMON         0x200007c4        0x4 c:/program files (x86)/microsemi/softconsole v3.3/sourcery-g++/bin/../lib/gcc/arm-none-eabi/4.4.1/../../../../arm-none-eabi/lib/thumb2\libc.a(lib_a-reent.o)
                0x200007c4                errno
                0x200007c8                . = ALIGN (0x8)
                0x200007c8                __bss_end__ = .
                0x200007c8                _end = .
                0x200007c8                __end = _end
                0x200007c8                _ebss = .
                0x200007c8                PROVIDE (end, .)

.stab
 *(.stab)

.stabstr
 *(.stabstr)

.debug
 *(.debug)

.line
 *(.line)

.debug_srcinfo
 *(.debug_srcinfo)

.debug_sfnames
 *(.debug_sfnames)

.comment        0x00000000      0x3dd
 .comment       0x00000000       0x2b ./main.o
 .comment       0x0000002b       0x2b ./xbee/xbee.o
 .comment       0x00000056       0x2b ./sleep/sleep.o
 .comment       0x00000081       0x2b ./sfled/sfled.o
 .comment       0x000000ac       0x2b ./robot/robot.o
 .comment       0x000000d7       0x2b ./rgb_sensor/rgb_sensor.o
 .comment       0x00000102       0x2b ./rgb_sensor/rgb_util.o
 .comment       0x0000012d       0x2b ./pwm/pwm.o
 .comment       0x00000158       0x2b ./ps/ps.o
 .comment       0x00000183       0x2b ./motor/motor.o
 .comment       0x000001ae       0x2b ./hbridge/hbridge.o
 .comment       0x000001d9       0x2b ./encoder/encoder.o
 .comment       0x00000204       0x2b ./clk/clk.o
 .comment       0x0000022f       0x2b C:/Users/Brandon/Desktop/robot/SoftConsole/robot_mss_MSS_CM3_0/robot_mss_MSS_CM3_0_hw_platform/Debug/CMSIS/startup_gcc/newlib_stubs.o
 .comment       0x0000025a       0x2b C:\Users\Brandon\Desktop\robot\SoftConsole\robot_mss_MSS_CM3_0\robot_mss_MSS_CM3_0_hw_platform\Debug\librobot_mss_MSS_CM3_0_hw_platform.a(mss_uart.o)
 .comment       0x00000285       0x2b C:\Users\Brandon\Desktop\robot\SoftConsole\robot_mss_MSS_CM3_0\robot_mss_MSS_CM3_0_hw_platform\Debug\librobot_mss_MSS_CM3_0_hw_platform.a(mss_i2c.o)
 .comment       0x000002b0       0x2b C:\Users\Brandon\Desktop\robot\SoftConsole\robot_mss_MSS_CM3_0\robot_mss_MSS_CM3_0_hw_platform\Debug\librobot_mss_MSS_CM3_0_hw_platform.a(mss_gpio.o)
 .comment       0x000002db       0x2b C:\Users\Brandon\Desktop\robot\SoftConsole\robot_mss_MSS_CM3_0\robot_mss_MSS_CM3_0_hw_platform\Debug\librobot_mss_MSS_CM3_0_hw_platform.a(mss_ace.o)
 .comment       0x00000306       0x2b C:\Users\Brandon\Desktop\robot\SoftConsole\robot_mss_MSS_CM3_0\robot_mss_MSS_CM3_0_hw_platform\Debug\librobot_mss_MSS_CM3_0_hw_platform.a(core_cm3.o)
 .comment       0x00000331       0x2b C:\Users\Brandon\Desktop\robot\SoftConsole\robot_mss_MSS_CM3_0\robot_mss_MSS_CM3_0_hw_platform\Debug\librobot_mss_MSS_CM3_0_hw_platform.a(system_a2fxxxm3.o)
 .comment       0x0000035c       0x2b C:\Users\Brandon\Desktop\robot\SoftConsole\robot_mss_MSS_CM3_0\robot_mss_MSS_CM3_0_hw_platform\Debug\librobot_mss_MSS_CM3_0_hw_platform.a(ace_config.o)
 .comment       0x00000387       0x2b C:\Users\Brandon\Desktop\robot\SoftConsole\robot_mss_MSS_CM3_0\robot_mss_MSS_CM3_0_hw_platform\Debug\librobot_mss_MSS_CM3_0_hw_platform.a(ace_convert.o)
 .comment       0x000003b2       0x2b C:\Users\Brandon\Desktop\robot\SoftConsole\robot_mss_MSS_CM3_0\robot_mss_MSS_CM3_0_hw_platform\Debug\librobot_mss_MSS_CM3_0_hw_platform.a(ace_flags.o)

.debug_aranges  0x00000000      0xca8
 *(.debug_aranges)
 .debug_aranges
                0x00000000       0x20 ./main.o
 .debug_aranges
                0x00000020       0x58 ./xbee/xbee.o
 .debug_aranges
                0x00000078       0xd0 ./sleep/sleep.o
 .debug_aranges
                0x00000148       0x50 ./sfled/sfled.o
 .debug_aranges
                0x00000198       0xb8 ./robot/robot.o
 .debug_aranges
                0x00000250       0x70 ./rgb_sensor/rgb_sensor.o
 .debug_aranges
                0x000002c0       0x68 ./rgb_sensor/rgb_util.o
 .debug_aranges
                0x00000328       0x60 ./pwm/pwm.o
 .debug_aranges
                0x00000388       0xb0 ./ps/ps.o
 .debug_aranges
                0x00000438       0x50 ./motor/motor.o
 .debug_aranges
                0x00000488       0x38 ./hbridge/hbridge.o
 .debug_aranges
                0x000004c0       0x40 ./encoder/encoder.o
 .debug_aranges
                0x00000500       0x30 ./clk/clk.o
 .debug_aranges
                0x00000530       0xa8 C:/Users/Brandon/Desktop/robot/SoftConsole/robot_mss_MSS_CM3_0/robot_mss_MSS_CM3_0_hw_platform/Debug/CMSIS/startup_gcc/newlib_stubs.o
 .debug_aranges
                0x000005d8       0xd8 C:\Users\Brandon\Desktop\robot\SoftConsole\robot_mss_MSS_CM3_0\robot_mss_MSS_CM3_0_hw_platform\Debug\librobot_mss_MSS_CM3_0_hw_platform.a(mss_uart.o)
 .debug_aranges
                0x000006b0      0x128 C:\Users\Brandon\Desktop\robot\SoftConsole\robot_mss_MSS_CM3_0\robot_mss_MSS_CM3_0_hw_platform\Debug\librobot_mss_MSS_CM3_0_hw_platform.a(mss_i2c.o)
 .debug_aranges
                0x000007d8       0x60 C:\Users\Brandon\Desktop\robot\SoftConsole\robot_mss_MSS_CM3_0\robot_mss_MSS_CM3_0_hw_platform\Debug\librobot_mss_MSS_CM3_0_hw_platform.a(mss_gpio.o)
 .debug_aranges
                0x00000838       0xe0 C:\Users\Brandon\Desktop\robot\SoftConsole\robot_mss_MSS_CM3_0\robot_mss_MSS_CM3_0_hw_platform\Debug\librobot_mss_MSS_CM3_0_hw_platform.a(mss_ace.o)
 .debug_aranges
                0x00000918       0xc8 C:\Users\Brandon\Desktop\robot\SoftConsole\robot_mss_MSS_CM3_0\robot_mss_MSS_CM3_0_hw_platform\Debug\librobot_mss_MSS_CM3_0_hw_platform.a(core_cm3.o)
 .debug_aranges
                0x000009e0       0x30 C:\Users\Brandon\Desktop\robot\SoftConsole\robot_mss_MSS_CM3_0\robot_mss_MSS_CM3_0_hw_platform\Debug\librobot_mss_MSS_CM3_0_hw_platform.a(system_a2fxxxm3.o)
 .debug_aranges
                0x00000a10       0xb0 C:\Users\Brandon\Desktop\robot\SoftConsole\robot_mss_MSS_CM3_0\robot_mss_MSS_CM3_0_hw_platform\Debug\librobot_mss_MSS_CM3_0_hw_platform.a(ace_convert.o)
 .debug_aranges
                0x00000ac0      0x1e8 C:\Users\Brandon\Desktop\robot\SoftConsole\robot_mss_MSS_CM3_0\robot_mss_MSS_CM3_0_hw_platform\Debug\librobot_mss_MSS_CM3_0_hw_platform.a(ace_flags.o)

.debug_pubnames
                0x00000000     0x1ea5
 *(.debug_pubnames)
 .debug_pubnames
                0x00000000       0x1b ./main.o
 .debug_pubnames
                0x0000001b       0xab ./xbee/xbee.o
 .debug_pubnames
                0x000000c6       0xcd ./sleep/sleep.o
 .debug_pubnames
                0x00000193       0x5d ./sfled/sfled.o
 .debug_pubnames
                0x000001f0      0x1ad ./robot/robot.o
 .debug_pubnames
                0x0000039d       0xdc ./rgb_sensor/rgb_sensor.o
 .debug_pubnames
                0x00000479       0xe1 ./rgb_sensor/rgb_util.o
 .debug_pubnames
                0x0000055a       0xcb ./pwm/pwm.o
 .debug_pubnames
                0x00000625      0x16a ./ps/ps.o
 .debug_pubnames
                0x0000078f       0x8e ./motor/motor.o
 .debug_pubnames
                0x0000081d       0x5a ./hbridge/hbridge.o
 .debug_pubnames
                0x00000877       0x75 ./encoder/encoder.o
 .debug_pubnames
                0x000008ec       0x65 ./clk/clk.o
 .debug_pubnames
                0x00000951       0xeb C:/Users/Brandon/Desktop/robot/SoftConsole/robot_mss_MSS_CM3_0/robot_mss_MSS_CM3_0_hw_platform/Debug/CMSIS/startup_gcc/newlib_stubs.o
 .debug_pubnames
                0x00000a3c      0x21c C:\Users\Brandon\Desktop\robot\SoftConsole\robot_mss_MSS_CM3_0\robot_mss_MSS_CM3_0_hw_platform\Debug\librobot_mss_MSS_CM3_0_hw_platform.a(mss_uart.o)
 .debug_pubnames
                0x00000c58      0x2eb C:\Users\Brandon\Desktop\robot\SoftConsole\robot_mss_MSS_CM3_0\robot_mss_MSS_CM3_0_hw_platform\Debug\librobot_mss_MSS_CM3_0_hw_platform.a(mss_i2c.o)
 .debug_pubnames
                0x00000f43       0xb1 C:\Users\Brandon\Desktop\robot\SoftConsole\robot_mss_MSS_CM3_0\robot_mss_MSS_CM3_0_hw_platform\Debug\librobot_mss_MSS_CM3_0_hw_platform.a(mss_gpio.o)
 .debug_pubnames
                0x00000ff4      0x292 C:\Users\Brandon\Desktop\robot\SoftConsole\robot_mss_MSS_CM3_0\robot_mss_MSS_CM3_0_hw_platform\Debug\librobot_mss_MSS_CM3_0_hw_platform.a(mss_ace.o)
 .debug_pubnames
                0x00001286      0x159 C:\Users\Brandon\Desktop\robot\SoftConsole\robot_mss_MSS_CM3_0\robot_mss_MSS_CM3_0_hw_platform\Debug\librobot_mss_MSS_CM3_0_hw_platform.a(core_cm3.o)
 .debug_pubnames
                0x000013df       0xb4 C:\Users\Brandon\Desktop\robot\SoftConsole\robot_mss_MSS_CM3_0\robot_mss_MSS_CM3_0_hw_platform\Debug\librobot_mss_MSS_CM3_0_hw_platform.a(system_a2fxxxm3.o)
 .debug_pubnames
                0x00001493      0x1c7 C:\Users\Brandon\Desktop\robot\SoftConsole\robot_mss_MSS_CM3_0\robot_mss_MSS_CM3_0_hw_platform\Debug\librobot_mss_MSS_CM3_0_hw_platform.a(ace_config.o)
 .debug_pubnames
                0x0000165a      0x1ec C:\Users\Brandon\Desktop\robot\SoftConsole\robot_mss_MSS_CM3_0\robot_mss_MSS_CM3_0_hw_platform\Debug\librobot_mss_MSS_CM3_0_hw_platform.a(ace_convert.o)
 .debug_pubnames
                0x00001846      0x65f C:\Users\Brandon\Desktop\robot\SoftConsole\robot_mss_MSS_CM3_0\robot_mss_MSS_CM3_0_hw_platform\Debug\librobot_mss_MSS_CM3_0_hw_platform.a(ace_flags.o)

.debug_info     0x00000000     0xe9a1
 *(.debug_info .gnu.linkonce.wi.*)
 .debug_info    0x00000000       0xd6 ./main.o
 .debug_info    0x000000d6      0xdf6 ./xbee/xbee.o
 .debug_info    0x00000ecc     0x1001 ./sleep/sleep.o
 .debug_info    0x00001ecd      0x4d5 ./sfled/sfled.o
 .debug_info    0x000023a2      0x8af ./robot/robot.o
 .debug_info    0x00002c51      0xd36 ./rgb_sensor/rgb_sensor.o
 .debug_info    0x00003987      0x3da ./rgb_sensor/rgb_util.o
 .debug_info    0x00003d61      0x353 ./pwm/pwm.o
 .debug_info    0x000040b4      0x7e7 ./ps/ps.o
 .debug_info    0x0000489b      0x37b ./motor/motor.o
 .debug_info    0x00004c16      0x1b6 ./hbridge/hbridge.o
 .debug_info    0x00004dcc      0x1cf ./encoder/encoder.o
 .debug_info    0x00004f9b      0x18d ./clk/clk.o
 .debug_info    0x00005128      0x6bf C:/Users/Brandon/Desktop/robot/SoftConsole/robot_mss_MSS_CM3_0/robot_mss_MSS_CM3_0_hw_platform/Debug/CMSIS/startup_gcc/newlib_stubs.o
 .debug_info    0x000057e7     0x15a4 C:\Users\Brandon\Desktop\robot\SoftConsole\robot_mss_MSS_CM3_0\robot_mss_MSS_CM3_0_hw_platform\Debug\librobot_mss_MSS_CM3_0_hw_platform.a(mss_uart.o)
 .debug_info    0x00006d8b     0x16e7 C:\Users\Brandon\Desktop\robot\SoftConsole\robot_mss_MSS_CM3_0\robot_mss_MSS_CM3_0_hw_platform\Debug\librobot_mss_MSS_CM3_0_hw_platform.a(mss_i2c.o)
 .debug_info    0x00008472     0x1114 C:\Users\Brandon\Desktop\robot\SoftConsole\robot_mss_MSS_CM3_0\robot_mss_MSS_CM3_0_hw_platform\Debug\librobot_mss_MSS_CM3_0_hw_platform.a(mss_gpio.o)
 .debug_info    0x00009586     0x1b0f C:\Users\Brandon\Desktop\robot\SoftConsole\robot_mss_MSS_CM3_0\robot_mss_MSS_CM3_0_hw_platform\Debug\librobot_mss_MSS_CM3_0_hw_platform.a(mss_ace.o)
 .debug_info    0x0000b095      0x54c C:\Users\Brandon\Desktop\robot\SoftConsole\robot_mss_MSS_CM3_0\robot_mss_MSS_CM3_0_hw_platform\Debug\librobot_mss_MSS_CM3_0_hw_platform.a(core_cm3.o)
 .debug_info    0x0000b5e1      0x53c C:\Users\Brandon\Desktop\robot\SoftConsole\robot_mss_MSS_CM3_0\robot_mss_MSS_CM3_0_hw_platform\Debug\librobot_mss_MSS_CM3_0_hw_platform.a(system_a2fxxxm3.o)
 .debug_info    0x0000bb1d      0x503 C:\Users\Brandon\Desktop\robot\SoftConsole\robot_mss_MSS_CM3_0\robot_mss_MSS_CM3_0_hw_platform\Debug\librobot_mss_MSS_CM3_0_hw_platform.a(ace_config.o)
 .debug_info    0x0000c020     0x1ab6 C:\Users\Brandon\Desktop\robot\SoftConsole\robot_mss_MSS_CM3_0\robot_mss_MSS_CM3_0_hw_platform\Debug\librobot_mss_MSS_CM3_0_hw_platform.a(ace_convert.o)
 .debug_info    0x0000dad6      0xecb C:\Users\Brandon\Desktop\robot\SoftConsole\robot_mss_MSS_CM3_0\robot_mss_MSS_CM3_0_hw_platform\Debug\librobot_mss_MSS_CM3_0_hw_platform.a(ace_flags.o)

.debug_abbrev   0x00000000     0x1e1c
 *(.debug_abbrev)
 .debug_abbrev  0x00000000       0x7a ./main.o
 .debug_abbrev  0x0000007a      0x1ea ./xbee/xbee.o
 .debug_abbrev  0x00000264      0x1fa ./sleep/sleep.o
 .debug_abbrev  0x0000045e      0x105 ./sfled/sfled.o
 .debug_abbrev  0x00000563      0x1ca ./robot/robot.o
 .debug_abbrev  0x0000072d      0x19b ./rgb_sensor/rgb_sensor.o
 .debug_abbrev  0x000008c8       0xf5 ./rgb_sensor/rgb_util.o
 .debug_abbrev  0x000009bd       0xf2 ./pwm/pwm.o
 .debug_abbrev  0x00000aaf      0x139 ./ps/ps.o
 .debug_abbrev  0x00000be8       0xf0 ./motor/motor.o
 .debug_abbrev  0x00000cd8       0xab ./hbridge/hbridge.o
 .debug_abbrev  0x00000d83       0xdb ./encoder/encoder.o
 .debug_abbrev  0x00000e5e       0xcb ./clk/clk.o
 .debug_abbrev  0x00000f29      0x130 C:/Users/Brandon/Desktop/robot/SoftConsole/robot_mss_MSS_CM3_0/robot_mss_MSS_CM3_0_hw_platform/Debug/CMSIS/startup_gcc/newlib_stubs.o
 .debug_abbrev  0x00001059      0x245 C:\Users\Brandon\Desktop\robot\SoftConsole\robot_mss_MSS_CM3_0\robot_mss_MSS_CM3_0_hw_platform\Debug\librobot_mss_MSS_CM3_0_hw_platform.a(mss_uart.o)
 .debug_abbrev  0x0000129e      0x22b C:\Users\Brandon\Desktop\robot\SoftConsole\robot_mss_MSS_CM3_0\robot_mss_MSS_CM3_0_hw_platform\Debug\librobot_mss_MSS_CM3_0_hw_platform.a(mss_i2c.o)
 .debug_abbrev  0x000014c9      0x181 C:\Users\Brandon\Desktop\robot\SoftConsole\robot_mss_MSS_CM3_0\robot_mss_MSS_CM3_0_hw_platform\Debug\librobot_mss_MSS_CM3_0_hw_platform.a(mss_gpio.o)
 .debug_abbrev  0x0000164a      0x225 C:\Users\Brandon\Desktop\robot\SoftConsole\robot_mss_MSS_CM3_0\robot_mss_MSS_CM3_0_hw_platform\Debug\librobot_mss_MSS_CM3_0_hw_platform.a(mss_ace.o)
 .debug_abbrev  0x0000186f       0xd9 C:\Users\Brandon\Desktop\robot\SoftConsole\robot_mss_MSS_CM3_0\robot_mss_MSS_CM3_0_hw_platform\Debug\librobot_mss_MSS_CM3_0_hw_platform.a(core_cm3.o)
 .debug_abbrev  0x00001948      0x111 C:\Users\Brandon\Desktop\robot\SoftConsole\robot_mss_MSS_CM3_0\robot_mss_MSS_CM3_0_hw_platform\Debug\librobot_mss_MSS_CM3_0_hw_platform.a(system_a2fxxxm3.o)
 .debug_abbrev  0x00001a59       0xbd C:\Users\Brandon\Desktop\robot\SoftConsole\robot_mss_MSS_CM3_0\robot_mss_MSS_CM3_0_hw_platform\Debug\librobot_mss_MSS_CM3_0_hw_platform.a(ace_config.o)
 .debug_abbrev  0x00001b16      0x191 C:\Users\Brandon\Desktop\robot\SoftConsole\robot_mss_MSS_CM3_0\robot_mss_MSS_CM3_0_hw_platform\Debug\librobot_mss_MSS_CM3_0_hw_platform.a(ace_convert.o)
 .debug_abbrev  0x00001ca7      0x175 C:\Users\Brandon\Desktop\robot\SoftConsole\robot_mss_MSS_CM3_0\robot_mss_MSS_CM3_0_hw_platform\Debug\librobot_mss_MSS_CM3_0_hw_platform.a(ace_flags.o)

.debug_line     0x00000000     0x6ff9
 *(.debug_line)
 .debug_line    0x00000000      0x4aa ./main.o
 .debug_line    0x000004aa      0x529 ./xbee/xbee.o
 .debug_line    0x000009d3      0x625 ./sleep/sleep.o
 .debug_line    0x00000ff8      0x5b5 ./sfled/sfled.o
 .debug_line    0x000015ad      0xb2e ./robot/robot.o
 .debug_line    0x000020db      0x383 ./rgb_sensor/rgb_sensor.o
 .debug_line    0x0000245e      0x40a ./rgb_sensor/rgb_util.o
 .debug_line    0x00002868      0x42e ./pwm/pwm.o
 .debug_line    0x00002c96      0x7d9 ./ps/ps.o
 .debug_line    0x0000346f      0x361 ./motor/motor.o
 .debug_line    0x000037d0      0x361 ./hbridge/hbridge.o
 .debug_line    0x00003b31      0x1a8 ./encoder/encoder.o
 .debug_line    0x00003cd9      0x3aa ./clk/clk.o
 .debug_line    0x00004083      0x4a8 C:/Users/Brandon/Desktop/robot/SoftConsole/robot_mss_MSS_CM3_0/robot_mss_MSS_CM3_0_hw_platform/Debug/CMSIS/startup_gcc/newlib_stubs.o
 .debug_line    0x0000452b      0x5c5 C:\Users\Brandon\Desktop\robot\SoftConsole\robot_mss_MSS_CM3_0\robot_mss_MSS_CM3_0_hw_platform\Debug\librobot_mss_MSS_CM3_0_hw_platform.a(mss_uart.o)
 .debug_line    0x00004af0      0x742 C:\Users\Brandon\Desktop\robot\SoftConsole\robot_mss_MSS_CM3_0\robot_mss_MSS_CM3_0_hw_platform\Debug\librobot_mss_MSS_CM3_0_hw_platform.a(mss_i2c.o)
 .debug_line    0x00005232      0x362 C:\Users\Brandon\Desktop\robot\SoftConsole\robot_mss_MSS_CM3_0\robot_mss_MSS_CM3_0_hw_platform\Debug\librobot_mss_MSS_CM3_0_hw_platform.a(mss_gpio.o)
 .debug_line    0x00005594      0x649 C:\Users\Brandon\Desktop\robot\SoftConsole\robot_mss_MSS_CM3_0\robot_mss_MSS_CM3_0_hw_platform\Debug\librobot_mss_MSS_CM3_0_hw_platform.a(mss_ace.o)
 .debug_line    0x00005bdd      0x274 C:\Users\Brandon\Desktop\robot\SoftConsole\robot_mss_MSS_CM3_0\robot_mss_MSS_CM3_0_hw_platform\Debug\librobot_mss_MSS_CM3_0_hw_platform.a(core_cm3.o)
 .debug_line    0x00005e51      0x2b7 C:\Users\Brandon\Desktop\robot\SoftConsole\robot_mss_MSS_CM3_0\robot_mss_MSS_CM3_0_hw_platform\Debug\librobot_mss_MSS_CM3_0_hw_platform.a(system_a2fxxxm3.o)
 .debug_line    0x00006108      0x1bd C:\Users\Brandon\Desktop\robot\SoftConsole\robot_mss_MSS_CM3_0\robot_mss_MSS_CM3_0_hw_platform\Debug\librobot_mss_MSS_CM3_0_hw_platform.a(ace_config.o)
 .debug_line    0x000062c5      0x511 C:\Users\Brandon\Desktop\robot\SoftConsole\robot_mss_MSS_CM3_0\robot_mss_MSS_CM3_0_hw_platform\Debug\librobot_mss_MSS_CM3_0_hw_platform.a(ace_convert.o)
 .debug_line    0x000067d6      0x823 C:\Users\Brandon\Desktop\robot\SoftConsole\robot_mss_MSS_CM3_0\robot_mss_MSS_CM3_0_hw_platform\Debug\librobot_mss_MSS_CM3_0_hw_platform.a(ace_flags.o)

.debug_frame    0x00000000     0x3554
 *(.debug_frame)
 .debug_frame   0x00000000       0x2c ./main.o
 .debug_frame   0x0000002c      0x108 ./xbee/xbee.o
 .debug_frame   0x00000134      0x2ac ./sleep/sleep.o
 .debug_frame   0x000003e0       0xe4 ./sfled/sfled.o
 .debug_frame   0x000004c4      0x268 ./robot/robot.o
 .debug_frame   0x0000072c      0x164 ./rgb_sensor/rgb_sensor.o
 .debug_frame   0x00000890      0x140 ./rgb_sensor/rgb_util.o
 .debug_frame   0x000009d0      0x128 ./pwm/pwm.o
 .debug_frame   0x00000af8      0x26c ./ps/ps.o
 .debug_frame   0x00000d64       0xec ./motor/motor.o
 .debug_frame   0x00000e50       0x88 ./hbridge/hbridge.o
 .debug_frame   0x00000ed8       0x9c ./encoder/encoder.o
 .debug_frame   0x00000f74       0x64 ./clk/clk.o
 .debug_frame   0x00000fd8      0x21c C:/Users/Brandon/Desktop/robot/SoftConsole/robot_mss_MSS_CM3_0/robot_mss_MSS_CM3_0_hw_platform/Debug/CMSIS/startup_gcc/newlib_stubs.o
 .debug_frame   0x000011f4      0x2e4 C:\Users\Brandon\Desktop\robot\SoftConsole\robot_mss_MSS_CM3_0\robot_mss_MSS_CM3_0_hw_platform\Debug\librobot_mss_MSS_CM3_0_hw_platform.a(mss_uart.o)
 .debug_frame   0x000014d8      0x40c C:\Users\Brandon\Desktop\robot\SoftConsole\robot_mss_MSS_CM3_0\robot_mss_MSS_CM3_0_hw_platform\Debug\librobot_mss_MSS_CM3_0_hw_platform.a(mss_i2c.o)
 .debug_frame   0x000018e4      0x118 C:\Users\Brandon\Desktop\robot\SoftConsole\robot_mss_MSS_CM3_0\robot_mss_MSS_CM3_0_hw_platform\Debug\librobot_mss_MSS_CM3_0_hw_platform.a(mss_gpio.o)
 .debug_frame   0x000019fc      0x2cc C:\Users\Brandon\Desktop\robot\SoftConsole\robot_mss_MSS_CM3_0\robot_mss_MSS_CM3_0_hw_platform\Debug\librobot_mss_MSS_CM3_0_hw_platform.a(mss_ace.o)
 .debug_frame   0x00001cc8      0x248 C:\Users\Brandon\Desktop\robot\SoftConsole\robot_mss_MSS_CM3_0\robot_mss_MSS_CM3_0_hw_platform\Debug\librobot_mss_MSS_CM3_0_hw_platform.a(core_cm3.o)
 .debug_frame   0x00001f10       0x64 C:\Users\Brandon\Desktop\robot\SoftConsole\robot_mss_MSS_CM3_0\robot_mss_MSS_CM3_0_hw_platform\Debug\librobot_mss_MSS_CM3_0_hw_platform.a(system_a2fxxxm3.o)
 .debug_frame   0x00001f74      0x24c C:\Users\Brandon\Desktop\robot\SoftConsole\robot_mss_MSS_CM3_0\robot_mss_MSS_CM3_0_hw_platform\Debug\librobot_mss_MSS_CM3_0_hw_platform.a(ace_convert.o)
 .debug_frame   0x000021c0      0x764 C:\Users\Brandon\Desktop\robot\SoftConsole\robot_mss_MSS_CM3_0\robot_mss_MSS_CM3_0_hw_platform\Debug\librobot_mss_MSS_CM3_0_hw_platform.a(ace_flags.o)
 .debug_frame   0x00002924       0x20 c:/program files (x86)/microsemi/softconsole v3.3/sourcery-g++/bin/../lib/gcc/arm-none-eabi/4.4.1/../../../../arm-none-eabi/lib/thumb2\libc.a(lib_a-errno.o)
 .debug_frame   0x00002944       0x2c c:/program files (x86)/microsemi/softconsole v3.3/sourcery-g++/bin/../lib/gcc/arm-none-eabi/4.4.1/../../../../arm-none-eabi/lib/thumb2\libc.a(lib_a-init.o)
 .debug_frame   0x00002970       0x30 c:/program files (x86)/microsemi/softconsole v3.3/sourcery-g++/bin/../lib/gcc/arm-none-eabi/4.4.1/../../../../arm-none-eabi/lib/thumb2\libc.a(lib_a-malloc.o)
 .debug_frame   0x000029a0       0x3c c:/program files (x86)/microsemi/softconsole v3.3/sourcery-g++/bin/../lib/gcc/arm-none-eabi/4.4.1/../../../../arm-none-eabi/lib/thumb2\libc.a(lib_a-mallocr.o)
 .debug_frame   0x000029dc       0x34 c:/program files (x86)/microsemi/softconsole v3.3/sourcery-g++/bin/../lib/gcc/arm-none-eabi/4.4.1/../../../../arm-none-eabi/lib/thumb2\libc.a(lib_a-memcpy.o)
 .debug_frame   0x00002a10       0x28 c:/program files (x86)/microsemi/softconsole v3.3/sourcery-g++/bin/../lib/gcc/arm-none-eabi/4.4.1/../../../../arm-none-eabi/lib/thumb2\libc.a(lib_a-memset.o)
 .debug_frame   0x00002a38       0x30 c:/program files (x86)/microsemi/softconsole v3.3/sourcery-g++/bin/../lib/gcc/arm-none-eabi/4.4.1/../../../../arm-none-eabi/lib/thumb2\libc.a(lib_a-mlock.o)
 .debug_frame   0x00002a68       0x5c c:/program files (x86)/microsemi/softconsole v3.3/sourcery-g++/bin/../lib/gcc/arm-none-eabi/4.4.1/../../../../arm-none-eabi/lib/thumb2\libc.a(lib_a-printf.o)
 .debug_frame   0x00002ac4       0x2c c:/program files (x86)/microsemi/softconsole v3.3/sourcery-g++/bin/../lib/gcc/arm-none-eabi/4.4.1/../../../../arm-none-eabi/lib/thumb2\libc.a(lib_a-sbrkr.o)
 .debug_frame   0x00002af0       0x28 c:/program files (x86)/microsemi/softconsole v3.3/sourcery-g++/bin/../lib/gcc/arm-none-eabi/4.4.1/../../../../arm-none-eabi/lib/thumb2\libc.a(lib_a-strncmp.o)
 .debug_frame   0x00002b18       0x70 c:/program files (x86)/microsemi/softconsole v3.3/sourcery-g++/bin/../lib/gcc/arm-none-eabi/4.4.1/../../../../arm-none-eabi/lib/thumb2\libc.a(lib_a-vfprintf.o)
 .debug_frame   0x00002b88       0x2c c:/program files (x86)/microsemi/softconsole v3.3/sourcery-g++/bin/../lib/gcc/arm-none-eabi/4.4.1/../../../../arm-none-eabi/lib/thumb2\libc.a(lib_a-wsetup.o)
 .debug_frame   0x00002bb4       0x64 c:/program files (x86)/microsemi/softconsole v3.3/sourcery-g++/bin/../lib/gcc/arm-none-eabi/4.4.1/../../../../arm-none-eabi/lib/thumb2\libc.a(lib_a-dtoa.o)
 .debug_frame   0x00002c18       0x40 c:/program files (x86)/microsemi/softconsole v3.3/sourcery-g++/bin/../lib/gcc/arm-none-eabi/4.4.1/../../../../arm-none-eabi/lib/thumb2\libc.a(lib_a-fflush.o)
 .debug_frame   0x00002c58      0x11c c:/program files (x86)/microsemi/softconsole v3.3/sourcery-g++/bin/../lib/gcc/arm-none-eabi/4.4.1/../../../../arm-none-eabi/lib/thumb2\libc.a(lib_a-findfp.o)
 .debug_frame   0x00002d74       0x50 c:/program files (x86)/microsemi/softconsole v3.3/sourcery-g++/bin/../lib/gcc/arm-none-eabi/4.4.1/../../../../arm-none-eabi/lib/thumb2\libc.a(lib_a-freer.o)
 .debug_frame   0x00002dc4       0x3c c:/program files (x86)/microsemi/softconsole v3.3/sourcery-g++/bin/../lib/gcc/arm-none-eabi/4.4.1/../../../../arm-none-eabi/lib/thumb2\libc.a(lib_a-fvwrite.o)
 .debug_frame   0x00002e00       0x54 c:/program files (x86)/microsemi/softconsole v3.3/sourcery-g++/bin/../lib/gcc/arm-none-eabi/4.4.1/../../../../arm-none-eabi/lib/thumb2\libc.a(lib_a-fwalk.o)
 .debug_frame   0x00002e54       0x6c c:/program files (x86)/microsemi/softconsole v3.3/sourcery-g++/bin/../lib/gcc/arm-none-eabi/4.4.1/../../../../arm-none-eabi/lib/thumb2\libc.a(lib_a-locale.o)
 .debug_frame   0x00002ec0       0x34 c:/program files (x86)/microsemi/softconsole v3.3/sourcery-g++/bin/../lib/gcc/arm-none-eabi/4.4.1/../../../../arm-none-eabi/lib/thumb2\libc.a(lib_a-makebuf.o)
 .debug_frame   0x00002ef4       0x28 c:/program files (x86)/microsemi/softconsole v3.3/sourcery-g++/bin/../lib/gcc/arm-none-eabi/4.4.1/../../../../arm-none-eabi/lib/thumb2\libc.a(lib_a-memchr.o)
 .debug_frame   0x00002f1c       0x2c c:/program files (x86)/microsemi/softconsole v3.3/sourcery-g++/bin/../lib/gcc/arm-none-eabi/4.4.1/../../../../arm-none-eabi/lib/thumb2\libc.a(lib_a-memmove.o)
 .debug_frame   0x00002f48      0x240 c:/program files (x86)/microsemi/softconsole v3.3/sourcery-g++/bin/../lib/gcc/arm-none-eabi/4.4.1/../../../../arm-none-eabi/lib/thumb2\libc.a(lib_a-mprec.o)
 .debug_frame   0x00003188       0x3c c:/program files (x86)/microsemi/softconsole v3.3/sourcery-g++/bin/../lib/gcc/arm-none-eabi/4.4.1/../../../../arm-none-eabi/lib/thumb2\libc.a(lib_a-reallocr.o)
 .debug_frame   0x000031c4       0x64 c:/program files (x86)/microsemi/softconsole v3.3/sourcery-g++/bin/../lib/gcc/arm-none-eabi/4.4.1/../../../../arm-none-eabi/lib/thumb2\libc.a(lib_a-reent.o)
 .debug_frame   0x00003228       0x20 c:/program files (x86)/microsemi/softconsole v3.3/sourcery-g++/bin/../lib/gcc/arm-none-eabi/4.4.1/../../../../arm-none-eabi/lib/thumb2\libc.a(lib_a-s_isinfd.o)
 .debug_frame   0x00003248       0x20 c:/program files (x86)/microsemi/softconsole v3.3/sourcery-g++/bin/../lib/gcc/arm-none-eabi/4.4.1/../../../../arm-none-eabi/lib/thumb2\libc.a(lib_a-s_isnand.o)
 .debug_frame   0x00003268       0x70 c:/program files (x86)/microsemi/softconsole v3.3/sourcery-g++/bin/../lib/gcc/arm-none-eabi/4.4.1/../../../../arm-none-eabi/lib/thumb2\libc.a(lib_a-stdio.o)
 .debug_frame   0x000032d8       0x30 c:/program files (x86)/microsemi/softconsole v3.3/sourcery-g++/bin/../lib/gcc/arm-none-eabi/4.4.1/../../../../arm-none-eabi/lib/thumb2\libc.a(lib_a-strcmp.o)
 .debug_frame   0x00003308       0x20 c:/program files (x86)/microsemi/softconsole v3.3/sourcery-g++/bin/../lib/gcc/arm-none-eabi/4.4.1/../../../../arm-none-eabi/lib/thumb2\libc.a(lib_a-strlen.o)
 .debug_frame   0x00003328       0x2c c:/program files (x86)/microsemi/softconsole v3.3/sourcery-g++/bin/../lib/gcc/arm-none-eabi/4.4.1/../../../../arm-none-eabi/lib/thumb2\libc.a(lib_a-callocr.o)
 .debug_frame   0x00003354       0x2c c:/program files (x86)/microsemi/softconsole v3.3/sourcery-g++/bin/../lib/gcc/arm-none-eabi/4.4.1/../../../../arm-none-eabi/lib/thumb2\libc.a(lib_a-closer.o)
 .debug_frame   0x00003380       0x3c c:/program files (x86)/microsemi/softconsole v3.3/sourcery-g++/bin/../lib/gcc/arm-none-eabi/4.4.1/../../../../arm-none-eabi/lib/thumb2\libc.a(lib_a-fclose.o)
 .debug_frame   0x000033bc       0x2c c:/program files (x86)/microsemi/softconsole v3.3/sourcery-g++/bin/../lib/gcc/arm-none-eabi/4.4.1/../../../../arm-none-eabi/lib/thumb2\libc.a(lib_a-fstatr.o)
 .debug_frame   0x000033e8       0x2c c:/program files (x86)/microsemi/softconsole v3.3/sourcery-g++/bin/../lib/gcc/arm-none-eabi/4.4.1/../../../../arm-none-eabi/lib/thumb2\libc.a(lib_a-isattyr.o)
 .debug_frame   0x00003414       0x2c c:/program files (x86)/microsemi/softconsole v3.3/sourcery-g++/bin/../lib/gcc/arm-none-eabi/4.4.1/../../../../arm-none-eabi/lib/thumb2\libc.a(lib_a-lseekr.o)
 .debug_frame   0x00003440       0x2c c:/program files (x86)/microsemi/softconsole v3.3/sourcery-g++/bin/../lib/gcc/arm-none-eabi/4.4.1/../../../../arm-none-eabi/lib/thumb2\libc.a(lib_a-readr.o)
 .debug_frame   0x0000346c       0x20 c:/program files (x86)/microsemi/softconsole v3.3/sourcery-g++/bin/../lib/gcc/arm-none-eabi/4.4.1/thumb2\libgcc.a(_udivsi3.o)
 .debug_frame   0x0000348c       0x50 c:/program files (x86)/microsemi/softconsole v3.3/sourcery-g++/bin/../lib/gcc/arm-none-eabi/4.4.1/thumb2\libgcc.a(bpabi.o)
 .debug_frame   0x000034dc       0x3c c:/program files (x86)/microsemi/softconsole v3.3/sourcery-g++/bin/../lib/gcc/arm-none-eabi/4.4.1/thumb2\libgcc.a(_divdi3.o)
 .debug_frame   0x00003518       0x3c c:/program files (x86)/microsemi/softconsole v3.3/sourcery-g++/bin/../lib/gcc/arm-none-eabi/4.4.1/thumb2\libgcc.a(_udivdi3.o)

.debug_str      0x00000000     0x5123
 *(.debug_str)
 .debug_str     0x00000000      0x100 ./main.o
                                0x13e (size before relaxing)
 .debug_str     0x00000100      0xec3 ./xbee/xbee.o
                               0x1026 (size before relaxing)
 .debug_str     0x00000fc3      0x619 ./sleep/sleep.o
                               0x122a (size before relaxing)
 .debug_str     0x000015dc      0x3a0 ./sfled/sfled.o
                                0x4c9 (size before relaxing)
 .debug_str     0x0000197c      0x3d9 ./robot/robot.o
                                0x6be (size before relaxing)
 .debug_str     0x00001d55      0x556 ./rgb_sensor/rgb_sensor.o
                               0x11c9 (size before relaxing)
 .debug_str     0x000022ab       0xdf ./rgb_sensor/rgb_util.o
                                0x20f (size before relaxing)
 .debug_str     0x0000238a       0xfa ./pwm/pwm.o
                                0x277 (size before relaxing)
 .debug_str     0x00002484      0x1a2 ./ps/ps.o
                                0x3bb (size before relaxing)
 .debug_str     0x00002626       0xdd ./motor/motor.o
                                0x2fd (size before relaxing)
 .debug_str     0x00002703       0x79 ./hbridge/hbridge.o
                                0x1be (size before relaxing)
 .debug_str     0x0000277c       0xc9 ./encoder/encoder.o
                                0x1bf (size before relaxing)
 .debug_str     0x00002845       0x53 ./clk/clk.o
                                0x18d (size before relaxing)
 .debug_str     0x00002898      0x23c C:/Users/Brandon/Desktop/robot/SoftConsole/robot_mss_MSS_CM3_0/robot_mss_MSS_CM3_0_hw_platform/Debug/CMSIS/startup_gcc/newlib_stubs.o
                                0x325 (size before relaxing)
 .debug_str     0x00002ad4      0x2f3 C:\Users\Brandon\Desktop\robot\SoftConsole\robot_mss_MSS_CM3_0\robot_mss_MSS_CM3_0_hw_platform\Debug\librobot_mss_MSS_CM3_0_hw_platform.a(mss_uart.o)
                               0x14b6 (size before relaxing)
 .debug_str     0x00002dc7      0x38c C:\Users\Brandon\Desktop\robot\SoftConsole\robot_mss_MSS_CM3_0\robot_mss_MSS_CM3_0_hw_platform\Debug\librobot_mss_MSS_CM3_0_hw_platform.a(mss_i2c.o)
                               0x1756 (size before relaxing)
 .debug_str     0x00003153      0x14f C:\Users\Brandon\Desktop\robot\SoftConsole\robot_mss_MSS_CM3_0\robot_mss_MSS_CM3_0_hw_platform\Debug\librobot_mss_MSS_CM3_0_hw_platform.a(mss_gpio.o)
                               0x128e (size before relaxing)
 .debug_str     0x000032a2     0x1044 C:\Users\Brandon\Desktop\robot\SoftConsole\robot_mss_MSS_CM3_0\robot_mss_MSS_CM3_0_hw_platform\Debug\librobot_mss_MSS_CM3_0_hw_platform.a(mss_ace.o)
                               0x12ce (size before relaxing)
 .debug_str     0x000042e6      0x13b C:\Users\Brandon\Desktop\robot\SoftConsole\robot_mss_MSS_CM3_0\robot_mss_MSS_CM3_0_hw_platform\Debug\librobot_mss_MSS_CM3_0_hw_platform.a(core_cm3.o)
                                0x26c (size before relaxing)
 .debug_str     0x00004421       0xf7 C:\Users\Brandon\Desktop\robot\SoftConsole\robot_mss_MSS_CM3_0\robot_mss_MSS_CM3_0_hw_platform\Debug\librobot_mss_MSS_CM3_0_hw_platform.a(system_a2fxxxm3.o)
                                0x459 (size before relaxing)
 .debug_str     0x00004518      0x255 C:\Users\Brandon\Desktop\robot\SoftConsole\robot_mss_MSS_CM3_0\robot_mss_MSS_CM3_0_hw_platform\Debug\librobot_mss_MSS_CM3_0_hw_platform.a(ace_config.o)
                                0x4a8 (size before relaxing)
 .debug_str     0x0000476d      0x32c C:\Users\Brandon\Desktop\robot\SoftConsole\robot_mss_MSS_CM3_0\robot_mss_MSS_CM3_0_hw_platform\Debug\librobot_mss_MSS_CM3_0_hw_platform.a(ace_convert.o)
                                0xfa0 (size before relaxing)
 .debug_str     0x00004a99      0x68a C:\Users\Brandon\Desktop\robot\SoftConsole\robot_mss_MSS_CM3_0\robot_mss_MSS_CM3_0_hw_platform\Debug\librobot_mss_MSS_CM3_0_hw_platform.a(ace_flags.o)
                               0x12ee (size before relaxing)

.debug_loc      0x00000000     0x44fd
 *(.debug_loc)
 .debug_loc     0x00000000       0x2b ./main.o
 .debug_loc     0x0000002b      0x1ac ./xbee/xbee.o
 .debug_loc     0x000001d7      0x46d ./sleep/sleep.o
 .debug_loc     0x00000644      0x175 ./sfled/sfled.o
 .debug_loc     0x000007b9      0x41c ./robot/robot.o
 .debug_loc     0x00000bd5      0x239 ./rgb_sensor/rgb_sensor.o
 .debug_loc     0x00000e0e      0x228 ./rgb_sensor/rgb_util.o
 .debug_loc     0x00001036      0x1ef ./pwm/pwm.o
 .debug_loc     0x00001225      0x417 ./ps/ps.o
 .debug_loc     0x0000163c      0x181 ./motor/motor.o
 .debug_loc     0x000017bd       0xdc ./hbridge/hbridge.o
 .debug_loc     0x00001899      0x113 ./encoder/encoder.o
 .debug_loc     0x000019ac       0xa5 ./clk/clk.o
 .debug_loc     0x00001a51      0x3c6 C:/Users/Brandon/Desktop/robot/SoftConsole/robot_mss_MSS_CM3_0/robot_mss_MSS_CM3_0_hw_platform/Debug/CMSIS/startup_gcc/newlib_stubs.o
 .debug_loc     0x00001e17      0x510 C:\Users\Brandon\Desktop\robot\SoftConsole\robot_mss_MSS_CM3_0\robot_mss_MSS_CM3_0_hw_platform\Debug\librobot_mss_MSS_CM3_0_hw_platform.a(mss_uart.o)
 .debug_loc     0x00002327      0x736 C:\Users\Brandon\Desktop\robot\SoftConsole\robot_mss_MSS_CM3_0\robot_mss_MSS_CM3_0_hw_platform\Debug\librobot_mss_MSS_CM3_0_hw_platform.a(mss_i2c.o)
 .debug_loc     0x00002a5d      0x1ef C:\Users\Brandon\Desktop\robot\SoftConsole\robot_mss_MSS_CM3_0\robot_mss_MSS_CM3_0_hw_platform\Debug\librobot_mss_MSS_CM3_0_hw_platform.a(mss_gpio.o)
 .debug_loc     0x00002c4c      0x53b C:\Users\Brandon\Desktop\robot\SoftConsole\robot_mss_MSS_CM3_0\robot_mss_MSS_CM3_0_hw_platform\Debug\librobot_mss_MSS_CM3_0_hw_platform.a(mss_ace.o)
 .debug_loc     0x00003187      0x3de C:\Users\Brandon\Desktop\robot\SoftConsole\robot_mss_MSS_CM3_0\robot_mss_MSS_CM3_0_hw_platform\Debug\librobot_mss_MSS_CM3_0_hw_platform.a(core_cm3.o)
 .debug_loc     0x00003565       0x99 C:\Users\Brandon\Desktop\robot\SoftConsole\robot_mss_MSS_CM3_0\robot_mss_MSS_CM3_0_hw_platform\Debug\librobot_mss_MSS_CM3_0_hw_platform.a(system_a2fxxxm3.o)
 .debug_loc     0x000035fe      0x415 C:\Users\Brandon\Desktop\robot\SoftConsole\robot_mss_MSS_CM3_0\robot_mss_MSS_CM3_0_hw_platform\Debug\librobot_mss_MSS_CM3_0_hw_platform.a(ace_convert.o)
 .debug_loc     0x00003a13      0xaea C:\Users\Brandon\Desktop\robot\SoftConsole\robot_mss_MSS_CM3_0\robot_mss_MSS_CM3_0_hw_platform\Debug\librobot_mss_MSS_CM3_0_hw_platform.a(ace_flags.o)

.debug_macinfo  0x00000000    0x8716e
 *(.debug_macinfo)
 .debug_macinfo
                0x00000000     0x9606 ./main.o
 .debug_macinfo
                0x00009606     0x7b14 ./xbee/xbee.o
 .debug_macinfo
                0x0001111a     0x8122 ./sleep/sleep.o
 .debug_macinfo
                0x0001923c     0x76d5 ./sfled/sfled.o
 .debug_macinfo
                0x00020911     0xa53f ./robot/robot.o
 .debug_macinfo
                0x0002ae50     0x6769 ./rgb_sensor/rgb_sensor.o
 .debug_macinfo
                0x000315b9     0x4473 ./rgb_sensor/rgb_util.o
 .debug_macinfo
                0x00035a2c     0x4423 ./pwm/pwm.o
 .debug_macinfo
                0x00039e4f     0x8565 ./ps/ps.o
 .debug_macinfo
                0x000423b4     0x63de ./motor/motor.o
 .debug_macinfo
                0x00048792     0x2a01 ./hbridge/hbridge.o
 .debug_macinfo
                0x0004b193     0x25bd ./encoder/encoder.o
 .debug_macinfo
                0x0004d750     0x4416 ./clk/clk.o
 .debug_macinfo
                0x00051b66     0x4bf0 C:/Users/Brandon/Desktop/robot/SoftConsole/robot_mss_MSS_CM3_0/robot_mss_MSS_CM3_0_hw_platform/Debug/CMSIS/startup_gcc/newlib_stubs.o
 .debug_macinfo