Archive member included because of file (symbol)

C:\Users\rmall\Documents\college\junior\eecs373\game_master\SoftConsole\GM_MSS_MSS_CM3_0\GM_MSS_MSS_CM3_0_hw_platform\Debug\libGM_MSS_MSS_CM3_0_hw_platform.a(mss_uart.o)
                              ./xbee/xbee.o (g_mss_uart1)
C:\Users\rmall\Documents\college\junior\eecs373\game_master\SoftConsole\GM_MSS_MSS_CM3_0\GM_MSS_MSS_CM3_0_hw_platform\Debug\libGM_MSS_MSS_CM3_0_hw_platform.a(core_uart_apb.o)
                              ./led/led.o (UART_init)
C:\Users\rmall\Documents\college\junior\eecs373\game_master\SoftConsole\GM_MSS_MSS_CM3_0\GM_MSS_MSS_CM3_0_hw_platform\Debug\libGM_MSS_MSS_CM3_0_hw_platform.a(core_16550.o)
                              ./N64/N64.o (UART_16550_init)
C:\Users\rmall\Documents\college\junior\eecs373\game_master\SoftConsole\GM_MSS_MSS_CM3_0\GM_MSS_MSS_CM3_0_hw_platform\Debug\libGM_MSS_MSS_CM3_0_hw_platform.a(system_a2fxxxm3.o)
                              C:\Users\rmall\Documents\college\junior\eecs373\game_master\SoftConsole\GM_MSS_MSS_CM3_0\GM_MSS_MSS_CM3_0_hw_platform\Debug\libGM_MSS_MSS_CM3_0_hw_platform.a(mss_uart.o) (g_FrequencyPCLK0)
C:\Users\rmall\Documents\college\junior\eecs373\game_master\SoftConsole\GM_MSS_MSS_CM3_0\GM_MSS_MSS_CM3_0_hw_platform\Debug\libGM_MSS_MSS_CM3_0_hw_platform.a(hal_assert.o)
                              C:\Users\rmall\Documents\college\junior\eecs373\game_master\SoftConsole\GM_MSS_MSS_CM3_0\GM_MSS_MSS_CM3_0_hw_platform\Debug\libGM_MSS_MSS_CM3_0_hw_platform.a(core_uart_apb.o) (HAL_assert_fail)
C:\Users\rmall\Documents\college\junior\eecs373\game_master\SoftConsole\GM_MSS_MSS_CM3_0\GM_MSS_MSS_CM3_0_hw_platform\Debug\libGM_MSS_MSS_CM3_0_hw_platform.a(hw_reg_access.o)
                              C:\Users\rmall\Documents\college\junior\eecs373\game_master\SoftConsole\GM_MSS_MSS_CM3_0\GM_MSS_MSS_CM3_0_hw_platform\Debug\libGM_MSS_MSS_CM3_0_hw_platform.a(core_uart_apb.o) (HW_set_8bit_reg)
c:/program files (x86)/microsemi/softconsole v3.3/sourcery-g++/bin/../lib/gcc/arm-none-eabi/4.4.1/thumb2\libgcc.a(_arm_addsubdf3.o)
                              ./rgb_util/rgb_util.o (__aeabi_dsub)
c:/program files (x86)/microsemi/softconsole v3.3/sourcery-g++/bin/../lib/gcc/arm-none-eabi/4.4.1/thumb2\libgcc.a(_arm_muldivdf3.o)
                              ./sleep/sleep.o (__aeabi_dmul)
c:/program files (x86)/microsemi/softconsole v3.3/sourcery-g++/bin/../lib/gcc/arm-none-eabi/4.4.1/thumb2\libgcc.a(_arm_cmpdf2.o)
                              ./rgb_util/rgb_util.o (__aeabi_dcmpeq)
c:/program files (x86)/microsemi/softconsole v3.3/sourcery-g++/bin/../lib/gcc/arm-none-eabi/4.4.1/thumb2\libgcc.a(_arm_fixunsdfsi.o)
                              ./sleep/sleep.o (__aeabi_d2uiz)
c:/program files (x86)/microsemi/softconsole v3.3/sourcery-g++/bin/../lib/gcc/arm-none-eabi/4.4.1/thumb2\libgcc.a(_arm_truncdfsf2.o)
                              ./led/color_util.o (__aeabi_d2f)
c:/program files (x86)/microsemi/softconsole v3.3/sourcery-g++/bin/../lib/gcc/arm-none-eabi/4.4.1/thumb2\libgcc.a(_arm_addsubsf3.o)
                              ./led/color_util.o (__aeabi_fsub)
c:/program files (x86)/microsemi/softconsole v3.3/sourcery-g++/bin/../lib/gcc/arm-none-eabi/4.4.1/thumb2\libgcc.a(_arm_muldivsf3.o)
                              ./led/color_util.o (__aeabi_fmul)
c:/program files (x86)/microsemi/softconsole v3.3/sourcery-g++/bin/../lib/gcc/arm-none-eabi/4.4.1/thumb2\libgcc.a(_arm_cmpsf2.o)
                              ./led/color_util.o (__aeabi_fcmple)
c:/program files (x86)/microsemi/softconsole v3.3/sourcery-g++/bin/../lib/gcc/arm-none-eabi/4.4.1/thumb2\libgcc.a(_arm_fixsfsi.o)
                              ./led/color_util.o (__aeabi_f2iz)
c:/program files (x86)/microsemi/softconsole v3.3/sourcery-g++/bin/../lib/gcc/arm-none-eabi/4.4.1/../../../../arm-none-eabi/lib/thumb2\libc.a(lib_a-assert.o)
                              ./game_master.o (__assert_func)
c:/program files (x86)/microsemi/softconsole v3.3/sourcery-g++/bin/../lib/gcc/arm-none-eabi/4.4.1/../../../../arm-none-eabi/lib/thumb2\libc.a(lib_a-errno.o)
                              C:/Users/rmall/Documents/college/junior/eecs373/game_master/SoftConsole/GM_MSS_MSS_CM3_0/GM_MSS_MSS_CM3_0_hw_platform/Debug/CMSIS/startup_gcc/newlib_stubs.o (__errno)
c:/program files (x86)/microsemi/softconsole v3.3/sourcery-g++/bin/../lib/gcc/arm-none-eabi/4.4.1/../../../../arm-none-eabi/lib/thumb2\libc.a(lib_a-fflush.o)
                              ./N64/N64.o (fflush)
c:/program files (x86)/microsemi/softconsole v3.3/sourcery-g++/bin/../lib/gcc/arm-none-eabi/4.4.1/../../../../arm-none-eabi/lib/thumb2\libc.a(lib_a-findfp.o)
                              c:/program files (x86)/microsemi/softconsole v3.3/sourcery-g++/bin/../lib/gcc/arm-none-eabi/4.4.1/../../../../arm-none-eabi/lib/thumb2\libc.a(lib_a-fflush.o) (__sinit)
c:/program files (x86)/microsemi/softconsole v3.3/sourcery-g++/bin/../lib/gcc/arm-none-eabi/4.4.1/../../../../arm-none-eabi/lib/thumb2\libc.a(lib_a-fiprintf.o)
[...]
Memory Configuration

Name             Origin             Length             Attributes
rom              0x60000000         0x00040000         xr
romMirror        0x00000000         0x00040000         xr
ram              0x20000000         0x00010000         xrw
*default*        0x00000000         0xffffffff

Linker script and memory map

LOAD c:/program files (x86)/microsemi/softconsole v3.3/sourcery-g++/bin/../lib/gcc/arm-none-eabi/4.4.1/thumb2/crti.o
LOAD c:/program files (x86)/microsemi/softconsole v3.3/sourcery-g++/bin/../lib/gcc/arm-none-eabi/4.4.1/thumb2/crtbegin.o
LOAD ./game_master.o
LOAD ./main.o
LOAD ./xbee/xbee.o
LOAD ./sleep/sleep.o
LOAD ./robot/robot.o
LOAD ./rgb_util/rgb_util.o
LOAD ./led/color_util.o
LOAD ./led/led.o
LOAD ./grid/grid.o
LOAD ./clk/clk.o
LOAD ./N64/N64.o
LOAD C:/Users/rmall/Documents/college/junior/eecs373/game_master/SoftConsole/GM_MSS_MSS_CM3_0/GM_MSS_MSS_CM3_0_hw_platform/Debug/CMSIS/startup_gcc/startup_a2fxxxm3.o
LOAD C:/Users/rmall/Documents/college/junior/eecs373/game_master/SoftConsole/GM_MSS_MSS_CM3_0/GM_MSS_MSS_CM3_0_hw_platform/Debug/CMSIS/startup_gcc/newlib_stubs.o
LOAD C:\Users\rmall\Documents\college\junior\eecs373\game_master\SoftConsole\GM_MSS_MSS_CM3_0\GM_MSS_MSS_CM3_0_hw_platform\Debug\libGM_MSS_MSS_CM3_0_hw_platform.a
START GROUP
LOAD c:/program files (x86)/microsemi/softconsole v3.3/sourcery-g++/bin/../lib/gcc/arm-none-eabi/4.4.1/thumb2\libgcc.a
LOAD c:/program files (x86)/microsemi/softconsole v3.3/sourcery-g++/bin/../lib/gcc/arm-none-eabi/4.4.1/../../../../arm-none-eabi/lib/thumb2\libc.a
END GROUP
LOAD c:/program files (x86)/microsemi/softconsole v3.3/sourcery-g++/bin/../lib/gcc/arm-none-eabi/4.4.1/thumb2/crtend.o
LOAD c:/program files (x86)/microsemi/softconsole v3.3/sourcery-g++/bin/../lib/gcc/arm-none-eabi/4.4.1/thumb2/crtn.o
START GROUP
LOAD c:/program files (x86)/microsemi/softconsole v3.3/sourcery-g++/bin/../lib/gcc/arm-none-eabi/4.4.1/../../../../arm-none-eabi/lib/thumb2\libc.a
LOAD c:/program files (x86)/microsemi/softconsole v3.3/sourcery-g++/bin/../lib/gcc/arm-none-eabi/4.4.1/thumb2\libgcc.a
LOAD c:/program files (x86)/microsemi/softconsole v3.3/sourcery-g++/bin/../lib/gcc/arm-none-eabi/4.4.1/../../../../arm-none-eabi/lib/thumb2\libm.a
END GROUP
                0x00000000                __DYNAMIC = 0x0
                0x20000000                RAM_START_ADDRESS = 0x20000000
                0x00010000                RAM_SIZE = 0x10000
                0x00002000                MAIN_STACK_SIZE = 0x2000
                0x00001000                PROCESS_STACK_SIZE = 0x1000
                0x20010000                PROVIDE (__main_stack_start, (RAM_START_ADDRESS + RAM_SIZE))
                0x2000e000                PROVIDE (__process_stack_start, (__main_stack_start - MAIN_STACK_SIZE))
                0x20010000                PROVIDE (_estack, __main_stack_start)
                0x00000001                PROVIDE (__mirrored_nvm, 0x1)

.init           0x00000000      0x470 load address 0x60000000
                0x00000000                __vector_table_vma_base_address = .
 *(.isr_vector)
 .isr_vector    0x00000000      0x470 C:/Users/rmall/Documents/college/junior/eecs373/game_master/SoftConsole/GM_MSS_MSS_CM3_0/GM_MSS_MSS_CM3_0_hw_platform/Debug/CMSIS/startup_gcc/startup_a2fxxxm3.o
                0x00000000                g_pfnVectors
                0x00000298                Reset_Handler
                0x00000308                NMI_Handler
                0x0000030a                HardFault_Handler
                0x0000030c                MemManage_Handler
                0x0000030e                BusFault_Handler
                0x00000310                UsageFault_Handler
                0x00000312                SVC_Handler
                0x00000314                DebugMon_Handler
                0x00000316                PendSV_Handler
                0x00000318                SysTick_Handler
                0x0000031a                WdogWakeup_IRQHandler
                0x0000031c                BrownOut_1_5V_IRQHandler
                0x0000031e                BrownOut_3_3V_IRQHandler
                0x00000320                RTC_Match_IRQHandler
                0x00000322                RTCIF_Pub_IRQHandler
                0x00000324                EthernetMAC_IRQHandler
                0x00000326                IAP_IRQHandler
                0x00000328                ENVM0_IRQHandler
                0x0000032a                ENVM1_IRQHandler
                0x0000032c                DMA_IRQHandler
                0x00000332                SPI0_IRQHandler
                0x00000334                SPI1_IRQHandler
                0x00000336                I2C0_IRQHandler
                0x00000338                I2C0_SMBAlert_IRQHandler
                0x0000033a                I2C0_SMBus_IRQHandler
                0x0000033c                I2C1_IRQHandler
                0x0000033e                I2C1_SMBAlert_IRQHandler
                0x00000340                I2C1_SMBus_IRQHandler
                0x00000346                PLL_Lock_IRQHandler
                0x00000348                PLL_LockLost_IRQHandler
                0x0000034a                CommError_IRQHandler
                0x0000034e                GPIO0_IRQHandler
                0x00000350                GPIO1_IRQHandler
                0x00000352                GPIO2_IRQHandler
                0x00000354                GPIO3_IRQHandler
                0x00000356                GPIO4_IRQHandler
                0x00000358                GPIO5_IRQHandler
                0x0000035a                GPIO6_IRQHandler
                0x0000035c                GPIO7_IRQHandler
                0x0000035e                GPIO8_IRQHandler
                0x00000360                GPIO9_IRQHandler
                0x00000362                GPIO10_IRQHandler
                0x00000364                GPIO11_IRQHandler
                0x00000366                GPIO12_IRQHandler
                0x00000368                GPIO13_IRQHandler
                0x0000036a                GPIO14_IRQHandler
                0x0000036c                GPIO15_IRQHandler
                0x0000036e                GPIO16_IRQHandler
                0x00000370                GPIO17_IRQHandler
                0x00000372                GPIO18_IRQHandler
                0x00000374                GPIO19_IRQHandler
                0x00000376                GPIO20_IRQHandler
                0x00000378                GPIO21_IRQHandler
                0x0000037a                GPIO22_IRQHandler
                0x0000037c                GPIO23_IRQHandler
                0x0000037e                GPIO24_IRQHandler
                0x00000380                GPIO25_IRQHandler
                0x00000382                GPIO26_IRQHandler
                0x00000384                GPIO27_IRQHandler
                0x00000386                GPIO28_IRQHandler
                0x00000388                GPIO29_IRQHandler
                0x0000038a                GPIO30_IRQHandler
                0x0000038c                GPIO31_IRQHandler
                0x0000038e                ACE_PC0_Flag0_IRQHandler
                0x00000390                ACE_PC0_Flag1_IRQHandler
                0x00000392                ACE_PC0_Flag2_IRQHandler
                0x00000394                ACE_PC0_Flag3_IRQHandler
                0x00000396                ACE_PC1_Flag0_IRQHandler
                0x00000398                ACE_PC1_Flag1_IRQHandler
                0x0000039a                ACE_PC1_Flag2_IRQHandler
                0x0000039c                ACE_PC1_Flag3_IRQHandler
                0x0000039e                ACE_PC2_Flag0_IRQHandler
                0x000003a0                ACE_PC2_Flag1_IRQHandler
                0x000003a2                ACE_PC2_Flag2_IRQHandler
                0x000003a4                ACE_PC2_Flag3_IRQHandler
                0x000003a6                ACE_ADC0_DataValid_IRQHandler
                0x000003a8                ACE_ADC1_DataValid_IRQHandler
                0x000003aa                ACE_ADC2_DataValid_IRQHandler
                0x000003ac                ACE_ADC0_CalDone_IRQHandler
                0x000003ae                ACE_ADC1_CalDone_IRQHandler
                0x000003b0                ACE_ADC2_CalDone_IRQHandler
                0x000003b2                ACE_ADC0_CalStart_IRQHandler
                0x000003b4                ACE_ADC1_CalStart_IRQHandler
                0x000003b6                ACE_ADC2_CalStart_IRQHandler
                0x000003b8                ACE_Comp0_Fall_IRQHandler
                0x000003ba                ACE_Comp1_Fall_IRQHandler
                0x000003bc                ACE_Comp2_Fall_IRQHandler
                0x000003be                ACE_Comp3_Fall_IRQHandler
                0x000003c0                ACE_Comp4_Fall_IRQHandler
                0x000003c2                ACE_Comp5_Fall_IRQHandler
                0x000003c4                ACE_Comp6_Fall_IRQHandler
                0x000003c6                ACE_Comp7_Fall_IRQHandler
                0x000003c8                ACE_Comp8_Fall_IRQHandler
                0x000003ca                ACE_Comp9_Fall_IRQHandler
                0x000003cc                ACE_Comp10_Fall_IRQHandler
                0x000003ce                ACE_Comp11_Fall_IRQHandler
                0x000003d0                ACE_Comp0_Rise_IRQHandler
                0x000003d2                ACE_Comp1_Rise_IRQHandler
                0x000003d4                ACE_Comp2_Rise_IRQHandler
                0x000003d6                ACE_Comp3_Rise_IRQHandler
                0x000003d8                ACE_Comp4_Rise_IRQHandler
                0x000003da                ACE_Comp5_Rise_IRQHandler
                0x000003dc                ACE_Comp6_Rise_IRQHandler
                0x000003de                ACE_Comp7_Rise_IRQHandler
                0x000003e0                ACE_Comp8_Rise_IRQHandler
                0x000003e2                ACE_Comp9_Rise_IRQHandler
                0x000003e4                ACE_Comp10_Rise_IRQHandler
                0x000003e6                ACE_Comp11_Rise_IRQHandler
                0x000003e8                ACE_ADC0_FifoFull_IRQHandler
                0x000003ea                ACE_ADC0_FifoAFull_IRQHandler
                0x000003ec                ACE_ADC0_FifoEmpty_IRQHandler
                0x000003ee                ACE_ADC1_FifoFull_IRQHandler
                0x000003f0                ACE_ADC1_FifoAFull_IRQHandler
                0x000003f2                ACE_ADC1_FifoEmpty_IRQHandler
                0x000003f4                ACE_ADC2_FifoFull_IRQHandler
                0x000003f6                ACE_ADC2_FifoAFull_IRQHandler
                0x000003f8                ACE_ADC2_FifoEmpty_IRQHandler
                0x000003fa                ACE_PPE_Flag0_IRQHandler
                0x000003fc                ACE_PPE_Flag1_IRQHandler
                0x000003fe                ACE_PPE_Flag2_IRQHandler
                0x00000400                ACE_PPE_Flag3_IRQHandler
                0x00000402                ACE_PPE_Flag4_IRQHandler
                0x00000404                ACE_PPE_Flag5_IRQHandler
                0x00000406                ACE_PPE_Flag6_IRQHandler
                0x00000408                ACE_PPE_Flag7_IRQHandler
                0x0000040a                ACE_PPE_Flag8_IRQHandler
                0x0000040c                ACE_PPE_Flag9_IRQHandler
                0x0000040e                ACE_PPE_Flag10_IRQHandler
                0x00000410                ACE_PPE_Flag11_IRQHandler
                0x00000412                ACE_PPE_Flag12_IRQHandler
                0x00000414                ACE_PPE_Flag13_IRQHandler
                0x00000416                ACE_PPE_Flag14_IRQHandler
                0x00000418                ACE_PPE_Flag15_IRQHandler
                0x0000041a                ACE_PPE_Flag16_IRQHandler
                0x0000041c                ACE_PPE_Flag17_IRQHandler
                0x0000041e                ACE_PPE_Flag18_IRQHandler
                0x00000420                ACE_PPE_Flag19_IRQHandler
                0x00000422                ACE_PPE_Flag20_IRQHandler
                0x00000424                ACE_PPE_Flag21_IRQHandler
                0x00000426                ACE_PPE_Flag22_IRQHandler
                0x00000428                ACE_PPE_Flag23_IRQHandler
                0x0000042a                ACE_PPE_Flag24_IRQHandler
                0x0000042c                ACE_PPE_Flag25_IRQHandler
                0x0000042e                ACE_PPE_Flag26_IRQHandler
                0x00000430                ACE_PPE_Flag27_IRQHandler
                0x00000432                ACE_PPE_Flag28_IRQHandler
                0x00000434                ACE_PPE_Flag29_IRQHandler
                0x00000436                ACE_PPE_Flag30_IRQHandler
                0x00000438                ACE_PPE_Flag31_IRQHandler
                0x00000470                . = ALIGN (0x4)

.text           0x00000470     0x9704 load address 0x60000470
 CREATE_OBJECT_SYMBOLS
                0x60000470                __text_load = LOADADDR (.text)
                0x00000470                __text_start = .
 *(.text .text.* .gnu.linkonce.t.*)
 .text          0x00000470       0x30 c:/program files (x86)/microsemi/softconsole v3.3/sourcery-g++/bin/../lib/gcc/arm-none-eabi/4.4.1/thumb2/crtbegin.o
 .text.array_cell_t_init
                0x000004a0       0x34 ./game_master.o
                0x000004a0                array_cell_t_init
 .text.array_cell_t_destroy
                0x000004d4       0x34 ./game_master.o
                0x000004d4                array_cell_t_destroy
 .text.array_cell_t_empty
                0x00000508       0x20 ./game_master.o
                0x00000508                array_cell_t_empty
 .text.array_cell_t_full
                0x00000528       0x24 ./game_master.o
                0x00000528                array_cell_t_full
 .text.array_cell_t_back
                0x0000054c       0x34 ./game_master.o
                0x0000054c                array_cell_t_back
 .text.array_cell_t_grow
                0x00000580       0x78 ./game_master.o
                0x00000580                array_cell_t_grow
 .text.array_cell_t_push
                0x000005f8       0x4c ./game_master.o
                0x000005f8                array_cell_t_push
 .text.array_bucket_cell_t_double_init
                0x00000644       0x3c ./game_master.o
                0x00000644                array_bucket_cell_t_double_init
 .text.array_bucket_cell_t_double_destroy
                0x00000680       0x34 ./game_master.o
                0x00000680                array_bucket_cell_t_double_destroy
 .text.array_bucket_cell_t_double_empty
                0x000006b4       0x20 ./game_master.o
                0x000006b4                array_bucket_cell_t_double_empty
 .text.array_bucket_cell_t_double_full
                0x000006d4       0x24 ./game_master.o
                0x000006d4                array_bucket_cell_t_double_full
 .text.array_bucket_cell_t_double_inbounds
                0x000006f8       0x24 ./game_master.o
                0x000006f8                array_bucket_cell_t_double_inbounds
 .text.array_bucket_cell_t_double_num_els
                0x0000071c       0x18 ./game_master.o
                0x0000071c                array_bucket_cell_t_double_num_els
 .text.array_bucket_cell_t_double_front
                0x00000734       0x24 ./game_master.o
                0x00000734                array_bucket_cell_t_double_front
 .text.array_bucket_cell_t_double_ith
                0x00000758       0x38 ./game_master.o
                0x00000758                array_bucket_cell_t_double_ith
 .text.array_bucket_cell_t_double_back
                0x00000790       0x3c ./game_master.o
                0x00000790                array_bucket_cell_t_double_back
 .text.array_bucket_cell_t_double_end
                0x000007cc       0x20 ./game_master.o
                0x000007cc                array_bucket_cell_t_double_end
 .text.array_bucket_cell_t_double_grow
                0x000007ec       0xa0 ./game_master.o
                0x000007ec                array_bucket_cell_t_double_grow
 .text.array_bucket_cell_t_double_push
                0x0000088c       0x64 ./game_master.o
                0x0000088c                array_bucket_cell_t_double_push
 .text.map_cell_t_double_destroy
                0x000008f0       0x18 ./game_master.o
                0x000008f0                map_cell_t_double_destroy
 .text.map_cell_t_double_init
                0x00000908      0x108 ./game_master.o
                0x00000908                map_cell_t_double_init
 .text.map_cell_t_double_num_buckets
                0x00000a10       0x1c ./game_master.o
                0x00000a10                map_cell_t_double_num_buckets
 .text.map_cell_t_double_hash
                0x00000a2c       0x40 ./game_master.o
                0x00000a2c                map_cell_t_double_hash
 .text.map_cell_t_double_match
                0x00000a6c       0x3c ./game_master.o
                0x00000a6c                map_cell_t_double_match
 .text.map_cell_t_double_find
                0x00000aa8       0x80 ./game_master.o
                0x00000aa8                map_cell_t_double_find
 .text.map_cell_t_double_grow
                0x00000b28       0xa8 ./game_master.o
                0x00000b28                map_cell_t_double_grow
 .text.map_cell_t_double_put
                0x00000bd0       0xf0 ./game_master.o
                0x00000bd0                map_cell_t_double_put
 .text.map_cell_t_double_get
                0x00000cc0       0x4c ./game_master.o
                0x00000cc0                map_cell_t_double_get
 .text.array_bucket_cell_t_cell_t_init
                0x00000d0c       0x3c ./game_master.o
                0x00000d0c                array_bucket_cell_t_cell_t_init
 .text.array_bucket_cell_t_cell_t_destroy
                0x00000d48       0x34 ./game_master.o
                0x00000d48                array_bucket_cell_t_cell_t_destroy
 .text.array_bucket_cell_t_cell_t_empty
                0x00000d7c       0x20 ./game_master.o
                0x00000d7c                array_bucket_cell_t_cell_t_empty
 .text.array_bucket_cell_t_cell_t_full
                0x00000d9c       0x24 ./game_master.o
                0x00000d9c                array_bucket_cell_t_cell_t_full
 .text.array_bucket_cell_t_cell_t_inbounds
                0x00000dc0       0x24 ./game_master.o
                0x00000dc0                array_bucket_cell_t_cell_t_inbounds
 .text.array_bucket_cell_t_cell_t_num_els
                0x00000de4       0x18 ./game_master.o
                0x00000de4                array_bucket_cell_t_cell_t_num_els
 .text.array_bucket_cell_t_cell_t_front
                0x00000dfc       0x24 ./game_master.o
                0x00000dfc                array_bucket_cell_t_cell_t_front
 .text.array_bucket_cell_t_cell_t_ith
                0x00000e20       0x38 ./game_master.o
                0x00000e20                array_bucket_cell_t_cell_t_ith
 .text.array_bucket_cell_t_cell_t_back
                0x00000e58       0x3c ./game_master.o
                0x00000e58                array_bucket_cell_t_cell_t_back
 .text.array_bucket_cell_t_cell_t_end
                0x00000e94       0x20 ./game_master.o
                0x00000e94                array_bucket_cell_t_cell_t_end
 .text.array_bucket_cell_t_cell_t_grow
                0x00000eb4       0xa0 ./game_master.o
                0x00000eb4                array_bucket_cell_t_cell_t_grow
 .text.array_bucket_cell_t_cell_t_push
                0x00000f54       0x64 ./game_master.o
                0x00000f54                array_bucket_cell_t_cell_t_push
 .text.map_cell_t_cell_t_destroy
                0x00000fb8       0x18 ./game_master.o
                0x00000fb8                map_cell_t_cell_t_destroy
 .text.map_cell_t_cell_t_init
                0x00000fd0      0x118 ./game_master.o
                0x00000fd0                map_cell_t_cell_t_init
 .text.map_cell_t_cell_t_num_buckets
                0x000010e8       0x1c ./game_master.o
                0x000010e8                map_cell_t_cell_t_num_buckets
 .text.map_cell_t_cell_t_hash
                0x00001104       0x40 ./game_master.o
                0x00001104                map_cell_t_cell_t_hash
 .text.map_cell_t_cell_t_match
                0x00001144       0x3c ./game_master.o
                0x00001144                map_cell_t_cell_t_match
 .text.map_cell_t_cell_t_find
                0x00001180       0x80 ./game_master.o
                0x00001180                map_cell_t_cell_t_find
 .text.map_cell_t_cell_t_grow
                0x00001200       0xac ./game_master.o
                0x00001200                map_cell_t_cell_t_grow
 .text.map_cell_t_cell_t_put
                0x000012ac      0x100 ./game_master.o
                0x000012ac                map_cell_t_cell_t_put
 .text.map_cell_t_cell_t_get
                0x000013ac       0x4c ./game_master.o
                0x000013ac                map_cell_t_cell_t_get
 .text.link_list_cell_t_init
                0x000013f8       0x2c ./game_master.o
                0x000013f8                link_list_cell_t_init
 .text.link_list_cell_t_destroy
                0x00001424       0x44 ./game_master.o
                0x00001424                link_list_cell_t_destroy
 .text.link_list_cell_t_empty
                0x00001468       0x20 ./game_master.o
                0x00001468                link_list_cell_t_empty
 .text.link_list_cell_t_new_node
                0x00001488       0x40 ./game_master.o
                0x00001488                link_list_cell_t_new_node
 .text.link_list_cell_t_insert_after
                0x000014c8       0xa8 ./game_master.o
                0x000014c8                link_list_cell_t_insert_after
 .text.link_list_cell_t_push
                0x00001570       0x54 ./game_master.o
                0x00001570                link_list_cell_t_push
 .text.link_list_cell_t_remove
                0x000015c4       0x90 ./game_master.o
                0x000015c4                link_list_cell_t_remove
 .text.link_list_cell_t_remove_front
                0x00001654       0x44 ./game_master.o
                0x00001654                link_list_cell_t_remove_front
 .text.f_score_lowest_cost
                0x00001698       0x44 ./game_master.o
                0x00001698                f_score_lowest_cost
 .text.f_score_heuristic
                0x000016dc       0x68 ./game_master.o
                0x000016dc                f_score_heuristic
 .text.path     0x00001744       0x30 ./game_master.o
                0x00001744                path
 .text.path_get
                0x00001774      0x43c ./game_master.o
                0x00001774                path_get
 .text.Fabric_IRQHandler
                0x00001bb0       0x24 ./game_master.o
                0x00001bb0                Fabric_IRQHandler
 .text.set_char_color_pair
                0x00001bd4       0x40 ./game_master.o
                0x00001bd4                set_char_color_pair
 .text.set_char_color_pairs
                0x00001c14       0x2c ./game_master.o
                0x00001c14                set_char_color_pairs
 .text.get_char_color
                0x00001c40       0x54 ./game_master.o
                0x00001c40                get_char_color
 .text.set_colors_grid
                0x00001c94       0xb4 ./game_master.o
                0x00001c94                set_colors_grid
 .text.player_init
                0x00001d48       0x98 ./game_master.o
                0x00001d48                player_init
 .text.master_robot_rcv
                0x00001de0       0xb8 ./game_master.o
                0x00001de0                master_robot_rcv
 .text.send_robot_cmd
                0x00001e98       0x34 ./game_master.o
                0x00001e98                send_robot_cmd
 .text.eat_dot  0x00001ecc       0x68 ./game_master.o
                0x00001ecc                eat_dot
 .text.eat_cherry
                0x00001f34       0xec ./game_master.o
                0x00001f34                eat_cherry
 .text.eat_powerup
                0x00002020       0x78 ./game_master.o
                0x00002020                eat_powerup
 .text.move_piece
                0x00002098      0x210 ./game_master.o
                0x00002098                move_piece
 .text.GameInit
                0x000022a8      0x1a4 ./game_master.o
                0x000022a8                GameInit
 .text.GameCalibrate
                0x0000244c       0xc0 ./game_master.o
                0x0000244c                GameCalibrate
 .text.GameReset
                0x0000250c       0x8c ./game_master.o
                0x0000250c                GameReset
 .text.GameStart
                0x00002598       0x84 ./game_master.o
                0x00002598                GameStart
 .text.GameAdvance
                0x0000261c      0x200 ./game_master.o
                0x0000261c                GameAdvance
 .text.GameWon  0x0000281c       0x58 ./game_master.o
                0x0000281c                GameWon
 .text.GameLost
                0x00002874       0x88 ./game_master.o
                0x00002874                GameLost
 .text.GameIdle
                0x000028fc       0xb4 ./game_master.o
                0x000028fc                GameIdle
 .text.GameKill
                0x000029b0       0xb4 ./game_master.o
                0x000029b0                GameKill
 .text.main     0x00002a64       0x58 ./main.o
                0x00002a64                main
 .text.reset_curr_packet
                0x00002abc       0x1c ./xbee/xbee.o
                0x00002abc                reset_curr_packet
 .text.handle_recv_data
                0x00002ad8       0x60 ./xbee/xbee.o
                0x00002ad8                handle_recv_data
 .text.extract_data
                0x00002b38       0x48 ./xbee/xbee.o
                0x00002b38                extract_data
 .text.data_rcv_irq
                0x00002b80       0x74 ./xbee/xbee.o
                0x00002b80                data_rcv_irq
 .text.send_data
                0x00002bf4       0x24 ./xbee/xbee.o
                0x00002bf4                send_data
 .text.XInit    0x00002c18       0x7c ./xbee/xbee.o
                0x00002c18                XInit
 .text.XBroadcast
                0x00002c94       0x2c ./xbee/xbee.o
                0x00002c94                XBroadcast
 .text.XSend    0x00002cc0       0x44 ./xbee/xbee.o
                0x00002cc0                XSend
 .text.NVIC_EnableIRQ
                0x00002d04       0x38 ./sleep/sleep.o
 .text.NVIC_DisableIRQ
                0x00002d3c       0x3c ./sleep/sleep.o
 .text.NVIC_ClearPendingIRQ
                0x00002d78       0x3c ./sleep/sleep.o
 .text.MSS_TIM1_init
                0x00002db4       0x84 ./sleep/sleep.o
 .text.MSS_TIM1_start
                0x00002e38       0x1c ./sleep/sleep.o
 .text.MSS_TIM1_load_immediate
                0x00002e54       0x20 ./sleep/sleep.o
 .text.MSS_TIM1_enable_irq
                0x00002e74       0x20 ./sleep/sleep.o
 .text.MSS_TIM1_disable_irq
                0x00002e94       0x20 ./sleep/sleep.o
 .text.MSS_TIM2_init
                0x00002eb4       0x84 ./sleep/sleep.o
 .text.MSS_TIM2_start
                0x00002f38       0x1c ./sleep/sleep.o
 .text.MSS_TIM2_get_current_value
                0x00002f54       0x18 ./sleep/sleep.o
 .text.MSS_TIM2_load_immediate
                0x00002f6c       0x20 ./sleep/sleep.o
 .text.MSS_TIM2_enable_irq
                0x00002f8c       0x20 ./sleep/sleep.o
 .text.MSS_TIM2_disable_irq
                0x00002fac       0x20 ./sleep/sleep.o
 *fill*         0x00002fcc        0x4 00
 .text.usecs_to_cycles
                0x00002fd0       0x60 ./sleep/sleep.o
                0x00002fd0                usecs_to_cycles
 .text.timer_done
                0x00003030       0x18 ./sleep/sleep.o
                0x00003030                timer_done
 .text.timer_set
                0x00003048       0x48 ./sleep/sleep.o
                0x00003048                timer_set
 .text.usleep   0x00003090       0x54 ./sleep/sleep.o
                0x00003090                usleep
 .text.Timer1_IRQHandler
                0x000030e4       0x18 ./sleep/sleep.o
                0x000030e4                Timer1_IRQHandler
 .text.Timer2_IRQHandler
                0x000030fc       0x38 ./sleep/sleep.o
                0x000030fc                Timer2_IRQHandler
 .text.robot_receive_data
                0x00003134       0x34 ./robot/robot.o
                0x00003134                robot_receive_data
 .text.RobotSetId
                0x00003168       0x1c ./robot/robot.o
                0x00003168                RobotSetId
 .text.RobotGetId
                0x00003184       0x18 ./robot/robot.o
                0x00003184                RobotGetId
 .text.RobotInit
                0x0000319c       0x64 ./robot/robot.o
                0x0000319c                RobotInit
 .text.ServerInit
                0x00003200       0x24 ./robot/robot.o
                0x00003200                ServerInit
 .text.RobotBroadcast
                0x00003224       0x4c ./robot/robot.o
                0x00003224                RobotBroadcast
 .text.is_cherry
                0x00003270       0x64 ./rgb_util/rgb_util.o
                0x00003270                is_cherry
 .text.is_powerup
                0x000032d4       0x98 ./rgb_util/rgb_util.o
                0x000032d4                is_powerup
 .text.total_light
                0x0000336c       0x44 ./rgb_util/rgb_util.o
                0x0000336c                total_light
 .text.led_init
                0x000033b0      0x12c ./led/led.o
                0x000033b0                led_init
 .text.led_destroy
                0x000034dc       0x48 ./led/led.o
                0x000034dc                led_destroy
 .text.led_color_buf_idx_inbounds
                0x00003524       0x24 ./led/led.o
                0x00003524                led_color_buf_idx_inbounds
 .text.led_strip_idx_inbounds
                0x00003548       0x24 ./led/led.o
                0x00003548                led_strip_idx_inbounds
 .text.get_start
                0x0000356c       0x38 ./led/led.o
                0x0000356c                get_start
 .text.led_set_color
                0x000035a4       0xa4 ./led/led.o
                0x000035a4                led_set_color
 .text.led_set_colors
                0x00003648       0x38 ./led/led.o
                0x00003648                led_set_colors
 .text.led_send
                0x00003680       0x58 ./led/led.o
                0x00003680                led_send
 .text.led_rand
                0x000036d8       0xf0 ./led/led.o
                0x000036d8                led_rand
 .text.led_rand_show
                0x000037c8       0x44 ./led/led.o
                0x000037c8                led_rand_show
 .text.led_grid_idx_to_strip_idx
                0x0000380c       0x4c ./led/led.o
                0x0000380c                led_grid_idx_to_strip_idx
 .text.led_set_color_grid
                0x00003858       0x38 ./led/led.o
                0x00003858                led_set_color_grid
 .text.grid_init
                0x00003890      0x124 ./grid/grid.o
                0x00003890                grid_init
 .text.grid_destroy
                0x000039b4       0x48 ./grid/grid.o
                0x000039b4                grid_destroy
 .text.grid_copy
                0x000039fc       0x30 ./grid/grid.o
                0x000039fc                grid_copy
 .text.grid_cell
                0x00003a2c       0x20 ./grid/grid.o
                0x00003a2c                grid_cell
 .text.grid_find
                0x00003a4c       0x9c ./grid/grid.o
                0x00003a4c                grid_find
 .text.grid_get_occupancy
                0x00003ae8       0x30 ./grid/grid.o
                0x00003ae8                grid_get_occupancy
 .text.grid_set_occupancy
                0x00003b18       0x34 ./grid/grid.o
                0x00003b18                grid_set_occupancy
 .text.grid_cell_occupied
                0x00003b4c       0x34 ./grid/grid.o
                0x00003b4c                grid_cell_occupied
 .text.grid_cell_inbounds
                0x00003b80       0x3c ./grid/grid.o
                0x00003b80                grid_cell_inbounds
 .text.grid_cell_hash
                0x00003bbc       0x2c ./grid/grid.o
                0x00003bbc                grid_cell_hash
 .text.grid_cell_match
                0x00003be8       0x3c ./grid/grid.o
                0x00003be8                grid_cell_match
 .text.grid_cell_new
                0x00003c24       0x1c ./grid/grid.o
                0x00003c24                grid_cell_new
 .text.grid_cell_inf_weight
                0x00003c40       0x1c ./grid/grid.o
                0x00003c40                grid_cell_inf_weight
 .text.clk_init
                0x00003c5c       0x4c ./clk/clk.o
                0x00003c5c                clk_init
 .text.clk_set_freq_hz
                0x00003ca8       0x38 ./clk/clk.o
                0x00003ca8                clk_set_freq_hz
 .text.clk_get_freq_hz
                0x00003ce0       0x38 ./clk/clk.o
                0x00003ce0                clk_get_freq_hz
 .text.NVIC_EnableIRQ
                0x00003d18       0x38 ./N64/N64.o
 .text.NVIC_DisableIRQ
                0x00003d50       0x3c ./N64/N64.o
 .text.read_poll
                0x00003d8c       0x94 ./N64/N64.o
                0x00003d8c                read_poll
 .text.enable_n64_to_uart
                0x00003e20       0x20 ./N64/N64.o
                0x00003e20                enable_n64_to_uart
 .text.disable_n64_to_uart
                0x00003e40       0x20 ./N64/N64.o
                0x00003e40                disable_n64_to_uart
 .text.N64Init  0x00003e60       0x44 ./N64/N64.o
                0x00003e60                N64Init
 .text.N64Enable
                0x00003ea4       0x2c ./N64/N64.o
                0x00003ea4                N64Enable
 .text.N64Disable
                0x00003ed0       0x2c ./N64/N64.o
                0x00003ed0                N64Disable
 .text.N64GetState
                0x00003efc       0x40 ./N64/N64.o
                0x00003efc                N64GetState
 .text.N64ButtonPressed
                0x00003f3c       0x34 ./N64/N64.o
                0x00003f3c                N64ButtonPressed
 .text.N64DDir  0x00003f70       0x60 ./N64/N64.o
                0x00003f70                N64DDir
 .text._close   0x00003fd0       0x18 C:/Users/rmall/Documents/college/junior/eecs373/game_master/SoftConsole/GM_MSS_MSS_CM3_0/GM_MSS_MSS_CM3_0_hw_platform/Debug/CMSIS/startup_gcc/newlib_stubs.o
                0x00003fd0                _close
 .text._exit    0x00003fe8        0xc C:/Users/rmall/Documents/college/junior/eecs373/game_master/SoftConsole/GM_MSS_MSS_CM3_0/GM_MSS_MSS_CM3_0_hw_platform/Debug/CMSIS/startup_gcc/newlib_stubs.o
                0x00003fe8                _exit
 .text._fstat   0x00003ff4       0x24 C:/Users/rmall/Documents/college/junior/eecs373/game_master/SoftConsole/GM_MSS_MSS_CM3_0/GM_MSS_MSS_CM3_0_hw_platform/Debug/CMSIS/startup_gcc/newlib_stubs.o
                0x00003ff4                _fstat
 .text._getpid  0x00004018       0x10 C:/Users/rmall/Documents/college/junior/eecs373/game_master/SoftConsole/GM_MSS_MSS_CM3_0/GM_MSS_MSS_CM3_0_hw_platform/Debug/CMSIS/startup_gcc/newlib_stubs.o
                0x00004018                _getpid
 .text._isatty  0x00004028       0x18 C:/Users/rmall/Documents/college/junior/eecs373/game_master/SoftConsole/GM_MSS_MSS_CM3_0/GM_MSS_MSS_CM3_0_hw_platform/Debug/CMSIS/startup_gcc/newlib_stubs.o
                0x00004028                _isatty
 .text._kill    0x00004040       0x24 C:/Users/rmall/Documents/college/junior/eecs373/game_master/SoftConsole/GM_MSS_MSS_CM3_0/GM_MSS_MSS_CM3_0_hw_platform/Debug/CMSIS/startup_gcc/newlib_stubs.o
                0x00004040                _kill
 .text._lseek   0x00004064       0x1c C:/Users/rmall/Documents/college/junior/eecs373/game_master/SoftConsole/GM_MSS_MSS_CM3_0/GM_MSS_MSS_CM3_0_hw_platform/Debug/CMSIS/startup_gcc/newlib_stubs.o
                0x00004064                _lseek
 .text._read    0x00004080       0x1c C:/Users/rmall/Documents/college/junior/eecs373/game_master/SoftConsole/GM_MSS_MSS_CM3_0/GM_MSS_MSS_CM3_0_hw_platform/Debug/CMSIS/startup_gcc/newlib_stubs.o
                0x00004080                _read
 .text._write_r
                0x0000409c       0x20 C:/Users/rmall/Documents/college/junior/eecs373/game_master/SoftConsole/GM_MSS_MSS_CM3_0/GM_MSS_MSS_CM3_0_hw_platform/Debug/CMSIS/startup_gcc/newlib_stubs.o
                0x0000409c                _write_r
 .text._sbrk    0x000040bc       0x94 C:/Users/rmall/Documents/college/junior/eecs373/game_master/SoftConsole/GM_MSS_MSS_CM3_0/GM_MSS_MSS_CM3_0_hw_platform/Debug/CMSIS/startup_gcc/newlib_stubs.o
                0x000040bc                _sbrk
 .text.NVIC_EnableIRQ
                0x00004150       0x38 C:\Users\rmall\Documents\college\junior\eecs373\game_master\SoftConsole\GM_MSS_MSS_CM3_0\GM_MSS_MSS_CM3_0_hw_platform\Debug\libGM_MSS_MSS_CM3_0_hw_platform.a(mss_uart.o)
 .text.NVIC_ClearPendingIRQ
                0x00004188       0x3c C:\Users\rmall\Documents\college\junior\eecs373\game_master\SoftConsole\GM_MSS_MSS_CM3_0\GM_MSS_MSS_CM3_0_hw_platform\Debug\libGM_MSS_MSS_CM3_0_hw_platform.a(mss_uart.o)
 .text.MSS_UART_init
                0x000041c4      0x204 C:\Users\rmall\Documents\college\junior\eecs373\game_master\SoftConsole\GM_MSS_MSS_CM3_0\GM_MSS_MSS_CM3_0_hw_platform\Debug\libGM_MSS_MSS_CM3_0_hw_platform.a(mss_uart.o)
                0x000041c4                MSS_UART_init
 .text.MSS_UART_polled_tx
                0x000043c8       0xe4 C:\Users\rmall\Documents\college\junior\eecs373\game_master\SoftConsole\GM_MSS_MSS_CM3_0\GM_MSS_MSS_CM3_0_hw_platform\Debug\libGM_MSS_MSS_CM3_0_hw_platform.a(mss_uart.o)
                0x000043c8                MSS_UART_polled_tx
 .text.MSS_UART_get_rx
                0x000044ac       0xdc C:\Users\rmall\Documents\college\junior\eecs373\game_master\SoftConsole\GM_MSS_MSS_CM3_0\GM_MSS_MSS_CM3_0_hw_platform\Debug\libGM_MSS_MSS_CM3_0_hw_platform.a(mss_uart.o)
                0x000044ac                MSS_UART_get_rx
 .text.MSS_UART_enable_irq
                0x00004588       0x7c C:\Users\rmall\Documents\college\junior\eecs373\game_master\SoftConsole\GM_MSS_MSS_CM3_0\GM_MSS_MSS_CM3_0_hw_platform\Debug\libGM_MSS_MSS_CM3_0_hw_platform.a(mss_uart.o)
                0x00004588                MSS_UART_enable_irq
 .text.MSS_UART_isr
                0x00004604      0x11c C:\Users\rmall\Documents\college\junior\eecs373\game_master\SoftConsole\GM_MSS_MSS_CM3_0\GM_MSS_MSS_CM3_0_hw_platform\Debug\libGM_MSS_MSS_CM3_0_hw_platform.a(mss_uart.o)
 .text.default_tx_handler
                0x00004720      0x108 C:\Users\rmall\Documents\college\junior\eecs373\game_master\SoftConsole\GM_MSS_MSS_CM3_0\GM_MSS_MSS_CM3_0_hw_platform\Debug\libGM_MSS_MSS_CM3_0_hw_platform.a(mss_uart.o)
 .text.MSS_UART_set_rx_handler
                0x00004828       0xa8 C:\Users\rmall\Documents\college\junior\eecs373\game_master\SoftConsole\GM_MSS_MSS_CM3_0\GM_MSS_MSS_CM3_0_hw_platform\Debug\libGM_MSS_MSS_CM3_0_hw_platform.a(mss_uart.o)
                0x00004828                MSS_UART_set_rx_handler
 .text.UART0_IRQHandler
                0x000048d0       0x2c C:\Users\rmall\Documents\college\junior\eecs373\game_master\SoftConsole\GM_MSS_MSS_CM3_0\GM_MSS_MSS_CM3_0_hw_platform\Debug\libGM_MSS_MSS_CM3_0_hw_platform.a(mss_uart.o)
                0x000048d0                UART0_IRQHandler
 .text.UART1_IRQHandler
                0x000048fc       0x2c C:\Users\rmall\Documents\college\junior\eecs373\game_master\SoftConsole\GM_MSS_MSS_CM3_0\GM_MSS_MSS_CM3_0_hw_platform\Debug\libGM_MSS_MSS_CM3_0_hw_platform.a(mss_uart.o)
                0x000048fc                UART1_IRQHandler
 .text.UART_init
                0x00004928      0x29c C:\Users\rmall\Documents\college\junior\eecs373\game_master\SoftConsole\GM_MSS_MSS_CM3_0\GM_MSS_MSS_CM3_0_hw_platform\Debug\libGM_MSS_MSS_CM3_0_hw_platform.a(core_uart_apb.o)
                0x00004928                UART_init
 .text.UART_send
                0x00004bc4      0x15c C:\Users\rmall\Documents\college\junior\eecs373\game_master\SoftConsole\GM_MSS_MSS_CM3_0\GM_MSS_MSS_CM3_0_hw_platform\Debug\libGM_MSS_MSS_CM3_0_hw_platform.a(core_uart_apb.o)
                0x00004bc4                UART_send
 .text.UART_16550_init
                0x00004d20      0x34c C:\Users\rmall\Documents\college\junior\eecs373\game_master\SoftConsole\GM_MSS_MSS_CM3_0\GM_MSS_MSS_CM3_0_hw_platform\Debug\libGM_MSS_MSS_CM3_0_hw_platform.a(core_16550.o)
                0x00004d20                UART_16550_init
 .text.UART_16550_get_rx
                0x0000506c      0x160 C:\Users\rmall\Documents\college\junior\eecs373\game_master\SoftConsole\GM_MSS_MSS_CM3_0\GM_MSS_MSS_CM3_0_hw_platform\Debug\libGM_MSS_MSS_CM3_0_hw_platform.a(core_16550.o)
                0x0000506c                UART_16550_get_rx
 .text.default_tx_handler
                0x000051cc      0x19c C:\Users\rmall\Documents\college\junior\eecs373\game_master\SoftConsole\GM_MSS_MSS_CM3_0\GM_MSS_MSS_CM3_0_hw_platform\Debug\libGM_MSS_MSS_CM3_0_hw_platform.a(core_16550.o)
 .text.SystemInit
                0x00005368        0xc C:\Users\rmall\Documents\college\junior\eecs373\game_master\SoftConsole\GM_MSS_MSS_CM3_0\GM_MSS_MSS_CM3_0_hw_platform\Debug\libGM_MSS_MSS_CM3_0_hw_platform.a(system_a2fxxxm3.o)
                0x00005368                SystemInit
 .text.SystemCoreClockUpdate
                0x00005374      0x150 C:\Users\rmall\Documents\college\junior\eecs373\game_master\SoftConsole\GM_MSS_MSS_CM3_0\GM_MSS_MSS_CM3_0_hw_platform\Debug\libGM_MSS_MSS_CM3_0_hw_platform.a(system_a2fxxxm3.o)
                0x00005374                SystemCoreClockUpdate
 .text.GetSystemClock
                0x000054c4       0xe8 C:\Users\rmall\Documents\college\junior\eecs373\game_master\SoftConsole\GM_MSS_MSS_CM3_0\GM_MSS_MSS_CM3_0_hw_platform\Debug\libGM_MSS_MSS_CM3_0_hw_platform.a(system_a2fxxxm3.o)
 .text.HAL_assert_fail
                0x000055ac       0x28 C:\Users\rmall\Documents\college\junior\eecs373\game_master\SoftConsole\GM_MSS_MSS_CM3_0\GM_MSS_MSS_CM3_0_hw_platform\Debug\libGM_MSS_MSS_CM3_0_hw_platform.a(hal_assert.o)
                0x000055ac                HAL_assert_fail
 .text          0x000055d4       0x90 C:\Users\rmall\Documents\college\junior\eecs373\game_master\SoftConsole\GM_MSS_MSS_CM3_0\GM_MSS_MSS_CM3_0_hw_platform\Debug\libGM_MSS_MSS_CM3_0_hw_platform.a(hw_reg_access.o)
                0x000055d4                HW_set_32bit_reg
                0x000055d8                HW_get_32bit_reg
                0x000055dc                HW_set_32bit_reg_field
                0x000055f8                HW_get_32bit_reg_field
                0x00005604                HW_set_16bit_reg
                0x00005608                HW_get_16bit_reg
                0x0000560c                HW_set_16bit_reg_field
                0x00005628                HW_get_16bit_reg_field
                0x00005634                HW_set_8bit_reg
                0x00005638                HW_get_8bit_reg
                0x0000563c                HW_set_8bit_reg_field
                0x00005658                HW_get_8bit_reg_field
 .text          0x00005664      0x370 c:/program files (x86)/microsemi/softconsole v3.3/sourcery-g++/bin/../lib/gcc/arm-none-eabi/4.4.1/thumb2\libgcc.a(_arm_addsubdf3.o)
                0x00005664                __aeabi_drsub
                0x0000566c                __aeabi_dsub
                0x0000566c                __subdf3
                0x00005670                __aeabi_dadd
                0x00005670                __adddf3
                0x000058e8                __floatunsidf
                0x000058e8                __aeabi_ui2d
                0x00005908                __floatsidf
                0x00005908                __aeabi_i2d
                0x0000592c                __aeabi_f2d
                0x0000592c                __extendsfdf2
                0x00005968                __floatundidf
                0x00005968                __aeabi_ul2d
                0x00005978                __floatdidf
                0x00005978                __aeabi_l2d
 .text          0x000059d4      0x424 c:/program files (x86)/microsemi/softconsole v3.3/sourcery-g++/bin/../lib/gcc/arm-none-eabi/4.4.1/thumb2\libgcc.a(_arm_muldivdf3.o)
                0x000059d4                __aeabi_dmul
                0x000059d4                __muldf3
                0x00005c28                __divdf3
                0x00005c28                __aeabi_ddiv
 .text          0x00005df8      0x110 c:/program files (x86)/microsemi/softconsole v3.3/sourcery-g++/bin/../lib/gcc/arm-none-eabi/4.4.1/thumb2\libgcc.a(_arm_cmpdf2.o)
                0x00005df8                __gtdf2
                0x00005df8                __gedf2
                0x00005e00                __ltdf2
                0x00005e00                __ledf2
                0x00005e08                __nedf2
                0x00005e08                __eqdf2
                0x00005e08                __cmpdf2
                0x00005e84                __aeabi_cdrcmple
                0x00005e94                __aeabi_cdcmpeq
                0x00005e94                __aeabi_cdcmple
                0x00005ea4                __aeabi_dcmpeq
                0x00005eb8                __aeabi_dcmplt
                0x00005ecc                __aeabi_dcmple
                0x00005ee0                __aeabi_dcmpge
                0x00005ef4                __aeabi_dcmpgt
 .text          0x00005f08       0x40 c:/program files (x86)/microsemi/softconsole v3.3/sourcery-g++/bin/../lib/gcc/arm-none-eabi/4.4.1/thumb2\libgcc.a(_arm_fixunsdfsi.o)
                0x00005f08                __aeabi_d2uiz
                0x00005f08                __fixunsdfsi
 .text          0x00005f48       0x54 c:/program files (x86)/microsemi/softconsole v3.3/sourcery-g++/bin/../lib/gcc/arm-none-eabi/4.4.1/../../../../arm-none-eabi/lib/thumb2\libc.a(lib_a-assert.o)
                0x00005f48                __assert_func
                0x00005f90                __assert
 .text          0x00005f9c        0xc c:/program files (x86)/microsemi/softconsole v3.3/sourcery-g++/bin/../lib/gcc/arm-none-eabi/4.4.1/../../../../arm-none-eabi/lib/thumb2\libc.a(lib_a-errno.o)
                0x00005f9c                __errno
 .text          0x00005fa8      0x178 c:/program files (x86)/microsemi/softconsole v3.3/sourcery-g++/bin/../lib/gcc/arm-none-eabi/4.4.1/../../../../arm-none-eabi/lib/thumb2\libc.a(lib_a-fflush.o)
                0x00005fa8                _fflush_r
                0x000060f8                fflush
 .text          0x00006120      0x1c8 c:/program files (x86)/microsemi/softconsole v3.3/sourcery-g++/bin/../lib/gcc/arm-none-eabi/4.4.1/../../../../arm-none-eabi/lib/thumb2\libc.a(lib_a-findfp.o)
                0x00006120                __sfp_lock_acquire
                0x00006124                __sfp_lock_release
                0x00006128                __sinit_lock_acquire
                0x0000612c                __sinit_lock_release
                0x00006138                __fp_unlock_all
                0x00006150                __fp_lock_all
                0x00006168                _cleanup_r
                0x00006174                _cleanup
                0x000061d0                __sfmoreglue
                0x00006200                __sfp
                0x00006288                __sinit
 .text          0x000062e8       0x4c c:/program files (x86)/microsemi/softconsole v3.3/sourcery-g++/bin/../lib/gcc/arm-none-eabi/4.4.1/../../../../arm-none-eabi/lib/thumb2\libc.a(lib_a-fiprintf.o)
                0x000062e8                fiprintf
                0x00006314                _fiprintf_r
 .text          0x00006334      0x268 c:/program files (x86)/microsemi/softconsole v3.3/sourcery-g++/bin/../lib/gcc/arm-none-eabi/4.4.1/../../../../arm-none-eabi/lib/thumb2\libc.a(lib_a-freer.o)
                0x00006334                _malloc_trim_r
                0x000063dc                _free_r
 .text          0x0000659c       0xa0 c:/program files (x86)/microsemi/softconsole v3.3/sourcery-g++/bin/../lib/gcc/arm-none-eabi/4.4.1/../../../../arm-none-eabi/lib/thumb2\libc.a(lib_a-fwalk.o)
                0x0000659c                _fwalk_reent
                0x000065f0                _fwalk
 .text          0x0000663c       0x50 c:/program files (x86)/microsemi/softconsole v3.3/sourcery-g++/bin/../lib/gcc/arm-none-eabi/4.4.1/../../../../arm-none-eabi/lib/thumb2\libc.a(lib_a-init.o)
                0x0000663c                __libc_init_array
 .text          0x0000668c       0x20 c:/program files (x86)/microsemi/softconsole v3.3/sourcery-g++/bin/../lib/gcc/arm-none-eabi/4.4.1/../../../../arm-none-eabi/lib/thumb2\libc.a(lib_a-malloc.o)
                0x0000668c                free
                0x0000669c                malloc
 .text          0x000066ac      0x5a4 c:/program files (x86)/microsemi/softconsole v3.3/sourcery-g++/bin/../lib/gcc/arm-none-eabi/4.4.1/../../../../arm-none-eabi/lib/thumb2\libc.a(lib_a-mallocr.o)
                0x000066ac                _malloc_r
 .text          0x00006c50      0x190 c:/program files (x86)/microsemi/softconsole v3.3/sourcery-g++/bin/../lib/gcc/arm-none-eabi/4.4.1/../../../../arm-none-eabi/lib/thumb2\libc.a(lib_a-memcpy.o)
                0x00006c50                memcpy
 .text          0x00006de0       0xb8 c:/program files (x86)/microsemi/softconsole v3.3/sourcery-g++/bin/../lib/gcc/arm-none-eabi/4.4.1/../../../../arm-none-eabi/lib/thumb2\libc.a(lib_a-memmove.o)
                0x00006de0                memmove
 .text          0x00006e98       0xd4 c:/program files (x86)/microsemi/softconsole v3.3/sourcery-g++/bin/../lib/gcc/arm-none-eabi/4.4.1/../../../../arm-none-eabi/lib/thumb2\libc.a(lib_a-memset.o)
                0x00006e98                memset
 .text          0x00006f6c        0x8 c:/program files (x86)/microsemi/softconsole v3.3/sourcery-g++/bin/../lib/gcc/arm-none-eabi/4.4.1/../../../../arm-none-eabi/lib/thumb2\libc.a(lib_a-mlock.o)
                0x00006f6c                __malloc_lock
                0x00006f70                __malloc_unlock
 *fill*         0x00006f74        0x4 00
 .text          0x00006f78      0x108 c:/program files (x86)/microsemi/softconsole v3.3/sourcery-g++/bin/../lib/gcc/arm-none-eabi/4.4.1/../../../../arm-none-eabi/lib/thumb2\libc.a(lib_a-rand.o)
                0x00006f78                rand
                0x00007020                srand
 .text          0x00007080       0x28 c:/program files (x86)/microsemi/softconsole v3.3/sourcery-g++/bin/../lib/gcc/arm-none-eabi/4.4.1/../../../../arm-none-eabi/lib/thumb2\libc.a(lib_a-sbrkr.o)
                0x00007080                _sbrk_r
 .text          0x000070a8       0x90 c:/program files (x86)/microsemi/softconsole v3.3/sourcery-g++/bin/../lib/gcc/arm-none-eabi/4.4.1/../../../../arm-none-eabi/lib/thumb2\libc.a(lib_a-stdio.o)
                0x000070a8                __sclose
                0x000070b0                __sseek
                0x000070d8                __swrite
                0x00007114                __sread
 .text          0x00007138       0x60 c:/program files (x86)/microsemi/softconsole v3.3/sourcery-g++/bin/../lib/gcc/arm-none-eabi/4.4.1/../../../../arm-none-eabi/lib/thumb2\libc.a(lib_a-strlen.o)
                0x00007138                strlen
 .text          0x00007198      0xd38 c:/program files (x86)/microsemi/softconsole v3.3/sourcery-g++/bin/../lib/gcc/arm-none-eabi/4.4.1/../../../../arm-none-eabi/lib/thumb2\libc.a(lib_a-vfiprintf.o)
                0x000071b4                _vfiprintf_r
                0x00007eb4                vfiprintf
 .text          0x00007ed0      0x104 c:/program files (x86)/microsemi/softconsole v3.3/sourcery-g++/bin/../lib/gcc/arm-none-eabi/4.4.1/../../../../arm-none-eabi/lib/thumb2\libc.a(lib_a-wsetup.o)
                0x00007ed0                __swsetup_r
 .text          0x00007fd4       0x10 c:/program files (x86)/microsemi/softconsole v3.3/sourcery-g++/bin/../lib/gcc/arm-none-eabi/4.4.1/../../../../arm-none-eabi/lib/thumb2\libc.a(lib_a-abort.o)
                0x00007fd4                abort
 .text          0x00007fe4       0x28 c:/program files (x86)/microsemi/softconsole v3.3/sourcery-g++/bin/../lib/gcc/arm-none-eabi/4.4.1/../../../../arm-none-eabi/lib/thumb2\libc.a(lib_a-closer.o)
                0x00007fe4                _close_r
 .text          0x0000800c       0xcc c:/program files (x86)/microsemi/softconsole v3.3/sourcery-g++/bin/../lib/gcc/arm-none-eabi/4.4.1/../../../../arm-none-eabi/lib/thumb2\libc.a(lib_a-fclose.o)
                0x0000800c                _fclose_r
                0x000080c8                fclose
 .text          0x000080d8      0x334 c:/program files (x86)/microsemi/softconsole v3.3/sourcery-g++/bin/../lib/gcc/arm-none-eabi/4.4.1/../../../../arm-none-eabi/lib/thumb2\libc.a(lib_a-fvwrite.o)
                0x000080d8                __sfvwrite_r
 .text          0x0000840c       0x2c c:/program files (x86)/microsemi/softconsole v3.3/sourcery-g++/bin/../lib/gcc/arm-none-eabi/4.4.1/../../../../arm-none-eabi/lib/thumb2\libc.a(lib_a-lseekr.o)
                0x0000840c                _lseek_r
 .text          0x00008438       0xdc c:/program files (x86)/microsemi/softconsole v3.3/sourcery-g++/bin/../lib/gcc/arm-none-eabi/4.4.1/../../../../arm-none-eabi/lib/thumb2\libc.a(lib_a-makebuf.o)
                0x00008438                __smakebuf_r
 .text          0x00008514       0x74 c:/program files (x86)/microsemi/softconsole v3.3/sourcery-g++/bin/../lib/gcc/arm-none-eabi/4.4.1/../../../../arm-none-eabi/lib/thumb2\libc.a(lib_a-memchr.o)
                0x00008514                memchr
 .text          0x00008588       0x2c c:/program files (x86)/microsemi/softconsole v3.3/sourcery-g++/bin/../lib/gcc/arm-none-eabi/4.4.1/../../../../arm-none-eabi/lib/thumb2\libc.a(lib_a-readr.o)
                0x00008588                _read_r
 .text          0x000085b4      0x3b4 c:/program files (x86)/microsemi/softconsole v3.3/sourcery-g++/bin/../lib/gcc/arm-none-eabi/4.4.1/../../../../arm-none-eabi/lib/thumb2\libc.a(lib_a-reallocr.o)
                0x000085b4                _realloc_r
 .text          0x00008968       0x1c c:/program files (x86)/microsemi/softconsole v3.3/sourcery-g++/bin/../lib/gcc/arm-none-eabi/4.4.1/../../../../arm-none-eabi/lib/thumb2\libc.a(lib_a-s_isnand.o)
                0x00008968                __isnand
 .text          0x00008984      0x14c c:/program files (x86)/microsemi/softconsole v3.3/sourcery-g++/bin/../lib/gcc/arm-none-eabi/4.4.1/../../../../arm-none-eabi/lib/thumb2\libc.a(lib_a-signal.o)
                0x00008984                _raise_r
                0x000089dc                raise
                0x000089ec                _init_signal_r
                0x00008a14                _init_signal
                0x00008a20                __sigtramp_r
                0x00008a74                __sigtramp
                0x00008a84                _signal_r
                0x00008ac0                signal
 .text          0x00008ad0       0x30 c:/program files (x86)/microsemi/softconsole v3.3/sourcery-g++/bin/../lib/gcc/arm-none-eabi/4.4.1/../../../../arm-none-eabi/lib/thumb2\libc.a(lib_a-signalr.o)
                0x00008ad0                _getpid_r
                0x00008ad4                _kill_r
 .text          0x00008b00       0x2c c:/program files (x86)/microsemi/softconsole v3.3/sourcery-g++/bin/../lib/gcc/arm-none-eabi/4.4.1/../../../../arm-none-eabi/lib/thumb2\libc.a(lib_a-fstatr.o)
                0x00008b00                _fstat_r
 .text          0x00008b2c       0x28 c:/program files (x86)/microsemi/softconsole v3.3/sourcery-g++/bin/../lib/gcc/arm-none-eabi/4.4.1/../../../../arm-none-eabi/lib/thumb2\libc.a(lib_a-isattyr.o)
                0x00008b2c                _isatty_r
 *fill*         0x00008b54        0x4 00
 .text          0x00008b58      0x278 c:/program files (x86)/microsemi/softconsole v3.3/sourcery-g++/bin/../lib/gcc/arm-none-eabi/4.4.1/thumb2\libgcc.a(_udivsi3.o)
                0x00008b58                __aeabi_uidiv
                0x00008b58                __udivsi3
                0x00008db4                __aeabi_uidivmod
 .text          0x00008dd0        0x4 c:/program files (x86)/microsemi/softconsole v3.3/sourcery-g++/bin/../lib/gcc/arm-none-eabi/4.4.1/thumb2\libgcc.a(_dvmd_tls.o)
                0x00008dd0                __aeabi_idiv0
                0x00008dd0                __aeabi_ldiv0
 .text          0x00008dd4       0x2c c:/program files (x86)/microsemi/softconsole v3.3/sourcery-g++/bin/../lib/gcc/arm-none-eabi/4.4.1/thumb2\libgcc.a(_aeabi_uldivmod.o)
                0x00008dd4                __aeabi_uldivmod
 .text          0x00008e00       0x58 c:/program files (x86)/microsemi/softconsole v3.3/sourcery-g++/bin/../lib/gcc/arm-none-eabi/4.4.1/thumb2\libgcc.a(bpabi.o)
                0x00008e00                __gnu_uldivmod_helper
                0x00008e2c                __gnu_ldivmod_helper
 .text          0x00008e58      0x364 c:/program files (x86)/microsemi/softconsole v3.3/sourcery-g++/bin/../lib/gcc/arm-none-eabi/4.4.1/thumb2\libgcc.a(_divdi3.o)
                0x00008e58                __divdi3
 .text          0x000091bc      0x300 c:/program files (x86)/microsemi/softconsole v3.3/sourcery-g++/bin/../lib/gcc/arm-none-eabi/4.4.1/thumb2\libgcc.a(_udivdi3.o)
                0x000091bc                __udivdi3
 .text          0x000094bc       0xac c:/program files (x86)/microsemi/softconsole v3.3/sourcery-g++/bin/../lib/gcc/arm-none-eabi/4.4.1/../../../../arm-none-eabi/lib/thumb2\libm.a(lib_a-w_sqrt.o)
                0x000094bc                sqrt
 .text          0x00009568      0x1dc c:/program files (x86)/microsemi/softconsole v3.3/sourcery-g++/bin/../lib/gcc/arm-none-eabi/4.4.1/../../../../arm-none-eabi/lib/thumb2\libm.a(lib_a-e_sqrt.o)
                0x00009568                __ieee754_sqrt
 .text          0x00009744        0x4 c:/program files (x86)/microsemi/softconsole v3.3/sourcery-g++/bin/../lib/gcc/arm-none-eabi/4.4.1/../../../../arm-none-eabi/lib/thumb2\libm.a(lib_a-s_matherr.o)
                0x00009744                matherr
 *(.plt)
 *(.gnu.warning)
 *(.glue_7t)
 .glue_7t       0x00000000        0x0 linker stubs
 *(.glue_7)
 .glue_7        0x00000000        0x0 linker stubs
 *(.vfp11_veneer)
 .vfp11_veneer  0x00000000        0x0 linker stubs
                0x00009748                . = ALIGN (0x4)
 *crtbegin.o(.ctors)
 *(EXCLUDE_FILE(*crtend.o) .ctors)
 *(SORT(.ctors.*))
 *crtend.o(.ctors)
 *crtbegin.o(.dtors)
 *(EXCLUDE_FILE(*crtend.o) .dtors)
 *(SORT(.dtors.*))
 *crtend.o(.dtors)
 *(.rodata .rodata.* .gnu.linkonce.r.*)
 .rodata        0x00009748      0x178 ./game_master.o
 .rodata.C.72.6627
                0x000098c0        0x4 ./game_master.o
 .rodata.__FUNCTION__.5915
                0x000098c4       0x18 ./game_master.o
 .rodata.__FUNCTION__.5526
                0x000098dc       0x18 ./game_master.o
 .rodata        0x000098f4       0xa0 ./main.o
 .rodata        0x00009994       0x48 ./N64/N64.o
 .rodata        0x000099dc       0x1c C:/Users/rmall/Documents/college/junior/eecs373/game_master/SoftConsole/GM_MSS_MSS_CM3_0/GM_MSS_MSS_CM3_0_hw_platform/Debug/CMSIS/startup_gcc/newlib_stubs.o
 .rodata        0x000099f8       0x28 C:\Users\rmall\Documents\college\junior\eecs373\game_master\SoftConsole\GM_MSS_MSS_CM3_0\GM_MSS_MSS_CM3_0_hw_platform\Debug\libGM_MSS_MSS_CM3_0_hw_platform.a(core_uart_apb.o)
 .rodata        0x00009a20       0x24 C:\Users\rmall\Documents\college\junior\eecs373\game_master\SoftConsole\GM_MSS_MSS_CM3_0\GM_MSS_MSS_CM3_0_hw_platform\Debug\libGM_MSS_MSS_CM3_0_hw_platform.a(core_16550.o)
 .rodata.C.18.2576
                0x00009a44       0x10 C:\Users\rmall\Documents\college\junior\eecs373\game_master\SoftConsole\GM_MSS_MSS_CM3_0\GM_MSS_MSS_CM3_0_hw_platform\Debug\libGM_MSS_MSS_CM3_0_hw_platform.a(system_a2fxxxm3.o)
 .rodata.str1.4
                0x00009a54       0x3f c:/program files (x86)/microsemi/softconsole v3.3/sourcery-g++/bin/../lib/gcc/arm-none-eabi/4.4.1/../../../../arm-none-eabi/lib/thumb2\libc.a(lib_a-assert.o)
                                 0x44 (size before relaxing)
 *fill*         0x00009a93        0x1 00
 .rodata        0x00009a94       0x60 c:/program files (x86)/microsemi/softconsole v3.3/sourcery-g++/bin/../lib/gcc/arm-none-eabi/4.4.1/../../../../arm-none-eabi/lib/thumb2\libc.a(lib_a-findfp.o)
                0x00009a94                __sf_fake_stdin
                0x00009ab4                __sf_fake_stdout
                0x00009ad4                __sf_fake_stderr
 .rodata        0x00009af4        0x4 c:/program files (x86)/microsemi/softconsole v3.3/sourcery-g++/bin/../lib/gcc/arm-none-eabi/4.4.1/../../../../arm-none-eabi/lib/thumb2\libc.a(lib_a-impure.o)
                0x00009af4                _global_impure_ptr
 .rodata.str1.4
                0x00009af8        0x2 c:/program files (x86)/microsemi/softconsole v3.3/sourcery-g++/bin/../lib/gcc/arm-none-eabi/4.4.1/../../../../arm-none-eabi/lib/thumb2\libc.a(lib_a-impure.o)
                                  0x4 (size before relaxing)
 *fill*         0x00009afa        0x2 00
 .rodata        0x00009afc       0x20 c:/program files (x86)/microsemi/softconsole v3.3/sourcery-g++/bin/../lib/gcc/arm-none-eabi/4.4.1/../../../../arm-none-eabi/lib/thumb2\libc.a(lib_a-vfiprintf.o)
 .rodata.str1.4
                0x00009b1c       0x2f c:/program files (x86)/microsemi/softconsole v3.3/sourcery-g++/bin/../lib/gcc/arm-none-eabi/4.4.1/../../../../arm-none-eabi/lib/thumb2\libc.a(lib_a-vfiprintf.o)
                                 0x30 (size before relaxing)
 *fill*         0x00009b4b        0x1 00
 .rodata.str1.4
                0x00009b4c        0x8 c:/program files (x86)/microsemi/softconsole v3.3/sourcery-g++/bin/../lib/gcc/arm-none-eabi/4.4.1/../../../../arm-none-eabi/lib/thumb2\libm.a(lib_a-w_sqrt.o)
 *(.ARM.extab* .gnu.linkonce.armextab.*)
 *(.gcc_except_table)
 *(.eh_frame_hdr)
 *(.eh_frame)
 *(.init)
 .init          0x00009b54        0x4 c:/program files (x86)/microsemi/softconsole v3.3/sourcery-g++/bin/../lib/gcc/arm-none-eabi/4.4.1/thumb2/crti.o
                0x00009b54                _init
 .init          0x00009b58        0x8 c:/program files (x86)/microsemi/softconsole v3.3/sourcery-g++/bin/../lib/gcc/arm-none-eabi/4.4.1/thumb2/crtn.o
 *(.fini)
 .fini          0x00009b60        0x4 c:/program files (x86)/microsemi/softconsole v3.3/sourcery-g++/bin/../lib/gcc/arm-none-eabi/4.4.1/thumb2/crti.o
                0x00009b60                _fini
 .fini          0x00009b64        0x8 c:/program files (x86)/microsemi/softconsole v3.3/sourcery-g++/bin/../lib/gcc/arm-none-eabi/4.4.1/thumb2/crtn.o
                0x00009b6c                PROVIDE (__preinit_array_start, .)
 *(.preinit_array)
                0x00009b6c                PROVIDE (__preinit_array_end, .)
                0x00009b6c                PROVIDE (__init_array_start, .)
 *(SORT(.init_array.*))
 *(.init_array)
 .init_array    0x00009b6c        0x4 c:/program files (x86)/microsemi/softconsole v3.3/sourcery-g++/bin/../lib/gcc/arm-none-eabi/4.4.1/thumb2/crtbegin.o
                0x00009b70                PROVIDE (__init_array_end, .)
                0x00009b70                PROVIDE (__fini_array_start, .)
 *(.fini_array)
 .fini_array    0x00009b70        0x4 c:/program files (x86)/microsemi/softconsole v3.3/sourcery-g++/bin/../lib/gcc/arm-none-eabi/4.4.1/thumb2/crtbegin.o
 *(SORT(.fini_array.*))
                0x00009b74                PROVIDE (__fini_array_end, .)
                0x00009b74                __exidx_start = .

.v4_bx          0x00009b74        0x0 load address 0x60009b74
 .v4_bx         0x00000000        0x0 linker stubs

.ARM.exidx      0x20000000        0x8 load address 0x60009b74
 *(.ARM.exidx* .gnu.linkonce.armexidx.*)
 .ARM.exidx     0x20000000        0x8 c:/program files (x86)/microsemi/softconsole v3.3/sourcery-g++/bin/../lib/gcc/arm-none-eabi/4.4.1/thumb2\libgcc.a(_divdi3.o)
 .ARM.exidx     0x20000008        0x0 c:/program files (x86)/microsemi/softconsole v3.3/sourcery-g++/bin/../lib/gcc/arm-none-eabi/4.4.1/thumb2\libgcc.a(_udivdi3.o)
                                  0x8 (size before relaxing)
                0x20000008                __exidx_end = .
                0x20000008                _etext = .

.data           0x20000008      0xa40 load address 0x60009b7c
                0x60009b7c                __data_load = LOADADDR (.data)
                0x60009b7c                _sidata = LOADADDR (.data)
                0x20000008                __data_start = .
                0x20000008                _sdata = .
 *(.jcr)
 .jcr           0x20000008        0x0 c:/program files (x86)/microsemi/softconsole v3.3/sourcery-g++/bin/../lib/gcc/arm-none-eabi/4.4.1/thumb2/crtbegin.o
 .jcr           0x20000008        0x4 c:/program files (x86)/microsemi/softconsole v3.3/sourcery-g++/bin/../lib/gcc/arm-none-eabi/4.4.1/thumb2/crtend.o
 *(.got.plt)
 *(.got)
 *(.shdata)
 *(.data .data.* .gnu.linkonce.d.*)
 .data.piece_update_period_usecs
                0x2000000c        0x4 ./game_master.o
                0x2000000c                piece_update_period_usecs
 .data.led_update_period_usecs
                0x20000010        0x4 ./game_master.o
                0x20000010                led_update_period_usecs
 .data.pacman_occupancy
                0x20000014       0x34 ./game_master.o
                0x20000014                pacman_occupancy
 .data.LED_UART_ADDR
                0x20000048        0x4 ./main.o
                0x20000048                LED_UART_ADDR
 .data.N64_UART_ADDR
                0x2000004c        0x4 ./main.o
                0x2000004c                N64_UART_ADDR
 .data.occupancy
                0x20000050       0x34 ./main.o
                0x20000050                occupancy
 .data.char_color_pairs
                0x20000084       0x1c ./main.o
                0x20000084                char_color_pairs
 .data.powerup_color
                0x200000a0        0x8 ./rgb_util/rgb_util.o
                0x200000a0                powerup_color
 .data.byte_to_word
                0x200000a8      0x400 ./led/led.o
                0x200000a8                byte_to_word
 .data.buttons  0x200004a8       0x80 ./N64/N64.o
                0x200004a8                buttons
 .data.SystemFrequency
                0x20000528        0x4 C:\Users\rmall\Documents\college\junior\eecs373\game_master\SoftConsole\GM_MSS_MSS_CM3_0\GM_MSS_MSS_CM3_0_hw_platform\Debug\libGM_MSS_MSS_CM3_0_hw_platform.a(system_a2fxxxm3.o)
                0x20000528                SystemFrequency
 .data.SystemCoreClock
                0x2000052c        0x4 C:\Users\rmall\Documents\college\junior\eecs373\game_master\SoftConsole\GM_MSS_MSS_CM3_0\GM_MSS_MSS_CM3_0_hw_platform\Debug\libGM_MSS_MSS_CM3_0_hw_platform.a(system_a2fxxxm3.o)
                0x2000052c                SystemCoreClock
 .data.g_FrequencyPCLK0
                0x20000530        0x4 C:\Users\rmall\Documents\college\junior\eecs373\game_master\SoftConsole\GM_MSS_MSS_CM3_0\GM_MSS_MSS_CM3_0_hw_platform\Debug\libGM_MSS_MSS_CM3_0_hw_platform.a(system_a2fxxxm3.o)
                0x20000530                g_FrequencyPCLK0
 .data.g_FrequencyPCLK1
                0x20000534        0x4 C:\Users\rmall\Documents\college\junior\eecs373\game_master\SoftConsole\GM_MSS_MSS_CM3_0\GM_MSS_MSS_CM3_0_hw_platform\Debug\libGM_MSS_MSS_CM3_0_hw_platform.a(system_a2fxxxm3.o)
                0x20000534                g_FrequencyPCLK1
 .data.g_FrequencyACE
                0x20000538        0x4 C:\Users\rmall\Documents\college\junior\eecs373\game_master\SoftConsole\GM_MSS_MSS_CM3_0\GM_MSS_MSS_CM3_0_hw_platform\Debug\libGM_MSS_MSS_CM3_0_hw_platform.a(system_a2fxxxm3.o)
                0x20000538                g_FrequencyACE
 .data.g_FrequencyFPGA
                0x2000053c        0x4 C:\Users\rmall\Documents\college\junior\eecs373\game_master\SoftConsole\GM_MSS_MSS_CM3_0\GM_MSS_MSS_CM3_0_hw_platform\Debug\libGM_MSS_MSS_CM3_0_hw_platform.a(system_a2fxxxm3.o)
                0x2000053c                g_FrequencyFPGA
 .data          0x20000540       0xf4 c:/program files (x86)/microsemi/softconsole v3.3/sourcery-g++/bin/../lib/gcc/arm-none-eabi/4.4.1/../../../../arm-none-eabi/lib/thumb2\libc.a(lib_a-impure.o)
                0x20000540                _impure_ptr
 .data          0x20000634      0x410 c:/program files (x86)/microsemi/softconsole v3.3/sourcery-g++/bin/../lib/gcc/arm-none-eabi/4.4.1/../../../../arm-none-eabi/lib/thumb2\libc.a(lib_a-mallocr.o)
                0x20000634                __malloc_av_
                0x20000a3c                __malloc_sbrk_base
                0x20000a40                __malloc_trim_threshold
 .data          0x20000a44        0x1 c:/program files (x86)/microsemi/softconsole v3.3/sourcery-g++/bin/../lib/gcc/arm-none-eabi/4.4.1/../../../../arm-none-eabi/lib/thumb2\libm.a(lib_a-s_lib_ver.o)
                0x20000a44                __fdlib_version
                0x20000a48                . = ALIGN (0x4)
 *fill*         0x20000a45        0x3 00
                0x20000a48                _edata = .

.bss            0x20000a48      0x520 load address 0x6000a5bc
                0x20000a48                __bss_start__ = .
                0x20000a48                _sbss = .
 *(.shbss)
 *(.bss .bss.* .gnu.linkonce.b.*)
 .bss           0x20000a48        0x1 c:/program files (x86)/microsemi/softconsole v3.3/sourcery-g++/bin/../lib/gcc/arm-none-eabi/4.4.1/thumb2/crtbegin.o
 *fill*         0x20000a49        0x3 00
 .bss.heap_end.2220
                0x20000a4c        0x4 C:/Users/rmall/Documents/college/junior/eecs373/game_master/SoftConsole/GM_MSS_MSS_CM3_0/GM_MSS_MSS_CM3_0_hw_platform/Debug/CMSIS/startup_gcc/newlib_stubs.o
 .bss           0x20000a50       0x34 c:/program files (x86)/microsemi/softconsole v3.3/sourcery-g++/bin/../lib/gcc/arm-none-eabi/4.4.1/../../../../arm-none-eabi/lib/thumb2\libc.a(lib_a-mallocr.o)
                0x20000a50                __malloc_top_pad
                0x20000a54                __malloc_current_mallinfo
                0x20000a7c                __malloc_max_sbrked_mem
                0x20000a80                __malloc_max_total_mem
 *(COMMON)
 COMMON         0x20000a84      0x3f8 ./game_master.o
                0x20000a84                N64_ADDR
                0x20000a88                ghost
                0x20000aa8                open_set
                0x20000ab4                prev_state
                0x20000ab8                grid_inst_init
                0x20000ac8                f_score
                0x20000ae4                n64
                0x20000aec                num_rounds_ghosts_still
                0x20000af0                grid_inst
                0x20000b00                players
                0x20000b08                state
                0x20000b0c                g_score
                0x20000b28                char_colors
                0x20000e28                came_from
                0x20000e44                pacman
                0x20000e64                LED_ADDR
                0x20000e68                led_inst
 COMMON         0x20000e7c       0x20 ./xbee/xbee.o
                0x20000e7c                curr_packet
                0x20000e94                device
 COMMON         0x20000e9c        0x8 ./sleep/sleep.o
                0x20000e9c                user_timer_int
                0x20000ea0                timer_complete
 COMMON         0x20000ea4        0xc ./robot/robot.o
                0x20000ea4                robot_rcv
                0x20000ea8                robot
 COMMON         0x20000eb0        0x8 ./led/led.o
                0x20000eb0                uart_inst
 COMMON         0x20000eb8       0x28 ./clk/clk.o
                0x20000eb8                clks_freq_hz
                0x20000ecc                clks_set
 COMMON         0x20000ee0       0x34 ./N64/N64.o
                0x20000ee0                rx_buff
                0x20000ef0                g_uart
 COMMON         0x20000f14       0x50 C:\Users\rmall\Documents\college\junior\eecs373\game_master\SoftConsole\GM_MSS_MSS_CM3_0\GM_MSS_MSS_CM3_0_hw_platform\Debug\libGM_MSS_MSS_CM3_0_hw_platform.a(mss_uart.o)
                0x20000f14                g_mss_uart1
                0x20000f3c                g_mss_uart0
 COMMON         0x20000f64        0x4 c:/program files (x86)/microsemi/softconsole v3.3/sourcery-g++/bin/../lib/gcc/arm-none-eabi/4.4.1/../../../../arm-none-eabi/lib/thumb2\libc.a(lib_a-reent.o)
                0x20000f64                errno
                0x20000f68                . = ALIGN (0x8)
                0x20000f68                __bss_end__ = .
                0x20000f68                _end = .
                0x20000f68                __end = _end
                0x20000f68                _ebss = .
                0x20000f68                PROVIDE (end, .)

.stab
 *(.stab)

.stabstr
 *(.stabstr)

.debug
 *(.debug)

.line
 *(.line)

.debug_srcinfo
 *(.debug_srcinfo)

.debug_sfnames
 *(.debug_sfnames)

.comment        0x00000000      0x2db
 .comment       0x00000000       0x2b ./game_master.o
 .comment       0x0000002b       0x2b ./main.o
 .comment       0x00000056       0x2b ./xbee/xbee.o
 .comment       0x00000081       0x2b ./sleep/sleep.o
 .comment       0x000000ac       0x2b ./robot/robot.o
 .comment       0x000000d7       0x2b ./rgb_util/rgb_util.o
 .comment       0x00000102       0x2b ./led/color_util.o
 .comment       0x0000012d       0x2b ./led/led.o
 .comment       0x00000158       0x2b ./grid/grid.o
 .comment       0x00000183       0x2b ./clk/clk.o
 .comment       0x000001ae       0x2b ./N64/N64.o
 .comment       0x000001d9       0x2b C:/Users/rmall/Documents/college/junior/eecs373/game_master/SoftConsole/GM_MSS_MSS_CM3_0/GM_MSS_MSS_CM3_0_hw_platform/Debug/CMSIS/startup_gcc/newlib_stubs.o
 .comment       0x00000204       0x2b C:\Users\rmall\Documents\college\junior\eecs373\game_master\SoftConsole\GM_MSS_MSS_CM3_0\GM_MSS_MSS_CM3_0_hw_platform\Debug\libGM_MSS_MSS_CM3_0_hw_platform.a(mss_uart.o)
 .comment       0x0000022f       0x2b C:\Users\rmall\Documents\college\junior\eecs373\game_master\SoftConsole\GM_MSS_MSS_CM3_0\GM_MSS_MSS_CM3_0_hw_platform\Debug\libGM_MSS_MSS_CM3_0_hw_platform.a(core_uart_apb.o)
 .comment       0x0000025a       0x2b C:\Users\rmall\Documents\college\junior\eecs373\game_master\SoftConsole\GM_MSS_MSS_CM3_0\GM_MSS_MSS_CM3_0_hw_platform\Debug\libGM_MSS_MSS_CM3_0_hw_platform.a(core_16550.o)
 .comment       0x00000285       0x2b C:\Users\rmall\Documents\college\junior\eecs373\game_master\SoftConsole\GM_MSS_MSS_CM3_0\GM_MSS_MSS_CM3_0_hw_platform\Debug\libGM_MSS_MSS_CM3_0_hw_platform.a(system_a2fxxxm3.o)
 .comment       0x000002b0       0x2b C:\Users\rmall\Documents\college\junior\eecs373\game_master\SoftConsole\GM_MSS_MSS_CM3_0\GM_MSS_MSS_CM3_0_hw_platform\Debug\libGM_MSS_MSS_CM3_0_hw_platform.a(hal_assert.o)

.debug_aranges  0x00000000      0xb00
 *(.debug_aranges)
 .debug_aranges
                0x00000000      0x3b8 ./game_master.o
 .debug_aranges
                0x000003b8       0x20 ./main.o
 .debug_aranges
                0x000003d8       0x58 ./xbee/xbee.o
 .debug_aranges
                0x00000430       0xd0 ./sleep/sleep.o
 .debug_aranges
                0x00000500       0x80 ./robot/robot.o
 .debug_aranges
                0x00000580       0x68 ./rgb_util/rgb_util.o
 .debug_aranges
                0x000005e8       0x68 ./led/color_util.o
 .debug_aranges
                0x00000650       0x98 ./led/led.o
 .debug_aranges
                0x000006e8       0x98 ./grid/grid.o
 .debug_aranges
                0x00000780       0x30 ./clk/clk.o
 .debug_aranges
                0x000007b0       0x88 ./N64/N64.o
 .debug_aranges
                0x00000838       0xa8 C:/Users/rmall/Documents/college/junior/eecs373/game_master/SoftConsole/GM_MSS_MSS_CM3_0/GM_MSS_MSS_CM3_0_hw_platform/Debug/CMSIS/startup_gcc/newlib_stubs.o
 .debug_aranges
                0x000008e0       0xd8 C:\Users\rmall\Documents\college\junior\eecs373\game_master\SoftConsole\GM_MSS_MSS_CM3_0\GM_MSS_MSS_CM3_0_hw_platform\Debug\libGM_MSS_MSS_CM3_0_hw_platform.a(mss_uart.o)
 .debug_aranges
                0x000009b8       0x48 C:\Users\rmall\Documents\college\junior\eecs373\game_master\SoftConsole\GM_MSS_MSS_CM3_0\GM_MSS_MSS_CM3_0_hw_platform\Debug\libGM_MSS_MSS_CM3_0_hw_platform.a(core_uart_apb.o)
 .debug_aranges
                0x00000a00       0xb0 C:\Users\rmall\Documents\college\junior\eecs373\game_master\SoftConsole\GM_MSS_MSS_CM3_0\GM_MSS_MSS_CM3_0_hw_platform\Debug\libGM_MSS_MSS_CM3_0_hw_platform.a(core_16550.o)
 .debug_aranges
                0x00000ab0       0x30 C:\Users\rmall\Documents\college\junior\eecs373\game_master\SoftConsole\GM_MSS_MSS_CM3_0\GM_MSS_MSS_CM3_0_hw_platform\Debug\libGM_MSS_MSS_CM3_0_hw_platform.a(system_a2fxxxm3.o)
 .debug_aranges
                0x00000ae0       0x20 C:\Users\rmall\Documents\college\junior\eecs373\game_master\SoftConsole\GM_MSS_MSS_CM3_0\GM_MSS_MSS_CM3_0_hw_platform\Debug\libGM_MSS_MSS_CM3_0_hw_platform.a(hal_assert.o)

.debug_pubnames
                0x00000000     0x1cd7
 *(.debug_pubnames)
 .debug_pubnames
                0x00000000      0xded ./game_master.o
 .debug_pubnames
                0x00000ded       0x62 ./main.o
 .debug_pubnames
                0x00000e4f       0xab ./xbee/xbee.o
 .debug_pubnames
                0x00000efa       0xcd ./sleep/sleep.o
 .debug_pubnames
                0x00000fc7       0xff ./robot/robot.o
 .debug_pubnames
                0x000010c6       0xe1 ./rgb_util/rgb_util.o
 .debug_pubnames
                0x000011a7       0xc9 ./led/color_util.o
 .debug_pubnames
                0x00001270      0x15c ./led/led.o
 .debug_pubnames
                0x000013cc      0x13f ./grid/grid.o
 .debug_pubnames
                0x0000150b       0x65 ./clk/clk.o
 .debug_pubnames
                0x00001570       0xfa ./N64/N64.o
 .debug_pubnames
                0x0000166a       0xeb C:/Users/rmall/Documents/college/junior/eecs373/game_master/SoftConsole/GM_MSS_MSS_CM3_0/GM_MSS_MSS_CM3_0_hw_platform/Debug/CMSIS/startup_gcc/newlib_stubs.o
 .debug_pubnames
                0x00001755      0x21c C:\Users\rmall\Documents\college\junior\eecs373\game_master\SoftConsole\GM_MSS_MSS_CM3_0\GM_MSS_MSS_CM3_0_hw_platform\Debug\libGM_MSS_MSS_CM3_0_hw_platform.a(mss_uart.o)
 .debug_pubnames
                0x00001971       0x85 C:\Users\rmall\Documents\college\junior\eecs373\game_master\SoftConsole\GM_MSS_MSS_CM3_0\GM_MSS_MSS_CM3_0_hw_platform\Debug\libGM_MSS_MSS_CM3_0_hw_platform.a(core_uart_apb.o)
 .debug_pubnames
                0x000019f6      0x207 C:\Users\rmall\Documents\college\junior\eecs373\game_master\SoftConsole\GM_MSS_MSS_CM3_0\GM_MSS_MSS_CM3_0_hw_platform\Debug\libGM_MSS_MSS_CM3_0_hw_platform.a(core_16550.o)
 .debug_pubnames
                0x00001bfd       0xb4 C:\Users\rmall\Documents\college\junior\eecs373\game_master\SoftConsole\GM_MSS_MSS_CM3_0\GM_MSS_MSS_CM3_0_hw_platform\Debug\libGM_MSS_MSS_CM3_0_hw_platform.a(system_a2fxxxm3.o)
 .debug_pubnames
                0x00001cb1       0x26 C:\Users\rmall\Documents\college\junior\eecs373\game_master\SoftConsole\GM_MSS_MSS_CM3_0\GM_MSS_MSS_CM3_0_hw_platform\Debug\libGM_MSS_MSS_CM3_0_hw_platform.a(hal_assert.o)

.debug_info     0x00000000     0xabf3
 *(.debug_info .gnu.linkonce.wi.*)
 .debug_info    0x00000000     0x254b ./game_master.o
 .debug_info    0x0000254b      0x1c2 ./main.o
 .debug_info    0x0000270d      0xdf6 ./xbee/xbee.o
 .debug_info    0x00003503     0x1001 ./sleep/sleep.o
 .debug_info    0x00004504      0x493 ./robot/robot.o
 .debug_info    0x00004997      0x3da ./rgb_util/rgb_util.o
 .debug_info    0x00004d71      0x68b ./led/color_util.o
 .debug_info    0x000053fc      0x85d ./led/led.o
 .debug_info    0x00005c59      0x57b ./grid/grid.o
 .debug_info    0x000061d4      0x18d ./clk/clk.o
 .debug_info    0x00006361     0x137f ./N64/N64.o
 .debug_info    0x000076e0      0x6bf C:/Users/rmall/Documents/college/junior/eecs373/game_master/SoftConsole/GM_MSS_MSS_CM3_0/GM_MSS_MSS_CM3_0_hw_platform/Debug/CMSIS/startup_gcc/newlib_stubs.o
 .debug_info    0x00007d9f     0x15a4 C:\Users\rmall\Documents\college\junior\eecs373\game_master\SoftConsole\GM_MSS_MSS_CM3_0\GM_MSS_MSS_CM3_0_hw_platform\Debug\libGM_MSS_MSS_CM3_0_hw_platform.a(mss_uart.o)
 .debug_info    0x00009343      0x526 C:\Users\rmall\Documents\college\junior\eecs373\game_master\SoftConsole\GM_MSS_MSS_CM3_0\GM_MSS_MSS_CM3_0_hw_platform\Debug\libGM_MSS_MSS_CM3_0_hw_platform.a(core_uart_apb.o)
 .debug_info    0x00009869      0xd20 C:\Users\rmall\Documents\college\junior\eecs373\game_master\SoftConsole\GM_MSS_MSS_CM3_0\GM_MSS_MSS_CM3_0_hw_platform\Debug\libGM_MSS_MSS_CM3_0_hw_platform.a(core_16550.o)
 .debug_info    0x0000a589      0x53c C:\Users\rmall\Documents\college\junior\eecs373\game_master\SoftConsole\GM_MSS_MSS_CM3_0\GM_MSS_MSS_CM3_0_hw_platform\Debug\libGM_MSS_MSS_CM3_0_hw_platform.a(system_a2fxxxm3.o)
 .debug_info    0x0000aac5      0x12e C:\Users\rmall\Documents\college\junior\eecs373\game_master\SoftConsole\GM_MSS_MSS_CM3_0\GM_MSS_MSS_CM3_0_hw_platform\Debug\libGM_MSS_MSS_CM3_0_hw_platform.a(hal_assert.o)

.debug_abbrev   0x00000000     0x17bc
 *(.debug_abbrev)
 .debug_abbrev  0x00000000      0x23d ./game_master.o
 .debug_abbrev  0x0000023d       0xcf ./main.o
 .debug_abbrev  0x0000030c      0x1ea ./xbee/xbee.o
 .debug_abbrev  0x000004f6      0x1fa ./sleep/sleep.o
 .debug_abbrev  0x000006f0      0x195 ./robot/robot.o
 .debug_abbrev  0x00000885       0xf5 ./rgb_util/rgb_util.o
 .debug_abbrev  0x0000097a      0x129 ./led/color_util.o
 .debug_abbrev  0x00000aa3      0x14d ./led/led.o
 .debug_abbrev  0x00000bf0      0x126 ./grid/grid.o
 .debug_abbrev  0x00000d16       0xcb ./clk/clk.o
 .debug_abbrev  0x00000de1      0x225 ./N64/N64.o
 .debug_abbrev  0x00001006      0x130 C:/Users/rmall/Documents/college/junior/eecs373/game_master/SoftConsole/GM_MSS_MSS_CM3_0/GM_MSS_MSS_CM3_0_hw_platform/Debug/CMSIS/startup_gcc/newlib_stubs.o
 .debug_abbrev  0x00001136      0x245 C:\Users\rmall\Documents\college\junior\eecs373\game_master\SoftConsole\GM_MSS_MSS_CM3_0\GM_MSS_MSS_CM3_0_hw_platform\Debug\libGM_MSS_MSS_CM3_0_hw_platform.a(mss_uart.o)
 .debug_abbrev  0x0000137b      0x119 C:\Users\rmall\Documents\college\junior\eecs373\game_master\SoftConsole\GM_MSS_MSS_CM3_0\GM_MSS_MSS_CM3_0_hw_platform\Debug\libGM_MSS_MSS_CM3_0_hw_platform.a(core_uart_apb.o)
 .debug_abbrev  0x00001494      0x187 C:\Users\rmall\Documents\college\junior\eecs373\game_master\SoftConsole\GM_MSS_MSS_CM3_0\GM_MSS_MSS_CM3_0_hw_platform\Debug\libGM_MSS_MSS_CM3_0_hw_platform.a(core_16550.o)
 .debug_abbrev  0x0000161b      0x111 C:\Users\rmall\Documents\college\junior\eecs373\game_master\SoftConsole\GM_MSS_MSS_CM3_0\GM_MSS_MSS_CM3_0_hw_platform\Debug\libGM_MSS_MSS_CM3_0_hw_platform.a(system_a2fxxxm3.o)
 .debug_abbrev  0x0000172c       0x90 C:\Users\rmall\Documents\college\junior\eecs373\game_master\SoftConsole\GM_MSS_MSS_CM3_0\GM_MSS_MSS_CM3_0_hw_platform\Debug\libGM_MSS_MSS_CM3_0_hw_platform.a(hal_assert.o)

.debug_line     0x00000000     0x624c
 *(.debug_line)
 .debug_line    0x00000000     0x1495 ./game_master.o
 .debug_line    0x00001495      0x3d0 ./main.o
 .debug_line    0x00001865      0x56e ./xbee/xbee.o
 .debug_line    0x00001dd3      0x653 ./sleep/sleep.o
 .debug_line    0x00002426      0x622 ./robot/robot.o
 .debug_line    0x00002a48      0x408 ./rgb_util/rgb_util.o
 .debug_line    0x00002e50      0x576 ./led/color_util.o
 .debug_line    0x000033c6      0x8da ./led/led.o
 .debug_line    0x00003ca0      0x4b5 ./grid/grid.o
 .debug_line    0x00004155      0x3c1 ./clk/clk.o
 .debug_line    0x00004516      0x626 ./N64/N64.o
 .debug_line    0x00004b3c      0x4a8 C:/Users/rmall/Documents/college/junior/eecs373/game_master/SoftConsole/GM_MSS_MSS_CM3_0/GM_MSS_MSS_CM3_0_hw_platform/Debug/CMSIS/startup_gcc/newlib_stubs.o
 .debug_line    0x00004fe4      0x5c5 C:\Users\rmall\Documents\college\junior\eecs373\game_master\SoftConsole\GM_MSS_MSS_CM3_0\GM_MSS_MSS_CM3_0_hw_platform\Debug\libGM_MSS_MSS_CM3_0_hw_platform.a(mss_uart.o)
 .debug_line    0x000055a9      0x323 C:\Users\rmall\Documents\college\junior\eecs373\game_master\SoftConsole\GM_MSS_MSS_CM3_0\GM_MSS_MSS_CM3_0_hw_platform\Debug\libGM_MSS_MSS_CM3_0_hw_platform.a(core_uart_apb.o)
 .debug_line    0x000058cc      0x4a6 C:\Users\rmall\Documents\college\junior\eecs373\game_master\SoftConsole\GM_MSS_MSS_CM3_0\GM_MSS_MSS_CM3_0_hw_platform\Debug\libGM_MSS_MSS_CM3_0_hw_platform.a(core_16550.o)
 .debug_line    0x00005d72      0x2b7 C:\Users\rmall\Documents\college\junior\eecs373\game_master\SoftConsole\GM_MSS_MSS_CM3_0\GM_MSS_MSS_CM3_0_hw_platform\Debug\libGM_MSS_MSS_CM3_0_hw_platform.a(system_a2fxxxm3.o)
 .debug_line    0x00006029      0x223 C:\Users\rmall\Documents\college\junior\eecs373\game_master\SoftConsole\GM_MSS_MSS_CM3_0\GM_MSS_MSS_CM3_0_hw_platform\Debug\libGM_MSS_MSS_CM3_0_hw_platform.a(hal_assert.o)

.debug_frame    0x00000000     0x37e0
 *(.debug_frame)
 .debug_frame   0x00000000      0xe5c ./game_master.o
 .debug_frame   0x00000e5c       0x2c ./main.o
 .debug_frame   0x00000e88      0x108 ./xbee/xbee.o
 .debug_frame   0x00000f90      0x2ac ./sleep/sleep.o
 .debug_frame   0x0000123c      0x19c ./robot/robot.o
 .debug_frame   0x000013d8      0x140 ./rgb_util/rgb_util.o
 .debug_frame   0x00001518      0x150 ./led/color_util.o
 .debug_frame   0x00001668      0x200 ./led/led.o
 .debug_frame   0x00001868      0x1e8 ./grid/grid.o
 .debug_frame   0x00001a50       0x64 ./clk/clk.o
 .debug_frame   0x00001ab4      0x1b0 ./N64/N64.o
 .debug_frame   0x00001c64      0x21c C:/Users/rmall/Documents/college/junior/eecs373/game_master/SoftConsole/GM_MSS_MSS_CM3_0/GM_MSS_MSS_CM3_0_hw_platform/Debug/CMSIS/startup_gcc/newlib_stubs.o
 .debug_frame   0x00001e80      0x2e4 C:\Users\rmall\Documents\college\junior\eecs373\game_master\SoftConsole\GM_MSS_MSS_CM3_0\GM_MSS_MSS_CM3_0_hw_platform\Debug\libGM_MSS_MSS_CM3_0_hw_platform.a(mss_uart.o)
 .debug_frame   0x00002164       0xd0 C:\Users\rmall\Documents\college\junior\eecs373\game_master\SoftConsole\GM_MSS_MSS_CM3_0\GM_MSS_MSS_CM3_0_hw_platform\Debug\libGM_MSS_MSS_CM3_0_hw_platform.a(core_uart_apb.o)
 .debug_frame   0x00002234      0x270 C:\Users\rmall\Documents\college\junior\eecs373\game_master\SoftConsole\GM_MSS_MSS_CM3_0\GM_MSS_MSS_CM3_0_hw_platform\Debug\libGM_MSS_MSS_CM3_0_hw_platform.a(core_16550.o)
 .debug_frame   0x000024a4       0x64 C:\Users\rmall\Documents\college\junior\eecs373\game_master\SoftConsole\GM_MSS_MSS_CM3_0\GM_MSS_MSS_CM3_0_hw_platform\Debug\libGM_MSS_MSS_CM3_0_hw_platform.a(system_a2fxxxm3.o)
 .debug_frame   0x00002508       0x2c C:\Users\rmall\Documents\college\junior\eecs373\game_master\SoftConsole\GM_MSS_MSS_CM3_0\GM_MSS_MSS_CM3_0_hw_platform\Debug\libGM_MSS_MSS_CM3_0_hw_platform.a(hal_assert.o)
 .debug_frame   0x00002534       0x44 c:/program files (x86)/microsemi/softconsole v3.3/sourcery-g++/bin/../lib/gcc/arm-none-eabi/4.4.1/../../../../arm-none-eabi/lib/thumb2\libc.a(lib_a-assert.o)
 .debug_frame   0x00002578       0x20 c:/program files (x86)/microsemi/softconsole v3.3/sourcery-g++/bin/../lib/gcc/arm-none-eabi/4.4.1/../../../../arm-none-eabi/lib/thumb2\libc.a(lib_a-errno.o)
 .debug_frame   0x00002598       0x40 c:/program files (x86)/microsemi/softconsole v3.3/sourcery-g++/bin/../lib/gcc/arm-none-eabi/4.4.1/../../../../arm-none-eabi/lib/thumb2\libc.a(lib_a-fflush.o)
 .debug_frame   0x000025d8      0x11c c:/program files (x86)/microsemi/softconsole v3.3/sourcery-g++/bin/../lib/gcc/arm-none-eabi/4.4.1/../../../../arm-none-eabi/lib/thumb2\libc.a(lib_a-findfp.o)
 .debug_frame   0x000026f4       0x5c c:/program files (x86)/microsemi/softconsole v3.3/sourcery-g++/bin/../lib/gcc/arm-none-eabi/4.4.1/../../../../arm-none-eabi/lib/thumb2\libc.a(lib_a-fiprintf.o)
 .debug_frame   0x00002750       0x50 c:/program files (x86)/microsemi/softconsole v3.3/sourcery-g++/bin/../lib/gcc/arm-none-eabi/4.4.1/../../../../arm-none-eabi/lib/thumb2\libc.a(lib_a-freer.o)
 .debug_frame   0x000027a0       0x54 c:/program files (x86)/microsemi/softconsole v3.3/sourcery-g++/bin/../lib/gcc/arm-none-eabi/4.4.1/../../../../arm-none-eabi/lib/thumb2\libc.a(lib_a-fwalk.o)
 .debug_frame   0x000027f4       0x2c c:/program files (x86)/microsemi/softconsole v3.3/sourcery-g++/bin/../lib/gcc/arm-none-eabi/4.4.1/../../../../arm-none-eabi/lib/thumb2\libc.a(lib_a-init.o)
 .debug_frame   0x00002820       0x30 c:/program files (x86)/microsemi/softconsole v3.3/sourcery-g++/bin/../lib/gcc/arm-none-eabi/4.4.1/../../../../arm-none-eabi/lib/thumb2\libc.a(lib_a-malloc.o)
 .debug_frame   0x00002850       0x3c c:/program files (x86)/microsemi/softconsole v3.3/sourcery-g++/bin/../lib/gcc/arm-none-eabi/4.4.1/../../../../arm-none-eabi/lib/thumb2\libc.a(lib_a-mallocr.o)
 .debug_frame   0x0000288c       0x34 c:/program files (x86)/microsemi/softconsole v3.3/sourcery-g++/bin/../lib/gcc/arm-none-eabi/4.4.1/../../../../arm-none-eabi/lib/thumb2\libc.a(lib_a-memcpy.o)
 .debug_frame   0x000028c0       0x2c c:/program files (x86)/microsemi/softconsole v3.3/sourcery-g++/bin/../lib/gcc/arm-none-eabi/4.4.1/../../../../arm-none-eabi/lib/thumb2\libc.a(lib_a-memmove.o)
 .debug_frame   0x000028ec       0x28 c:/program files (x86)/microsemi/softconsole v3.3/sourcery-g++/bin/../lib/gcc/arm-none-eabi/4.4.1/../../../../arm-none-eabi/lib/thumb2\libc.a(lib_a-memset.o)
 .debug_frame   0x00002914       0x30 c:/program files (x86)/microsemi/softconsole v3.3/sourcery-g++/bin/../lib/gcc/arm-none-eabi/4.4.1/../../../../arm-none-eabi/lib/thumb2\libc.a(lib_a-mlock.o)
 .debug_frame   0x00002944       0x5c c:/program files (x86)/microsemi/softconsole v3.3/sourcery-g++/bin/../lib/gcc/arm-none-eabi/4.4.1/../../../../arm-none-eabi/lib/thumb2\libc.a(lib_a-printf.o)
 .debug_frame   0x000029a0       0x48 c:/program files (x86)/microsemi/softconsole v3.3/sourcery-g++/bin/../lib/gcc/arm-none-eabi/4.4.1/../../../../arm-none-eabi/lib/thumb2\libc.a(lib_a-putchar.o)
 .debug_frame   0x000029e8       0x40 c:/program files (x86)/microsemi/softconsole v3.3/sourcery-g++/bin/../lib/gcc/arm-none-eabi/4.4.1/../../../../arm-none-eabi/lib/thumb2\libc.a(lib_a-puts.o)
 .debug_frame   0x00002a28       0x48 c:/program files (x86)/microsemi/softconsole v3.3/sourcery-g++/bin/../lib/gcc/arm-none-eabi/4.4.1/../../../../arm-none-eabi/lib/thumb2\libc.a(lib_a-rand.o)
 .debug_frame   0x00002a70       0x2c c:/program files (x86)/microsemi/softconsole v3.3/sourcery-g++/bin/../lib/gcc/arm-none-eabi/4.4.1/../../../../arm-none-eabi/lib/thumb2\libc.a(lib_a-sbrkr.o)
 .debug_frame   0x00002a9c       0x70 c:/program files (x86)/microsemi/softconsole v3.3/sourcery-g++/bin/../lib/gcc/arm-none-eabi/4.4.1/../../../../arm-none-eabi/lib/thumb2\libc.a(lib_a-stdio.o)
 .debug_frame   0x00002b0c       0x20 c:/program files (x86)/microsemi/softconsole v3.3/sourcery-g++/bin/../lib/gcc/arm-none-eabi/4.4.1/../../../../arm-none-eabi/lib/thumb2\libc.a(lib_a-strlen.o)
 .debug_frame   0x00002b2c       0x70 c:/program files (x86)/microsemi/softconsole v3.3/sourcery-g++/bin/../lib/gcc/arm-none-eabi/4.4.1/../../../../arm-none-eabi/lib/thumb2\libc.a(lib_a-vfiprintf.o)
 .debug_frame   0x00002b9c       0x70 c:/program files (x86)/microsemi/softconsole v3.3/sourcery-g++/bin/../lib/gcc/arm-none-eabi/4.4.1/../../../../arm-none-eabi/lib/thumb2\libc.a(lib_a-vfprintf.o)
 .debug_frame   0x00002c0c       0x2c c:/program files (x86)/microsemi/softconsole v3.3/sourcery-g++/bin/../lib/gcc/arm-none-eabi/4.4.1/../../../../arm-none-eabi/lib/thumb2\libc.a(lib_a-wsetup.o)
 .debug_frame   0x00002c38       0x28 c:/program files (x86)/microsemi/softconsole v3.3/sourcery-g++/bin/../lib/gcc/arm-none-eabi/4.4.1/../../../../arm-none-eabi/lib/thumb2\libc.a(lib_a-abort.o)
 .debug_frame   0x00002c60       0x2c c:/program files (x86)/microsemi/softconsole v3.3/sourcery-g++/bin/../lib/gcc/arm-none-eabi/4.4.1/../../../../arm-none-eabi/lib/thumb2\libc.a(lib_a-closer.o)
 .debug_frame   0x00002c8c       0x64 c:/program files (x86)/microsemi/softconsole v3.3/sourcery-g++/bin/../lib/gcc/arm-none-eabi/4.4.1/../../../../arm-none-eabi/lib/thumb2\libc.a(lib_a-dtoa.o)
 .debug_frame   0x00002cf0       0x3c c:/program files (x86)/microsemi/softconsole v3.3/sourcery-g++/bin/../lib/gcc/arm-none-eabi/4.4.1/../../../../arm-none-eabi/lib/thumb2\libc.a(lib_a-fclose.o)
 .debug_frame   0x00002d2c       0x3c c:/program files (x86)/microsemi/softconsole v3.3/sourcery-g++/bin/../lib/gcc/arm-none-eabi/4.4.1/../../../../arm-none-eabi/lib/thumb2\libc.a(lib_a-fvwrite.o)
 .debug_frame   0x00002d68       0x6c c:/program files (x86)/microsemi/softconsole v3.3/sourcery-g++/bin/../lib/gcc/arm-none-eabi/4.4.1/../../../../arm-none-eabi/lib/thumb2\libc.a(lib_a-locale.o)
 .debug_frame   0x00002dd4       0x2c c:/program files (x86)/microsemi/softconsole v3.3/sourcery-g++/bin/../lib/gcc/arm-none-eabi/4.4.1/../../../../arm-none-eabi/lib/thumb2\libc.a(lib_a-lseekr.o)
 .debug_frame   0x00002e00       0x34 c:/program files (x86)/microsemi/softconsole v3.3/sourcery-g++/bin/../lib/gcc/arm-none-eabi/4.4.1/../../../../arm-none-eabi/lib/thumb2\libc.a(lib_a-makebuf.o)
 .debug_frame   0x00002e34       0x28 c:/program files (x86)/microsemi/softconsole v3.3/sourcery-g++/bin/../lib/gcc/arm-none-eabi/4.4.1/../../../../arm-none-eabi/lib/thumb2\libc.a(lib_a-memchr.o)
 .debug_frame   0x00002e5c      0x240 c:/program files (x86)/microsemi/softconsole v3.3/sourcery-g++/bin/../lib/gcc/arm-none-eabi/4.4.1/../../../../arm-none-eabi/lib/thumb2\libc.a(lib_a-mprec.o)
 .debug_frame   0x0000309c       0x48 c:/program files (x86)/microsemi/softconsole v3.3/sourcery-g++/bin/../lib/gcc/arm-none-eabi/4.4.1/../../../../arm-none-eabi/lib/thumb2\libc.a(lib_a-putc.o)
 .debug_frame   0x000030e4       0x2c c:/program files (x86)/microsemi/softconsole v3.3/sourcery-g++/bin/../lib/gcc/arm-none-eabi/4.4.1/../../../../arm-none-eabi/lib/thumb2\libc.a(lib_a-readr.o)
 .debug_frame   0x00003110       0x3c c:/program files (x86)/microsemi/softconsole v3.3/sourcery-g++/bin/../lib/gcc/arm-none-eabi/4.4.1/../../../../arm-none-eabi/lib/thumb2\libc.a(lib_a-reallocr.o)
 .debug_frame   0x0000314c       0x64 c:/program files (x86)/microsemi/softconsole v3.3/sourcery-g++/bin/../lib/gcc/arm-none-eabi/4.4.1/../../../../arm-none-eabi/lib/thumb2\libc.a(lib_a-reent.o)